Log file created at: 2017/03/28 09:56:34
Running on machine: —“¿—» -œ 
Log line format: [IWEF]mmdd hh:mm:ss.uuuuuu threadid file:line] msg
I0328 09:56:34.443401  9212 c_interface.cc:102] Logging enabled to .
I0328 09:56:34.446404  9212 c_interface.cc:246] Creating MasterModel (id=1)...
I0328 09:56:34.466416  9212 collection_parser.cc:534] CollectionParserConfig.num_threads is automatically set to 4
I0328 09:56:35.593627  9212 c_interface.cc:345] Pass 2d5f3d93-2531-4037-a03e-81b5e5bfe18d to void (__cdecl artm::core::MasterComponent::*)(class std::basic_string<char,struct std::char_traits<char>,class std::allocator<char> > const & __ptr64) __ptr64
I0328 09:56:35.593627  9212 c_interface.cc:359] Pass GatherDictionaryArgs: dictionary_target_name=2d5f3d93-2531-4037-a03e-81b5e5bfe18d, data_path=postnauka_batches, symmetric_cooc_values=0 to void (__cdecl artm::core::MasterComponent::*)(class artm::GatherDictionaryArgs const & __ptr64) __ptr64
I0328 09:56:35.595628  9212 dictionary_operations.cc:235] Found 18 batches in 'postnauka_batches' folder
I0328 09:56:35.731698  9212 dictionary_operations.cc:292] Find 26866 unique tokens in 1728 items
I0328 10:01:20.699090  9212 instance.cc:380] MasterModelConfig.processors_count is automatically set to 4
I0328 10:01:20.700101  9212 c_interface.cc:246] Creating MasterModel (id=2)...
I0328 10:01:20.700101 10668 processor.cc:643] Processor thread started
I0328 10:01:20.700101  4672 processor.cc:643] Processor thread started
I0328 10:01:20.700101  5140 processor.cc:643] Processor thread started
I0328 10:01:20.700101  6340 processor.cc:643] Processor thread started
I0328 10:01:20.745121  4672 processor.cc:659] No data in processing queue, waiting...
I0328 10:01:20.745121  5140 processor.cc:659] No data in processing queue, waiting...
I0328 10:01:20.745121  6340 processor.cc:659] No data in processing queue, waiting...
I0328 10:01:20.747139 10668 processor.cc:659] No data in processing queue, waiting...
I0328 10:03:29.540441  9212 c_interface.cc:246] Creating MasterModel (id=3)...
I0328 10:03:32.416581  9212 c_interface.cc:205] ArtmCopyRequestedMessage is copying 159 bytes...
I0328 10:03:32.420590  9212 c_interface.cc:205] ArtmCopyRequestedMessage is copying 159 bytes...
I0328 10:03:35.168534  9212 c_interface.cc:205] ArtmCopyRequestedMessage is copying 159 bytes...
I0328 10:03:35.172534  9212 c_interface.cc:205] ArtmCopyRequestedMessage is copying 159 bytes...
I0328 10:03:58.752185  9212 c_interface.cc:205] ArtmCopyRequestedMessage is copying 159 bytes...
I0328 10:03:58.756186  9212 c_interface.cc:205] ArtmCopyRequestedMessage is copying 159 bytes...
I0328 10:04:16.485270  9212 c_interface.cc:246] Creating MasterModel (id=4)...
I0328 10:04:16.485270  9212 c_interface.cc:345] Pass dictionary to void (__cdecl artm::core::MasterComponent::*)(class std::basic_string<char,struct std::char_traits<char>,class std::allocator<char> > const & __ptr64) __ptr64
I0328 10:04:16.485270  9212 c_interface.cc:309] Disposing MasterComponent (id=3)...
I0328 10:04:16.485270  9212 c_interface.cc:345] Pass dictionary to void (__cdecl artm::core::MasterComponent::*)(class std::basic_string<char,struct std::char_traits<char>,class std::allocator<char> > const & __ptr64) __ptr64
I0328 10:04:16.486271  9212 c_interface.cc:359] Pass GatherDictionaryArgs: dictionary_target_name=dictionary, data_path=postnauka_batches, symmetric_cooc_values=0 to void (__cdecl artm::core::MasterComponent::*)(class artm::GatherDictionaryArgs const & __ptr64) __ptr64
I0328 10:04:16.487272  9212 dictionary_operations.cc:235] Found 18 batches in 'postnauka_batches' folder
I0328 10:04:16.668392  9212 dictionary_operations.cc:292] Find 26866 unique tokens in 1728 items
I0328 10:04:30.433784  9212 c_interface.cc:246] Creating MasterModel (id=5)...
I0328 10:04:30.433784  9212 c_interface.cc:345] Pass dictionary to void (__cdecl artm::core::MasterComponent::*)(class std::basic_string<char,struct std::char_traits<char>,class std::allocator<char> > const & __ptr64) __ptr64
I0328 10:04:30.441788  9212 c_interface.cc:309] Disposing MasterComponent (id=4)...
I0328 10:04:30.441788  9212 c_interface.cc:345] Pass dictionary to void (__cdecl artm::core::MasterComponent::*)(class std::basic_string<char,struct std::char_traits<char>,class std::allocator<char> > const & __ptr64) __ptr64
I0328 10:04:30.441788  9212 c_interface.cc:359] Pass GatherDictionaryArgs: dictionary_target_name=dictionary, data_path=postnauka_batches, symmetric_cooc_values=0 to void (__cdecl artm::core::MasterComponent::*)(class artm::GatherDictionaryArgs const & __ptr64) __ptr64
I0328 10:04:30.443815  9212 dictionary_operations.cc:235] Found 18 batches in 'postnauka_batches' folder
I0328 10:04:30.600025  9212 dictionary_operations.cc:292] Find 26866 unique tokens in 1728 items
I0328 10:04:33.606595  9212 c_interface.cc:246] Creating MasterModel (id=6)...
I0328 10:04:33.606595  9212 c_interface.cc:345] Pass dictionary to void (__cdecl artm::core::MasterComponent::*)(class std::basic_string<char,struct std::char_traits<char>,class std::allocator<char> > const & __ptr64) __ptr64
I0328 10:04:33.614600  9212 c_interface.cc:309] Disposing MasterComponent (id=5)...
I0328 10:04:33.614600  9212 c_interface.cc:345] Pass dictionary to void (__cdecl artm::core::MasterComponent::*)(class std::basic_string<char,struct std::char_traits<char>,class std::allocator<char> > const & __ptr64) __ptr64
I0328 10:04:33.615600  9212 c_interface.cc:359] Pass GatherDictionaryArgs: dictionary_target_name=dictionary, data_path=postnauka_batches, symmetric_cooc_values=0 to void (__cdecl artm::core::MasterComponent::*)(class artm::GatherDictionaryArgs const & __ptr64) __ptr64
I0328 10:04:33.616600  9212 dictionary_operations.cc:235] Found 18 batches in 'postnauka_batches' folder
I0328 10:04:33.808830  9212 dictionary_operations.cc:292] Find 26866 unique tokens in 1728 items
I0328 10:07:33.338502  9212 instance.cc:380] MasterModelConfig.processors_count is automatically set to 4
I0328 10:07:33.338502  9212 c_interface.cc:246] Creating MasterModel (id=7)...
I0328 10:07:33.338502   952 processor.cc:643] Processor thread started
I0328 10:07:33.339500  3948 processor.cc:643] Processor thread started
I0328 10:07:33.339500  2852 processor.cc:643] Processor thread started
I0328 10:07:33.339500  5960 processor.cc:643] Processor thread started
I0328 10:07:33.341543 10668 processor.cc:651] Processor thread stopped
I0328 10:07:33.341543 10668 processor.cc:652] Total number of processed batches: 0
I0328 10:07:33.360514  4672 processor.cc:651] Processor thread stopped
I0328 10:07:33.360514  4672 processor.cc:652] Total number of processed batches: 0
I0328 10:07:33.361562  5140 processor.cc:651] Processor thread stopped
I0328 10:07:33.361562  5140 processor.cc:652] Total number of processed batches: 0
I0328 10:07:33.363561  6340 processor.cc:651] Processor thread stopped
I0328 10:07:33.363561  6340 processor.cc:652] Total number of processed batches: 0
I0328 10:07:33.363561  9212 c_interface.cc:309] Disposing MasterComponent (id=2)...
I0328 10:07:33.377570  5960 processor.cc:659] No data in processing queue, waiting...
I0328 10:07:33.377570  2852 processor.cc:659] No data in processing queue, waiting...
I0328 10:07:33.377570   952 processor.cc:659] No data in processing queue, waiting...
I0328 10:07:33.377570  3948 processor.cc:659] No data in processing queue, waiting...
I0328 10:07:37.091840  9212 c_interface.cc:246] Creating MasterModel (id=8)...
I0328 10:07:37.092839  9212 c_interface.cc:345] Pass dictionary to void (__cdecl artm::core::MasterComponent::*)(class std::basic_string<char,struct std::char_traits<char>,class std::allocator<char> > const & __ptr64) __ptr64
I0328 10:07:37.100845  9212 c_interface.cc:309] Disposing MasterComponent (id=6)...
I0328 10:07:37.100845  9212 c_interface.cc:345] Pass dictionary to void (__cdecl artm::core::MasterComponent::*)(class std::basic_string<char,struct std::char_traits<char>,class std::allocator<char> > const & __ptr64) __ptr64
I0328 10:07:37.100845  9212 c_interface.cc:359] Pass GatherDictionaryArgs: dictionary_target_name=dictionary, data_path=postnauka_batches, symmetric_cooc_values=0 to void (__cdecl artm::core::MasterComponent::*)(class artm::GatherDictionaryArgs const & __ptr64) __ptr64
I0328 10:07:37.102846  9212 dictionary_operations.cc:235] Found 18 batches in 'postnauka_batches' folder
I0328 10:07:37.279984  9212 dictionary_operations.cc:292] Find 26866 unique tokens in 1728 items
I0328 10:07:42.300765  9212 c_interface.cc:359] Pass MasterModelConfig: topic_name_size=30, class=(text:1), class=(author:1), score_config_size=2, num_processors=0, pwt_name=pwt, nwt_name=nwt, num_document_passes=10, reuse_theta=no, cache_theta=no, opt_for_avx=yes, disk_cache_path to void (__cdecl artm::core::MasterComponent::*)(class artm::MasterModelConfig const & __ptr64) __ptr64
I0328 10:07:42.300765  9212 instance.cc:380] MasterModelConfig.processors_count is automatically set to 4
I0328 10:07:42.301723  9212 c_interface.cc:359] Pass MasterModelConfig: topic_name_size=30, class=(text:1), class=(author:1), score_config_size=3, num_processors=0, pwt_name=pwt, nwt_name=nwt, num_document_passes=10, reuse_theta=no, cache_theta=no, opt_for_avx=yes, disk_cache_path to void (__cdecl artm::core::MasterComponent::*)(class artm::MasterModelConfig const & __ptr64) __ptr64
I0328 10:07:42.301723  9212 instance.cc:380] MasterModelConfig.processors_count is automatically set to 4
I0328 10:08:14.346020  9212 c_interface.cc:359] Pass MasterModelConfig: topic_name_size=30, class=(text:1), class=(author:1), score_config_size=4, num_processors=0, pwt_name=pwt, nwt_name=nwt, num_document_passes=10, reuse_theta=no, cache_theta=no, opt_for_avx=yes, disk_cache_path to void (__cdecl artm::core::MasterComponent::*)(class artm::MasterModelConfig const & __ptr64) __ptr64
I0328 10:08:14.346992  9212 instance.cc:380] MasterModelConfig.processors_count is automatically set to 4
I0328 10:08:14.348021  9212 c_interface.cc:359] Pass MasterModelConfig: topic_name_size=30, class=(text:1), class=(author:1), score_config_size=5, num_processors=0, pwt_name=pwt, nwt_name=nwt, num_document_passes=10, reuse_theta=no, cache_theta=no, opt_for_avx=yes, disk_cache_path to void (__cdecl artm::core::MasterComponent::*)(class artm::MasterModelConfig const & __ptr64) __ptr64
I0328 10:08:14.348021  9212 instance.cc:380] MasterModelConfig.processors_count is automatically set to 4
I0328 10:11:09.899963  9212 c_interface.cc:359] Pass MasterModelConfig: topic_name_size=30, class=(text:1), class=(author:1), score_config_size=5, num_processors=0, pwt_name=pwt, nwt_name=nwt, num_document_passes=10, regularizer=(SmoothPhi:100000), reuse_theta=no, cache_theta=no, opt_for_avx=yes, disk_cache_path to void (__cdecl artm::core::MasterComponent::*)(class artm::MasterModelConfig const & __ptr64) __ptr64
I0328 10:11:09.899963  9212 instance.cc:380] MasterModelConfig.processors_count is automatically set to 4
I0328 10:11:09.900964  9212 instance.cc:223] Regularizer 'SmoothPhi' was cold-reconfigured
I0328 10:11:33.167889  9212 c_interface.cc:205] ArtmCopyRequestedMessage is copying 924 bytes...
I0328 10:11:33.171913  9212 c_interface.cc:205] ArtmCopyRequestedMessage is copying 924 bytes...
I0328 10:12:09.028286  9212 c_interface.cc:246] Creating MasterModel (id=9)...
I0328 10:12:09.028286  9212 c_interface.cc:345] Pass dictionary to void (__cdecl artm::core::MasterComponent::*)(class std::basic_string<char,struct std::char_traits<char>,class std::allocator<char> > const & __ptr64) __ptr64
I0328 10:12:09.036265  9212 c_interface.cc:309] Disposing MasterComponent (id=8)...
I0328 10:12:09.036265  9212 c_interface.cc:345] Pass dictionary to void (__cdecl artm::core::MasterComponent::*)(class std::basic_string<char,struct std::char_traits<char>,class std::allocator<char> > const & __ptr64) __ptr64
I0328 10:12:09.037266  9212 c_interface.cc:359] Pass GatherDictionaryArgs: dictionary_target_name=dictionary, data_path=postnauka_batches, symmetric_cooc_values=0 to void (__cdecl artm::core::MasterComponent::*)(class artm::GatherDictionaryArgs const & __ptr64) __ptr64
I0328 10:12:09.038266  9212 dictionary_operations.cc:235] Found 18 batches in 'postnauka_batches' folder
I0328 10:12:09.206501  9212 dictionary_operations.cc:292] Find 26866 unique tokens in 1728 items
I0328 10:12:09.276513  9212 c_interface.cc:345] Pass pwt to void (__cdecl artm::core::MasterComponent::*)(class std::basic_string<char,struct std::char_traits<char>,class std::allocator<char> > const & __ptr64) __ptr64
I0328 10:12:09.276513  9212 c_interface.cc:345] Pass nwt to void (__cdecl artm::core::MasterComponent::*)(class std::basic_string<char,struct std::char_traits<char>,class std::allocator<char> > const & __ptr64) __ptr64
I0328 10:12:09.278513  9212 c_interface.cc:359] Pass InitializeModelArgs: model_name=pwt, dictionary_name=dictionary, topic_name_size=30 to void (__cdecl artm::core::MasterComponent::*)(class artm::InitializeModelArgs const & __ptr64) __ptr64
I0328 10:12:09.450136  9212 master_component.cc:502] InitializeModel() created matrix pwt with 30 topics and 26866 tokens; 
I0328 10:12:09.452141  9212 c_interface.cc:359] Pass InitializeModelArgs: model_name=nwt, dictionary_name=dictionary, topic_name_size=30 to void (__cdecl artm::core::MasterComponent::*)(class artm::InitializeModelArgs const & __ptr64) __ptr64
I0328 10:12:09.624173  9212 master_component.cc:502] InitializeModel() created matrix nwt with 30 topics and 26866 tokens; 
I0328 10:12:09.626127  9212 phi_matrix_operations.cc:82] RetrieveExternalTopicModel() with 30 topics, 26866 tokens
I0328 10:12:09.654135  9212 c_interface.cc:205] ArtmCopyRequestedMessage is copying 825334 bytes...
I0328 10:12:19.998175  4668 c_interface.cc:359] Pass FitOfflineMasterModelArgs, batch_filename_size=18, batch_weight_size=18, num_collection_passes=1 to void (__cdecl artm::core::MasterComponent::*)(class artm::FitOfflineMasterModelArgs const & __ptr64) __ptr64
I0328 10:12:19.998175  4668 master_component.cc:1162] ProcessBatchesArgs: nwt_target_name=nwt, batch_filename_size=18, batch_size=0, batch_weight_size=18, pwt_source_name=pwt, num_document_passes=10, regularizer=(name:SmoothPhi, tau:100000), class=(text:1), class=(author:1), reuse_theta=no, opt_for_avx=yes, predict_class_id=
I0328 10:12:20.076225  3948 processor.cc:666] Processing queue has data, processing started
I0328 10:12:20.076225  5960 processor.cc:666] Processing queue has data, processing started
I0328 10:12:20.076225   952 processor.cc:666] Processing queue has data, processing started
I0328 10:12:20.076225  2852 processor.cc:666] Processing queue has data, processing started
I0328 10:12:20.080231  3948 processor.cc:742] Processor: start processing batch f4b88e62-7df8-46b2-9697-baa73cdeec2d into model nwt
I0328 10:12:20.081231   952 processor.cc:742] Processor: start processing batch ae5a39f4-03a1-41a7-940a-0f3e64b23abc into model nwt
I0328 10:12:20.081231  5960 processor.cc:742] Processor: start processing batch 027a37fc-5f6f-4537-9c56-5bd27f14f40d into model nwt
I0328 10:12:20.089236  2852 processor.cc:742] Processor: start processing batch e45fdb57-03a7-41cc-87cc-e23eb2d63c0d into model nwt
I0328 10:12:20.101289  3948 processor.cc:830] Processor: complete processing batch f4b88e62-7df8-46b2-9697-baa73cdeec2d into model nwt
I0328 10:12:20.101289  3948 cuckoo_watch.h:44] 25ms in ProcessBatch(postnauka_batches\aaaaaa.batch) [including 1ms in LoadMessage; 0ms in InitializeSparseNdw; 14ms in InferThetaAndUpdateNwtSparse; 6ms in CalculateScore(^^^ItemsProcessedScore^^^); ]
I0328 10:12:20.105290  3948 processor.cc:742] Processor: start processing batch a34c598b-ac95-44eb-9888-2a11d6af6a9b into model nwt
I0328 10:12:20.119292  5960 processor.cc:830] Processor: complete processing batch 027a37fc-5f6f-4537-9c56-5bd27f14f40d into model nwt
I0328 10:12:20.119292  5960 cuckoo_watch.h:44] 44ms in ProcessBatch(postnauka_batches\aaaaab.batch) [including 3ms in LoadMessage; 1ms in InitializeSparseNdw; 24ms in InferThetaAndUpdateNwtSparse; 12ms in CalculateScore(^^^ItemsProcessedScore^^^); ]
I0328 10:12:20.125295   952 processor.cc:830] Processor: complete processing batch ae5a39f4-03a1-41a7-940a-0f3e64b23abc into model nwt
I0328 10:12:20.125295   952 cuckoo_watch.h:44] 49ms in ProcessBatch(postnauka_batches\aaaaad.batch) [including 3ms in LoadMessage; 1ms in InitializeSparseNdw; 28ms in InferThetaAndUpdateNwtSparse; 13ms in CalculateScore(^^^ItemsProcessedScore^^^); ]
I0328 10:12:20.125295  5960 processor.cc:742] Processor: start processing batch 625d9548-de58-41f6-9a8b-73883aad44f5 into model nwt
I0328 10:12:20.131297   952 processor.cc:742] Processor: start processing batch 6a732493-3d37-4246-8708-885905eae389 into model nwt
I0328 10:12:20.135295  2852 processor.cc:830] Processor: complete processing batch e45fdb57-03a7-41cc-87cc-e23eb2d63c0d into model nwt
I0328 10:12:20.135295  2852 cuckoo_watch.h:44] 52ms in ProcessBatch(postnauka_batches\aaaaac.batch) [including 3ms in LoadMessage; 2ms in InitializeSparseNdw; 29ms in InferThetaAndUpdateNwtSparse; 14ms in CalculateScore(^^^ItemsProcessedScore^^^); ]
I0328 10:12:20.141296  2852 processor.cc:742] Processor: start processing batch 1c99c109-a85f-4947-a5c3-8dba04e0b6b0 into model nwt
I0328 10:12:20.145297  3948 processor.cc:830] Processor: complete processing batch a34c598b-ac95-44eb-9888-2a11d6af6a9b into model nwt
I0328 10:12:20.145297  3948 cuckoo_watch.h:44] 44ms in ProcessBatch(postnauka_batches\aaaaae.batch) [including 2ms in LoadMessage; 1ms in InitializeSparseNdw; 24ms in InferThetaAndUpdateNwtSparse; 12ms in CalculateScore(^^^ItemsProcessedScore^^^); ]
I0328 10:12:20.151298  3948 processor.cc:742] Processor: start processing batch b2b91af0-64c9-4e65-a418-2f65b417fc91 into model nwt
I0328 10:12:20.171301  5960 processor.cc:830] Processor: complete processing batch 625d9548-de58-41f6-9a8b-73883aad44f5 into model nwt
I0328 10:12:20.173302  5960 cuckoo_watch.h:44] 52ms in ProcessBatch(postnauka_batches\aaaaaf.batch) [including 3ms in LoadMessage; 2ms in InitializeSparseNdw; 28ms in InferThetaAndUpdateNwtSparse; 15ms in CalculateScore(^^^ItemsProcessedScore^^^); ]
I0328 10:12:20.179304  5960 processor.cc:742] Processor: start processing batch 1f1929c0-e2e7-4482-ae1d-7c083b5bbb21 into model nwt
I0328 10:12:20.195305  2852 processor.cc:830] Processor: complete processing batch 1c99c109-a85f-4947-a5c3-8dba04e0b6b0 into model nwt
I0328 10:12:20.195305  3948 processor.cc:830] Processor: complete processing batch b2b91af0-64c9-4e65-a418-2f65b417fc91 into model nwt
I0328 10:12:20.195305  2852 cuckoo_watch.h:44] 59ms in ProcessBatch(postnauka_batches\aaaaah.batch) [including 3ms in LoadMessage; 2ms in InitializeSparseNdw; 34ms in InferThetaAndUpdateNwtSparse; 16ms in CalculateScore(^^^ItemsProcessedScore^^^); ]
I0328 10:12:20.195305  3948 cuckoo_watch.h:44] 49ms in ProcessBatch(postnauka_batches\aaaaai.batch) [including 3ms in LoadMessage; 1ms in InitializeSparseNdw; 28ms in InferThetaAndUpdateNwtSparse; 13ms in CalculateScore(^^^ItemsProcessedScore^^^); ]
I0328 10:12:20.197307   952 processor.cc:830] Processor: complete processing batch 6a732493-3d37-4246-8708-885905eae389 into model nwt
I0328 10:12:20.199307   952 cuckoo_watch.h:44] 73ms in ProcessBatch(postnauka_batches\aaaaag.batch) [including 3ms in LoadMessage; 3ms in InitializeSparseNdw; 41ms in InferThetaAndUpdateNwtSparse; 21ms in CalculateScore(^^^ItemsProcessedScore^^^); ]
I0328 10:12:20.206902  2852 processor.cc:742] Processor: start processing batch ed18d3cc-3684-4c1c-a2aa-bddad46c76bd into model nwt
I0328 10:12:20.207903  3948 processor.cc:742] Processor: start processing batch 6ea5f84c-50e9-4d3b-8860-6b1f8e3ddf23 into model nwt
I0328 10:12:20.213907   952 processor.cc:742] Processor: start processing batch bc17fd9b-7971-426b-b0e1-cf653d52b2f3 into model nwt
I0328 10:12:20.279011  5960 processor.cc:830] Processor: complete processing batch 1f1929c0-e2e7-4482-ae1d-7c083b5bbb21 into model nwt
I0328 10:12:20.281011  5960 cuckoo_watch.h:44] 108ms in ProcessBatch(postnauka_batches\aaaaaj.batch) [including 5ms in LoadMessage; 4ms in InitializeSparseNdw; 64ms in InferThetaAndUpdateNwtSparse; 30ms in CalculateScore(^^^ItemsProcessedScore^^^); ]
I0328 10:12:20.291015  5960 processor.cc:742] Processor: start processing batch 8f24d426-3d84-486b-b532-d92980f3aca1 into model nwt
I0328 10:12:20.399034  2852 processor.cc:830] Processor: complete processing batch ed18d3cc-3684-4c1c-a2aa-bddad46c76bd into model nwt
I0328 10:12:20.401033  2852 cuckoo_watch.h:44] 204ms in ProcessBatch(postnauka_batches\aaaaak.batch) [including 8ms in LoadMessage; 10ms in InitializeSparseNdw; 125ms in InferThetaAndUpdateNwtSparse; 55ms in CalculateScore(^^^ItemsProcessedScore^^^); ]
I0328 10:12:20.403034  3948 processor.cc:830] Processor: complete processing batch 6ea5f84c-50e9-4d3b-8860-6b1f8e3ddf23 into model nwt
I0328 10:12:20.405035   952 processor.cc:830] Processor: complete processing batch bc17fd9b-7971-426b-b0e1-cf653d52b2f3 into model nwt
I0328 10:12:20.405035  3948 cuckoo_watch.h:44] 209ms in ProcessBatch(postnauka_batches\aaaaal.batch) [including 9ms in LoadMessage; 10ms in InitializeSparseNdw; 129ms in InferThetaAndUpdateNwtSparse; 55ms in CalculateScore(^^^ItemsProcessedScore^^^); ]
I0328 10:12:20.407037   952 cuckoo_watch.h:44] 208ms in ProcessBatch(postnauka_batches\aaaaam.batch) [including 12ms in LoadMessage; 9ms in InitializeSparseNdw; 124ms in InferThetaAndUpdateNwtSparse; 57ms in CalculateScore(^^^ItemsProcessedScore^^^); ]
I0328 10:12:20.411037  2852 processor.cc:742] Processor: start processing batch 9adade7b-49ce-4897-84bf-13f6c54576c0 into model nwt
I0328 10:12:20.411037   952 processor.cc:742] Processor: start processing batch 8fecf032-5deb-4771-8461-2fc0f797739c into model nwt
I0328 10:12:20.415040  3948 processor.cc:742] Processor: start processing batch 66b90acf-66f5-4276-b38a-2aca6669154b into model nwt
I0328 10:12:20.439039   952 processor.cc:830] Processor: complete processing batch 8fecf032-5deb-4771-8461-2fc0f797739c into model nwt
I0328 10:12:20.439039   952 cuckoo_watch.h:44] 32ms in ProcessBatch(postnauka_batches\aaaaaq.batch) [including 1ms in LoadMessage; 1ms in InitializeSparseNdw; 18ms in InferThetaAndUpdateNwtSparse; 8ms in CalculateScore(^^^ItemsProcessedScore^^^); ]
I0328 10:12:20.441041   952 processor.cc:742] Processor: start processing batch 298762c0-aa02-4b31-9967-2fb8ac00d0f4 into model nwt
I0328 10:12:20.447041   952 processor.cc:830] Processor: complete processing batch 298762c0-aa02-4b31-9967-2fb8ac00d0f4 into model nwt
I0328 10:12:20.447041   952 cuckoo_watch.h:44] 8ms in ProcessBatch(postnauka_batches\aaaaar.batch) [including 0ms in LoadMessage; 0ms in InitializeSparseNdw; 3ms in InferThetaAndUpdateNwtSparse; 1ms in CalculateScore(^^^ItemsProcessedScore^^^); ]
I0328 10:12:20.457044  5960 processor.cc:830] Processor: complete processing batch 8f24d426-3d84-486b-b532-d92980f3aca1 into model nwt
I0328 10:12:20.459044  5960 cuckoo_watch.h:44] 177ms in ProcessBatch(postnauka_batches\aaaaan.batch) [including 7ms in LoadMessage; 7ms in InitializeSparseNdw; 102ms in InferThetaAndUpdateNwtSparse; 55ms in CalculateScore(^^^ItemsProcessedScore^^^); ]
I0328 10:12:20.515056   952 processor.cc:659] No data in processing queue, waiting...
I0328 10:12:20.527057  2852 processor.cc:830] Processor: complete processing batch 9adade7b-49ce-4897-84bf-13f6c54576c0 into model nwt
I0328 10:12:20.527057  3948 processor.cc:830] Processor: complete processing batch 66b90acf-66f5-4276-b38a-2aca6669154b into model nwt
I0328 10:12:20.529058  2852 cuckoo_watch.h:44] 128ms in ProcessBatch(postnauka_batches\aaaaao.batch) [including 7ms in LoadMessage; 6ms in InitializeSparseNdw; 77ms in InferThetaAndUpdateNwtSparse; 32ms in CalculateScore(^^^ItemsProcessedScore^^^); ]
I0328 10:12:20.531057  5960 processor.cc:659] No data in processing queue, waiting...
I0328 10:12:20.531057  3948 cuckoo_watch.h:44] 124ms in ProcessBatch(postnauka_batches\aaaaap.batch) [including 6ms in LoadMessage; 6ms in InitializeSparseNdw; 73ms in InferThetaAndUpdateNwtSparse; 33ms in CalculateScore(^^^ItemsProcessedScore^^^); ]
I0328 10:12:20.533057  4668 master_component.cc:1200] RegularizeModelArgs: rwt_target_name=rwt, pwt_source_name=pwt, nwt_source_name=nwt
I0328 10:12:20.533057  4668 master_component.cc:785] MasterComponent: start regularizing model pwt
I0328 10:12:20.607071  2852 processor.cc:659] No data in processing queue, waiting...
I0328 10:12:20.615072  3948 processor.cc:659] No data in processing queue, waiting...
I0328 10:12:20.681133  4668 master_component.cc:808] MasterComponent: complete regularizing model pwt
I0328 10:12:20.681133  4668 master_component.cc:1211] NormalizeModelArgs: pwt_target_name=pwt, nwt_source_name=nwt, rwt_source_name=rwt
I0328 10:12:20.681133  4668 master_component.cc:812] MasterComponent: start normalizing model nwt
I0328 10:12:20.767103  4668 master_component.cc:834] MasterComponent: complete normalizing model nwt
I0328 10:12:20.999246  9212 c_interface.cc:523] Pass GetScoreValueArgs, score_name=^^^ItemsProcessedScore^^^ to MasterComponent::Request
I0328 10:12:20.999246  9212 c_interface.cc:205] ArtmCopyRequestedMessage is copying 54 bytes...
I0328 10:12:21.186352  4668 master_component.cc:1235] DisposeModel rwt
I0328 10:12:21.194310  4668 master_component.cc:858] FitOffline: ItemsProcessed, num_items=1728, num_batches=18, token_weight=808522, token_weight_in_effect=808522
I0328 10:12:21.194310  9212 c_interface.cc:523] Pass GetScoreValueArgs, score_name=^^^ItemsProcessedScore^^^ to MasterComponent::Request
I0328 10:12:21.194310  9212 c_interface.cc:205] ArtmCopyRequestedMessage is copying 54 bytes...
I0328 10:12:21.196308  4668 c_interface.cc:359] Pass FitOfflineMasterModelArgs, batch_filename_size=18, batch_weight_size=18, num_collection_passes=1 to void (__cdecl artm::core::MasterComponent::*)(class artm::FitOfflineMasterModelArgs const & __ptr64) __ptr64
I0328 10:12:21.196308  4668 master_component.cc:1162] ProcessBatchesArgs: nwt_target_name=nwt, batch_filename_size=18, batch_size=0, batch_weight_size=18, pwt_source_name=pwt, num_document_passes=10, regularizer=(name:SmoothPhi, tau:100000), class=(text:1), class=(author:1), reuse_theta=no, opt_for_avx=yes, predict_class_id=
I0328 10:12:21.262082  5960 processor.cc:666] Processing queue has data, processing started
I0328 10:12:21.262082   952 processor.cc:666] Processing queue has data, processing started
I0328 10:12:21.262082  2852 processor.cc:666] Processing queue has data, processing started
I0328 10:12:21.264083  3948 processor.cc:666] Processing queue has data, processing started
I0328 10:12:21.266088  2852 processor.cc:742] Processor: start processing batch f4b88e62-7df8-46b2-9697-baa73cdeec2d into model nwt
I0328 10:12:21.267088  5960 processor.cc:742] Processor: start processing batch e45fdb57-03a7-41cc-87cc-e23eb2d63c0d into model nwt
I0328 10:12:21.267088   952 processor.cc:742] Processor: start processing batch 027a37fc-5f6f-4537-9c56-5bd27f14f40d into model nwt
I0328 10:12:21.270162  3948 processor.cc:742] Processor: start processing batch ae5a39f4-03a1-41a7-940a-0f3e64b23abc into model nwt
I0328 10:12:21.284163  2852 processor.cc:830] Processor: complete processing batch f4b88e62-7df8-46b2-9697-baa73cdeec2d into model nwt
I0328 10:12:21.286164  2852 cuckoo_watch.h:44] 24ms in ProcessBatch(postnauka_batches\aaaaaa.batch) [including 1ms in LoadMessage; 0ms in InitializeSparseNdw; 12ms in InferThetaAndUpdateNwtSparse; 6ms in CalculateScore(^^^ItemsProcessedScore^^^); ]
I0328 10:12:21.290166  2852 processor.cc:742] Processor: start processing batch a34c598b-ac95-44eb-9888-2a11d6af6a9b into model nwt
I0328 10:12:21.306167   952 processor.cc:830] Processor: complete processing batch 027a37fc-5f6f-4537-9c56-5bd27f14f40d into model nwt
I0328 10:12:21.306167   952 cuckoo_watch.h:44] 45ms in ProcessBatch(postnauka_batches\aaaaab.batch) [including 2ms in LoadMessage; 2ms in InitializeSparseNdw; 25ms in InferThetaAndUpdateNwtSparse; 12ms in CalculateScore(^^^ItemsProcessedScore^^^); ]
I0328 10:12:21.312171  5960 processor.cc:830] Processor: complete processing batch e45fdb57-03a7-41cc-87cc-e23eb2d63c0d into model nwt
I0328 10:12:21.312171  3948 processor.cc:830] Processor: complete processing batch ae5a39f4-03a1-41a7-940a-0f3e64b23abc into model nwt
I0328 10:12:21.312171   952 processor.cc:742] Processor: start processing batch 625d9548-de58-41f6-9a8b-73883aad44f5 into model nwt
I0328 10:12:21.312171  5960 cuckoo_watch.h:44] 51ms in ProcessBatch(postnauka_batches\aaaaac.batch) [including 3ms in LoadMessage; 2ms in InitializeSparseNdw; 29ms in InferThetaAndUpdateNwtSparse; 14ms in CalculateScore(^^^ItemsProcessedScore^^^); ]
I0328 10:12:21.312171  3948 cuckoo_watch.h:44] 49ms in ProcessBatch(postnauka_batches\aaaaad.batch) [including 3ms in LoadMessage; 1ms in InitializeSparseNdw; 27ms in InferThetaAndUpdateNwtSparse; 13ms in CalculateScore(^^^ItemsProcessedScore^^^); ]
I0328 10:12:21.318171  5960 processor.cc:742] Processor: start processing batch 6a732493-3d37-4246-8708-885905eae389 into model nwt
I0328 10:12:21.318171  3948 processor.cc:742] Processor: start processing batch 1c99c109-a85f-4947-a5c3-8dba04e0b6b0 into model nwt
I0328 10:12:21.330173  2852 processor.cc:830] Processor: complete processing batch a34c598b-ac95-44eb-9888-2a11d6af6a9b into model nwt
I0328 10:12:21.330173  2852 cuckoo_watch.h:44] 44ms in ProcessBatch(postnauka_batches\aaaaae.batch) [including 2ms in LoadMessage; 1ms in InitializeSparseNdw; 24ms in InferThetaAndUpdateNwtSparse; 12ms in CalculateScore(^^^ItemsProcessedScore^^^); ]
I0328 10:12:21.334173  2852 processor.cc:742] Processor: start processing batch b2b91af0-64c9-4e65-a418-2f65b417fc91 into model nwt
I0328 10:12:21.358177   952 processor.cc:830] Processor: complete processing batch 625d9548-de58-41f6-9a8b-73883aad44f5 into model nwt
I0328 10:12:21.360179   952 cuckoo_watch.h:44] 52ms in ProcessBatch(postnauka_batches\aaaaaf.batch) [including 3ms in LoadMessage; 2ms in InitializeSparseNdw; 29ms in InferThetaAndUpdateNwtSparse; 14ms in CalculateScore(^^^ItemsProcessedScore^^^); ]
I0328 10:12:21.368182   952 processor.cc:742] Processor: start processing batch 1f1929c0-e2e7-4482-ae1d-7c083b5bbb21 into model nwt
I0328 10:12:21.374181  3948 processor.cc:830] Processor: complete processing batch 1c99c109-a85f-4947-a5c3-8dba04e0b6b0 into model nwt
I0328 10:12:21.374181  3948 cuckoo_watch.h:44] 61ms in ProcessBatch(postnauka_batches\aaaaah.batch) [including 3ms in LoadMessage; 2ms in InitializeSparseNdw; 35ms in InferThetaAndUpdateNwtSparse; 17ms in CalculateScore(^^^ItemsProcessedScore^^^); ]
I0328 10:12:21.380182  2852 processor.cc:830] Processor: complete processing batch b2b91af0-64c9-4e65-a418-2f65b417fc91 into model nwt
I0328 10:12:21.380182  2852 cuckoo_watch.h:44] 50ms in ProcessBatch(postnauka_batches\aaaaai.batch) [including 3ms in LoadMessage; 1ms in InitializeSparseNdw; 28ms in InferThetaAndUpdateNwtSparse; 13ms in CalculateScore(^^^ItemsProcessedScore^^^); ]
I0328 10:12:21.384183  5960 processor.cc:830] Processor: complete processing batch 6a732493-3d37-4246-8708-885905eae389 into model nwt
I0328 10:12:21.386186  5960 cuckoo_watch.h:44] 72ms in ProcessBatch(postnauka_batches\aaaaag.batch) [including 3ms in LoadMessage; 3ms in InitializeSparseNdw; 42ms in InferThetaAndUpdateNwtSparse; 21ms in CalculateScore(^^^ItemsProcessedScore^^^); ]
I0328 10:12:21.386186  3948 processor.cc:742] Processor: start processing batch ed18d3cc-3684-4c1c-a2aa-bddad46c76bd into model nwt
I0328 10:12:21.392185  2852 processor.cc:742] Processor: start processing batch 6ea5f84c-50e9-4d3b-8860-6b1f8e3ddf23 into model nwt
I0328 10:12:21.398187  5960 processor.cc:742] Processor: start processing batch bc17fd9b-7971-426b-b0e1-cf653d52b2f3 into model nwt
I0328 10:12:21.466197   952 processor.cc:830] Processor: complete processing batch 1f1929c0-e2e7-4482-ae1d-7c083b5bbb21 into model nwt
I0328 10:12:21.466197   952 cuckoo_watch.h:44] 106ms in ProcessBatch(postnauka_batches\aaaaaj.batch) [including 5ms in LoadMessage; 4ms in InitializeSparseNdw; 63ms in InferThetaAndUpdateNwtSparse; 29ms in CalculateScore(^^^ItemsProcessedScore^^^); ]
I0328 10:12:21.476200   952 processor.cc:742] Processor: start processing batch 8f24d426-3d84-486b-b532-d92980f3aca1 into model nwt
I0328 10:12:21.572217  2852 processor.cc:830] Processor: complete processing batch 6ea5f84c-50e9-4d3b-8860-6b1f8e3ddf23 into model nwt
I0328 10:12:21.574219  3948 processor.cc:830] Processor: complete processing batch ed18d3cc-3684-4c1c-a2aa-bddad46c76bd into model nwt
I0328 10:12:21.574219  2852 cuckoo_watch.h:44] 193ms in ProcessBatch(postnauka_batches\aaaaal.batch) [including 8ms in LoadMessage; 9ms in InitializeSparseNdw; 115ms in InferThetaAndUpdateNwtSparse; 54ms in CalculateScore(^^^ItemsProcessedScore^^^); ]
I0328 10:12:21.576220  3948 cuckoo_watch.h:44] 200ms in ProcessBatch(postnauka_batches\aaaaak.batch) [including 8ms in LoadMessage; 9ms in InitializeSparseNdw; 121ms in InferThetaAndUpdateNwtSparse; 56ms in CalculateScore(^^^ItemsProcessedScore^^^); ]
I0328 10:12:21.582221  2852 processor.cc:742] Processor: start processing batch 9adade7b-49ce-4897-84bf-13f6c54576c0 into model nwt
I0328 10:12:21.584219  3948 processor.cc:742] Processor: start processing batch 66b90acf-66f5-4276-b38a-2aca6669154b into model nwt
I0328 10:12:21.596225  5960 processor.cc:830] Processor: complete processing batch bc17fd9b-7971-426b-b0e1-cf653d52b2f3 into model nwt
I0328 10:12:21.598223  5960 cuckoo_watch.h:44] 211ms in ProcessBatch(postnauka_batches\aaaaam.batch) [including 9ms in LoadMessage; 10ms in InitializeSparseNdw; 128ms in InferThetaAndUpdateNwtSparse; 58ms in CalculateScore(^^^ItemsProcessedScore^^^); ]
I0328 10:12:21.602226  5960 processor.cc:742] Processor: start processing batch 8fecf032-5deb-4771-8461-2fc0f797739c into model nwt
I0328 10:12:21.628228  5960 processor.cc:830] Processor: complete processing batch 8fecf032-5deb-4771-8461-2fc0f797739c into model nwt
I0328 10:12:21.630228  5960 cuckoo_watch.h:44] 32ms in ProcessBatch(postnauka_batches\aaaaaq.batch) [including 2ms in LoadMessage; 1ms in InitializeSparseNdw; 17ms in InferThetaAndUpdateNwtSparse; 8ms in CalculateScore(^^^ItemsProcessedScore^^^); ]
I0328 10:12:21.632230  5960 processor.cc:742] Processor: start processing batch 298762c0-aa02-4b31-9967-2fb8ac00d0f4 into model nwt
I0328 10:12:21.636229   952 processor.cc:830] Processor: complete processing batch 8f24d426-3d84-486b-b532-d92980f3aca1 into model nwt
I0328 10:12:21.638231  5960 processor.cc:830] Processor: complete processing batch 298762c0-aa02-4b31-9967-2fb8ac00d0f4 into model nwt
I0328 10:12:21.638231  5960 cuckoo_watch.h:44] 8ms in ProcessBatch(postnauka_batches\aaaaar.batch) [including 0ms in LoadMessage; 0ms in InitializeSparseNdw; 3ms in InferThetaAndUpdateNwtSparse; 2ms in CalculateScore(^^^ItemsProcessedScore^^^); ]
I0328 10:12:21.640230   952 cuckoo_watch.h:44] 172ms in ProcessBatch(postnauka_batches\aaaaan.batch) [including 7ms in LoadMessage; 8ms in InitializeSparseNdw; 102ms in InferThetaAndUpdateNwtSparse; 49ms in CalculateScore(^^^ItemsProcessedScore^^^); ]
I0328 10:12:21.696240  3948 processor.cc:830] Processor: complete processing batch 66b90acf-66f5-4276-b38a-2aca6669154b into model nwt
I0328 10:12:21.696240  3948 cuckoo_watch.h:44] 121ms in ProcessBatch(postnauka_batches\aaaaap.batch) [including 5ms in LoadMessage; 6ms in InitializeSparseNdw; 78ms in InferThetaAndUpdateNwtSparse; 27ms in CalculateScore(^^^ItemsProcessedScore^^^); ]
I0328 10:12:21.706243  2852 processor.cc:830] Processor: complete processing batch 9adade7b-49ce-4897-84bf-13f6c54576c0 into model nwt
I0328 10:12:21.708245  5960 processor.cc:659] No data in processing queue, waiting...
I0328 10:12:21.708245  2852 cuckoo_watch.h:44] 133ms in ProcessBatch(postnauka_batches\aaaaao.batch) [including 6ms in LoadMessage; 7ms in InitializeSparseNdw; 80ms in InferThetaAndUpdateNwtSparse; 35ms in CalculateScore(^^^ItemsProcessedScore^^^); ]
I0328 10:12:21.710243   952 processor.cc:659] No data in processing queue, waiting...
I0328 10:12:21.710243  4668 master_component.cc:1200] RegularizeModelArgs: rwt_target_name=rwt, pwt_source_name=pwt, nwt_source_name=nwt
I0328 10:12:21.710243  4668 master_component.cc:785] MasterComponent: start regularizing model pwt
I0328 10:12:21.768254  3948 processor.cc:659] No data in processing queue, waiting...
I0328 10:12:21.778256  2852 processor.cc:659] No data in processing queue, waiting...
I0328 10:12:21.854269  4668 master_component.cc:808] MasterComponent: complete regularizing model pwt
I0328 10:12:21.854269  4668 master_component.cc:1211] NormalizeModelArgs: pwt_target_name=pwt, nwt_source_name=nwt, rwt_source_name=rwt
I0328 10:12:21.854269  4668 master_component.cc:812] MasterComponent: start normalizing model nwt
I0328 10:12:21.932286  4668 master_component.cc:834] MasterComponent: complete normalizing model nwt
I0328 10:12:22.196377  9212 c_interface.cc:523] Pass GetScoreValueArgs, score_name=^^^ItemsProcessedScore^^^ to MasterComponent::Request
I0328 10:12:22.196377  9212 c_interface.cc:205] ArtmCopyRequestedMessage is copying 54 bytes...
I0328 10:12:22.338359  4668 master_component.cc:1235] DisposeModel rwt
I0328 10:12:22.344367  4668 master_component.cc:858] FitOffline: ItemsProcessed, num_items=1728, num_batches=18, token_weight=808522, token_weight_in_effect=808522
I0328 10:12:22.346360  9212 c_interface.cc:523] Pass GetScoreValueArgs, score_name=^^^ItemsProcessedScore^^^ to MasterComponent::Request
I0328 10:12:22.346360  9212 c_interface.cc:205] ArtmCopyRequestedMessage is copying 54 bytes...
I0328 10:12:22.346360  4668 c_interface.cc:359] Pass FitOfflineMasterModelArgs, batch_filename_size=18, batch_weight_size=18, num_collection_passes=1 to void (__cdecl artm::core::MasterComponent::*)(class artm::FitOfflineMasterModelArgs const & __ptr64) __ptr64
I0328 10:12:22.346360  4668 master_component.cc:1162] ProcessBatchesArgs: nwt_target_name=nwt, batch_filename_size=18, batch_size=0, batch_weight_size=18, pwt_source_name=pwt, num_document_passes=10, regularizer=(name:SmoothPhi, tau:100000), class=(text:1), class=(author:1), reuse_theta=no, opt_for_avx=yes, predict_class_id=
I0328 10:12:22.414371  5960 processor.cc:666] Processing queue has data, processing started
I0328 10:12:22.414371  3948 processor.cc:666] Processing queue has data, processing started
I0328 10:12:22.414371   952 processor.cc:666] Processing queue has data, processing started
I0328 10:12:22.414371  2852 processor.cc:666] Processing queue has data, processing started
I0328 10:12:22.418377  3948 processor.cc:742] Processor: start processing batch f4b88e62-7df8-46b2-9697-baa73cdeec2d into model nwt
I0328 10:12:22.418377  5960 processor.cc:742] Processor: start processing batch 027a37fc-5f6f-4537-9c56-5bd27f14f40d into model nwt
I0328 10:12:22.418377   952 processor.cc:742] Processor: start processing batch e45fdb57-03a7-41cc-87cc-e23eb2d63c0d into model nwt
I0328 10:12:22.420377  2852 processor.cc:742] Processor: start processing batch ae5a39f4-03a1-41a7-940a-0f3e64b23abc into model nwt
I0328 10:12:22.438377  3948 processor.cc:830] Processor: complete processing batch f4b88e62-7df8-46b2-9697-baa73cdeec2d into model nwt
I0328 10:12:22.438377  3948 cuckoo_watch.h:44] 25ms in ProcessBatch(postnauka_batches\aaaaaa.batch) [including 1ms in LoadMessage; 0ms in InitializeSparseNdw; 13ms in InferThetaAndUpdateNwtSparse; 6ms in CalculateScore(^^^ItemsProcessedScore^^^); ]
I0328 10:12:22.444381  3948 processor.cc:742] Processor: start processing batch a34c598b-ac95-44eb-9888-2a11d6af6a9b into model nwt
I0328 10:12:22.458380  5960 processor.cc:830] Processor: complete processing batch 027a37fc-5f6f-4537-9c56-5bd27f14f40d into model nwt
I0328 10:12:22.458380  5960 cuckoo_watch.h:44] 45ms in ProcessBatch(postnauka_batches\aaaaab.batch) [including 3ms in LoadMessage; 1ms in InitializeSparseNdw; 25ms in InferThetaAndUpdateNwtSparse; 12ms in CalculateScore(^^^ItemsProcessedScore^^^); ]
I0328 10:12:22.462381  2852 processor.cc:830] Processor: complete processing batch ae5a39f4-03a1-41a7-940a-0f3e64b23abc into model nwt
I0328 10:12:22.462381  2852 cuckoo_watch.h:44] 49ms in ProcessBatch(postnauka_batches\aaaaad.batch) [including 3ms in LoadMessage; 2ms in InitializeSparseNdw; 27ms in InferThetaAndUpdateNwtSparse; 13ms in CalculateScore(^^^ItemsProcessedScore^^^); ]
I0328 10:12:22.464385  5960 processor.cc:742] Processor: start processing batch 625d9548-de58-41f6-9a8b-73883aad44f5 into model nwt
I0328 10:12:22.466384   952 processor.cc:830] Processor: complete processing batch e45fdb57-03a7-41cc-87cc-e23eb2d63c0d into model nwt
I0328 10:12:22.468384   952 cuckoo_watch.h:44] 54ms in ProcessBatch(postnauka_batches\aaaaac.batch) [including 3ms in LoadMessage; 2ms in InitializeSparseNdw; 32ms in InferThetaAndUpdateNwtSparse; 14ms in CalculateScore(^^^ItemsProcessedScore^^^); ]
I0328 10:12:22.468384  2852 processor.cc:742] Processor: start processing batch 6a732493-3d37-4246-8708-885905eae389 into model nwt
I0328 10:12:22.474385   952 processor.cc:742] Processor: start processing batch 1c99c109-a85f-4947-a5c3-8dba04e0b6b0 into model nwt
I0328 10:12:22.484385  3948 processor.cc:830] Processor: complete processing batch a34c598b-ac95-44eb-9888-2a11d6af6a9b into model nwt
I0328 10:12:22.484385  3948 cuckoo_watch.h:44] 46ms in ProcessBatch(postnauka_batches\aaaaae.batch) [including 2ms in LoadMessage; 1ms in InitializeSparseNdw; 26ms in InferThetaAndUpdateNwtSparse; 12ms in CalculateScore(^^^ItemsProcessedScore^^^); ]
I0328 10:12:22.490389  3948 processor.cc:742] Processor: start processing batch b2b91af0-64c9-4e65-a418-2f65b417fc91 into model nwt
I0328 10:12:22.510390  5960 processor.cc:830] Processor: complete processing batch 625d9548-de58-41f6-9a8b-73883aad44f5 into model nwt
I0328 10:12:22.512392  5960 cuckoo_watch.h:44] 52ms in ProcessBatch(postnauka_batches\aaaaaf.batch) [including 3ms in LoadMessage; 1ms in InitializeSparseNdw; 29ms in InferThetaAndUpdateNwtSparse; 14ms in CalculateScore(^^^ItemsProcessedScore^^^); ]
I0328 10:12:22.518393  5960 processor.cc:742] Processor: start processing batch 1f1929c0-e2e7-4482-ae1d-7c083b5bbb21 into model nwt
I0328 10:12:22.528393   952 processor.cc:830] Processor: complete processing batch 1c99c109-a85f-4947-a5c3-8dba04e0b6b0 into model nwt
I0328 10:12:22.530395   952 cuckoo_watch.h:44] 61ms in ProcessBatch(postnauka_batches\aaaaah.batch) [including 3ms in LoadMessage; 2ms in InitializeSparseNdw; 34ms in InferThetaAndUpdateNwtSparse; 17ms in CalculateScore(^^^ItemsProcessedScore^^^); ]
I0328 10:12:22.536396  3948 processor.cc:830] Processor: complete processing batch b2b91af0-64c9-4e65-a418-2f65b417fc91 into model nwt
I0328 10:12:22.536396  3948 cuckoo_watch.h:44] 51ms in ProcessBatch(postnauka_batches\aaaaai.batch) [including 3ms in LoadMessage; 2ms in InitializeSparseNdw; 29ms in InferThetaAndUpdateNwtSparse; 14ms in CalculateScore(^^^ItemsProcessedScore^^^); ]
I0328 10:12:22.536396  2852 processor.cc:830] Processor: complete processing batch 6a732493-3d37-4246-8708-885905eae389 into model nwt
I0328 10:12:22.538396  2852 cuckoo_watch.h:44] 74ms in ProcessBatch(postnauka_batches\aaaaag.batch) [including 4ms in LoadMessage; 4ms in InitializeSparseNdw; 41ms in InferThetaAndUpdateNwtSparse; 20ms in CalculateScore(^^^ItemsProcessedScore^^^); ]
I0328 10:12:22.540397   952 processor.cc:742] Processor: start processing batch ed18d3cc-3684-4c1c-a2aa-bddad46c76bd into model nwt
I0328 10:12:22.546398  3948 processor.cc:742] Processor: start processing batch 6ea5f84c-50e9-4d3b-8860-6b1f8e3ddf23 into model nwt
I0328 10:12:22.550400  2852 processor.cc:742] Processor: start processing batch bc17fd9b-7971-426b-b0e1-cf653d52b2f3 into model nwt
I0328 10:12:22.618409  5960 processor.cc:830] Processor: complete processing batch 1f1929c0-e2e7-4482-ae1d-7c083b5bbb21 into model nwt
I0328 10:12:22.620410  5960 cuckoo_watch.h:44] 108ms in ProcessBatch(postnauka_batches\aaaaaj.batch) [including 5ms in LoadMessage; 4ms in InitializeSparseNdw; 65ms in InferThetaAndUpdateNwtSparse; 29ms in CalculateScore(^^^ItemsProcessedScore^^^); ]
I0328 10:12:22.630415  5960 processor.cc:742] Processor: start processing batch 8f24d426-3d84-486b-b532-d92980f3aca1 into model nwt
I0328 10:12:22.730432  3948 processor.cc:830] Processor: complete processing batch 6ea5f84c-50e9-4d3b-8860-6b1f8e3ddf23 into model nwt
I0328 10:12:22.730432   952 processor.cc:830] Processor: complete processing batch ed18d3cc-3684-4c1c-a2aa-bddad46c76bd into model nwt
I0328 10:12:22.732434  3948 cuckoo_watch.h:44] 194ms in ProcessBatch(postnauka_batches\aaaaal.batch) [including 8ms in LoadMessage; 9ms in InitializeSparseNdw; 118ms in InferThetaAndUpdateNwtSparse; 54ms in CalculateScore(^^^ItemsProcessedScore^^^); ]
I0328 10:12:22.732434   952 cuckoo_watch.h:44] 201ms in ProcessBatch(postnauka_batches\aaaaak.batch) [including 8ms in LoadMessage; 10ms in InitializeSparseNdw; 122ms in InferThetaAndUpdateNwtSparse; 55ms in CalculateScore(^^^ItemsProcessedScore^^^); ]
I0328 10:12:22.740437   952 processor.cc:742] Processor: start processing batch 66b90acf-66f5-4276-b38a-2aca6669154b into model nwt
I0328 10:12:22.740437  3948 processor.cc:742] Processor: start processing batch 9adade7b-49ce-4897-84bf-13f6c54576c0 into model nwt
I0328 10:12:22.742435  2852 processor.cc:830] Processor: complete processing batch bc17fd9b-7971-426b-b0e1-cf653d52b2f3 into model nwt
I0328 10:12:22.744436  2852 cuckoo_watch.h:44] 206ms in ProcessBatch(postnauka_batches\aaaaam.batch) [including 9ms in LoadMessage; 9ms in InitializeSparseNdw; 123ms in InferThetaAndUpdateNwtSparse; 57ms in CalculateScore(^^^ItemsProcessedScore^^^); ]
I0328 10:12:22.748436  2852 processor.cc:742] Processor: start processing batch 8fecf032-5deb-4771-8461-2fc0f797739c into model nwt
I0328 10:12:22.776438  2852 processor.cc:830] Processor: complete processing batch 8fecf032-5deb-4771-8461-2fc0f797739c into model nwt
I0328 10:12:22.776438  2852 cuckoo_watch.h:44] 31ms in ProcessBatch(postnauka_batches\aaaaaq.batch) [including 2ms in LoadMessage; 1ms in InitializeSparseNdw; 17ms in InferThetaAndUpdateNwtSparse; 8ms in CalculateScore(^^^ItemsProcessedScore^^^); ]
I0328 10:12:22.778440  2852 processor.cc:742] Processor: start processing batch 298762c0-aa02-4b31-9967-2fb8ac00d0f4 into model nwt
I0328 10:12:22.784440  2852 processor.cc:830] Processor: complete processing batch 298762c0-aa02-4b31-9967-2fb8ac00d0f4 into model nwt
I0328 10:12:22.784440  2852 cuckoo_watch.h:44] 7ms in ProcessBatch(postnauka_batches\aaaaar.batch) [including 0ms in LoadMessage; 0ms in InitializeSparseNdw; 3ms in InferThetaAndUpdateNwtSparse; 1ms in CalculateScore(^^^ItemsProcessedScore^^^); ]
I0328 10:12:22.796445  5960 processor.cc:830] Processor: complete processing batch 8f24d426-3d84-486b-b532-d92980f3aca1 into model nwt
I0328 10:12:22.796445  5960 cuckoo_watch.h:44] 176ms in ProcessBatch(postnauka_batches\aaaaan.batch) [including 7ms in LoadMessage; 8ms in InitializeSparseNdw; 105ms in InferThetaAndUpdateNwtSparse; 51ms in CalculateScore(^^^ItemsProcessedScore^^^); ]
I0328 10:12:22.850453  2852 processor.cc:659] No data in processing queue, waiting...
I0328 10:12:22.864457   952 processor.cc:830] Processor: complete processing batch 66b90acf-66f5-4276-b38a-2aca6669154b into model nwt
I0328 10:12:22.866461   952 cuckoo_watch.h:44] 134ms in ProcessBatch(postnauka_batches\aaaaap.batch) [including 6ms in LoadMessage; 7ms in InitializeSparseNdw; 80ms in InferThetaAndUpdateNwtSparse; 36ms in CalculateScore(^^^ItemsProcessedScore^^^); ]
I0328 10:12:22.868456  5960 processor.cc:659] No data in processing queue, waiting...
I0328 10:12:22.868456  3948 processor.cc:830] Processor: complete processing batch 9adade7b-49ce-4897-84bf-13f6c54576c0 into model nwt
I0328 10:12:22.872457  3948 cuckoo_watch.h:44] 140ms in ProcessBatch(postnauka_batches\aaaaao.batch) [including 6ms in LoadMessage; 8ms in InitializeSparseNdw; 81ms in InferThetaAndUpdateNwtSparse; 40ms in CalculateScore(^^^ItemsProcessedScore^^^); ]
I0328 10:12:22.878458  4668 master_component.cc:1200] RegularizeModelArgs: rwt_target_name=rwt, pwt_source_name=pwt, nwt_source_name=nwt
I0328 10:12:22.878458  4668 master_component.cc:785] MasterComponent: start regularizing model pwt
I0328 10:12:22.938472   952 processor.cc:659] No data in processing queue, waiting...
I0328 10:12:22.946471  3948 processor.cc:659] No data in processing queue, waiting...
I0328 10:12:23.052538  4668 master_component.cc:808] MasterComponent: complete regularizing model pwt
I0328 10:12:23.052538  4668 master_component.cc:1211] NormalizeModelArgs: pwt_target_name=pwt, nwt_source_name=nwt, rwt_source_name=rwt
I0328 10:12:23.052538  4668 master_component.cc:812] MasterComponent: start normalizing model nwt
I0328 10:12:23.132506  4668 master_component.cc:834] MasterComponent: complete normalizing model nwt
I0328 10:12:23.346546  9212 c_interface.cc:523] Pass GetScoreValueArgs, score_name=^^^ItemsProcessedScore^^^ to MasterComponent::Request
I0328 10:12:23.346546  9212 c_interface.cc:205] ArtmCopyRequestedMessage is copying 54 bytes...
I0328 10:12:23.534621  4668 master_component.cc:1235] DisposeModel rwt
I0328 10:12:23.542626  4668 master_component.cc:858] FitOffline: ItemsProcessed, num_items=1728, num_batches=18, token_weight=808522, token_weight_in_effect=808522
I0328 10:12:23.542626  9212 c_interface.cc:523] Pass GetScoreValueArgs, score_name=^^^ItemsProcessedScore^^^ to MasterComponent::Request
I0328 10:12:23.542626  9212 c_interface.cc:205] ArtmCopyRequestedMessage is copying 54 bytes...
I0328 10:12:23.544580  4668 c_interface.cc:359] Pass FitOfflineMasterModelArgs, batch_filename_size=18, batch_weight_size=18, num_collection_passes=1 to void (__cdecl artm::core::MasterComponent::*)(class artm::FitOfflineMasterModelArgs const & __ptr64) __ptr64
