I0328 09:44:39.490561  1124 processor.cc:666] Processing queue has data, processing started
I0328 09:44:39.490561 10204 processor.cc:666] Processing queue has data, processing started
I0328 09:44:39.491516  8148 processor.cc:666] Processing queue has data, processing started
I0328 09:44:39.494519  9960 processor.cc:742] Processor: start processing batch 08950470-647c-4955-bf17-32864e35ceeb into model nwt
I0328 09:44:39.496520  1124 processor.cc:742] Processor: start processing batch 78b19bca-f842-4091-aab7-a6eee98f34ca into model nwt
I0328 09:44:39.496520 10204 processor.cc:742] Processor: start processing batch 2868a5be-e8f1-47db-a8d0-c9a19db3db70 into model nwt
I0328 09:44:39.522538  8148 processor.cc:742] Processor: start processing batch 73c6ae99-9f61-402a-8c01-eee9f827e222 into model nwt
I0328 09:44:39.567569  1124 processor.cc:830] Processor: complete processing batch 78b19bca-f842-4091-aab7-a6eee98f34ca into model nwt
I0328 09:44:39.569594  1124 cuckoo_watch.h:44] 79ms in ProcessBatch(school_batches\aaaaab.batch) [including 4ms in LoadMessage; 2ms in InitializeSparseNdw; 20ms in InferThetaAndUpdateNwtSparse; 20ms in CalculateScore(PerplexityScore); 5ms in CalculateScore(SparsityThetaScore); 22ms in CalculateScore(^^^ItemsProcessedScore^^^); ]
I0328 09:44:39.574573  1124 processor.cc:742] Processor: start processing batch 4424f66d-496b-46d8-98a8-ea4d6fe056c4 into model nwt
I0328 09:44:39.589581  9960 processor.cc:830] Processor: complete processing batch 08950470-647c-4955-bf17-32864e35ceeb into model nwt
I0328 09:44:39.590584  9960 cuckoo_watch.h:44] 101ms in ProcessBatch(school_batches\aaaaaa.batch) [including 4ms in LoadMessage; 2ms in InitializeSparseNdw; 21ms in InferThetaAndUpdateNwtSparse; 38ms in CalculateScore(PerplexityScore); 10ms in CalculateScore(SparsityThetaScore); 20ms in CalculateScore(^^^ItemsProcessedScore^^^); ]
I0328 09:44:39.591583 10204 processor.cc:830] Processor: complete processing batch 2868a5be-e8f1-47db-a8d0-c9a19db3db70 into model nwt
I0328 09:44:39.593585 10204 cuckoo_watch.h:44] 102ms in ProcessBatch(school_batches\aaaaac.batch) [including 4ms in LoadMessage; 3ms in InitializeSparseNdw; 31ms in InferThetaAndUpdateNwtSparse; 21ms in CalculateScore(PerplexityScore); 5ms in CalculateScore(SparsityThetaScore); 32ms in CalculateScore(^^^ItemsProcessedScore^^^); ]
I0328 09:44:39.615599  9960 processor.cc:659] No data in processing queue, waiting...
I0328 09:44:39.626607  8148 processor.cc:830] Processor: complete processing batch 73c6ae99-9f61-402a-8c01-eee9f827e222 into model nwt
I0328 09:44:39.629609  8148 cuckoo_watch.h:44] 138ms in ProcessBatch(school_batches\aaaaad.batch) [including 30ms in LoadMessage; 3ms in InitializeSparseNdw; 22ms in InferThetaAndUpdateNwtSparse; 31ms in CalculateScore(PerplexityScore); 5ms in CalculateScore(SparsityThetaScore); 39ms in CalculateScore(^^^ItemsProcessedScore^^^); ]
I0328 09:44:39.640616 10204 processor.cc:659] No data in processing queue, waiting...
I0328 09:44:39.645619  1124 processor.cc:830] Processor: complete processing batch 4424f66d-496b-46d8-98a8-ea4d6fe056c4 into model nwt
I0328 09:44:39.648620  1124 cuckoo_watch.h:44] 78ms in ProcessBatch(school_batches\aaaaae.batch) [including 4ms in LoadMessage; 2ms in InitializeSparseNdw; 20ms in InferThetaAndUpdateNwtSparse; 20ms in CalculateScore(PerplexityScore); 6ms in CalculateScore(SparsityThetaScore); 21ms in CalculateScore(^^^ItemsProcessedScore^^^); ]
I0328 09:44:39.648620  3240 master_component.cc:1211] NormalizeModelArgs: pwt_target_name=pwt, nwt_source_name=nwt, rwt_source_name=
I0328 09:44:39.648620  3240 master_component.cc:812] MasterComponent: start normalizing model nwt
I0328 09:44:39.655625  8148 processor.cc:659] No data in processing queue, waiting...
I0328 09:44:39.671635  1124 processor.cc:659] No data in processing queue, waiting...
I0328 09:44:39.696652  3240 master_component.cc:834] MasterComponent: complete normalizing model nwt
I0328 09:44:39.743683  3240 master_component.cc:1235] DisposeModel rwt
I0328 09:44:39.743683  3240 master_component.cc:858] FitOffline: ItemsProcessed, num_items=476, num_batches=5, token_weight=160411, token_weight_in_effect=160411
I0328 09:44:39.743683  6804 c_interface.cc:523] Pass GetScoreValueArgs, score_name=^^^ItemsProcessedScore^^^ to MasterComponent::Request
I0328 09:44:39.743683  6804 c_interface.cc:205] ArtmCopyRequestedMessage is copying 54 bytes...
I0328 09:44:39.744683  3240 c_interface.cc:359] Pass FitOfflineMasterModelArgs, batch_filename_size=5, batch_weight_size=5, num_collection_passes=1 to void (__cdecl artm::core::MasterComponent::*)(class artm::FitOfflineMasterModelArgs const & __ptr64) __ptr64
I0328 09:44:39.744683  3240 master_component.cc:1162] ProcessBatchesArgs: nwt_target_name=nwt, batch_filename_size=5, batch_size=0, batch_weight_size=5, pwt_source_name=pwt, num_document_passes=1, class=(text:1), reuse_theta=yes, opt_for_avx=yes, predict_class_id=
I0328 09:44:39.781723  1124 processor.cc:666] Processing queue has data, processing started
I0328 09:44:39.781723  9960 processor.cc:666] Processing queue has data, processing started
I0328 09:44:39.783710 10204 processor.cc:666] Processing queue has data, processing started
I0328 09:44:39.784711  8148 processor.cc:666] Processing queue has data, processing started
I0328 09:44:39.786713  1124 processor.cc:742] Processor: start processing batch 08950470-647c-4955-bf17-32864e35ceeb into model nwt
I0328 09:44:39.787714  9960 processor.cc:742] Processor: start processing batch 78b19bca-f842-4091-aab7-a6eee98f34ca into model nwt
I0328 09:44:39.789716  8148 processor.cc:742] Processor: start processing batch 73c6ae99-9f61-402a-8c01-eee9f827e222 into model nwt
I0328 09:44:39.789716 10204 processor.cc:742] Processor: start processing batch 2868a5be-e8f1-47db-a8d0-c9a19db3db70 into model nwt
I0328 09:44:39.865764  9960 processor.cc:830] Processor: complete processing batch 78b19bca-f842-4091-aab7-a6eee98f34ca into model nwt
I0328 09:44:39.866765  9960 cuckoo_watch.h:44] 85ms in ProcessBatch(school_batches\aaaaab.batch) [including 5ms in LoadMessage; 2ms in InitializeSparseNdw; 22ms in InferThetaAndUpdateNwtSparse; 23ms in CalculateScore(PerplexityScore); 5ms in CalculateScore(SparsityThetaScore); 22ms in CalculateScore(^^^ItemsProcessedScore^^^); ]
I0328 09:44:39.867766  1124 processor.cc:830] Processor: complete processing batch 08950470-647c-4955-bf17-32864e35ceeb into model nwt
I0328 09:44:39.868767  1124 cuckoo_watch.h:44] 87ms in ProcessBatch(school_batches\aaaaaa.batch) [including 4ms in LoadMessage; 2ms in InitializeSparseNdw; 24ms in InferThetaAndUpdateNwtSparse; 23ms in CalculateScore(PerplexityScore); 5ms in CalculateScore(SparsityThetaScore); 24ms in CalculateScore(^^^ItemsProcessedScore^^^); ]
I0328 09:44:39.872771  9960 processor.cc:742] Processor: start processing batch 4424f66d-496b-46d8-98a8-ea4d6fe056c4 into model nwt
I0328 09:44:39.874770  8148 processor.cc:830] Processor: complete processing batch 73c6ae99-9f61-402a-8c01-eee9f827e222 into model nwt
I0328 09:44:39.875773  8148 cuckoo_watch.h:44] 91ms in ProcessBatch(school_batches\aaaaad.batch) [including 4ms in LoadMessage; 2ms in InitializeSparseNdw; 32ms in InferThetaAndUpdateNwtSparse; 21ms in CalculateScore(PerplexityScore); 5ms in CalculateScore(SparsityThetaScore); 22ms in CalculateScore(^^^ItemsProcessedScore^^^); ]
I0328 09:44:39.880775 10204 processor.cc:830] Processor: complete processing batch 2868a5be-e8f1-47db-a8d0-c9a19db3db70 into model nwt
I0328 09:44:39.881777 10204 cuckoo_watch.h:44] 98ms in ProcessBatch(school_batches\aaaaac.batch) [including 4ms in LoadMessage; 2ms in InitializeSparseNdw; 28ms in InferThetaAndUpdateNwtSparse; 31ms in CalculateScore(PerplexityScore); 5ms in CalculateScore(SparsityThetaScore); 22ms in CalculateScore(^^^ItemsProcessedScore^^^); ]
I0328 09:44:39.903789  1124 processor.cc:659] No data in processing queue, waiting...
I0328 09:44:39.907793  8148 processor.cc:659] No data in processing queue, waiting...
I0328 09:44:39.912796 10204 processor.cc:659] No data in processing queue, waiting...
I0328 09:44:39.920801  9960 processor.cc:830] Processor: complete processing batch 4424f66d-496b-46d8-98a8-ea4d6fe056c4 into model nwt
I0328 09:44:39.921802  9960 cuckoo_watch.h:44] 54ms in ProcessBatch(school_batches\aaaaae.batch) [including 3ms in LoadMessage; 2ms in InitializeSparseNdw; 16ms in InferThetaAndUpdateNwtSparse; 13ms in CalculateScore(PerplexityScore); 3ms in CalculateScore(SparsityThetaScore); 13ms in CalculateScore(^^^ItemsProcessedScore^^^); ]
I0328 09:44:39.922804  3240 master_component.cc:1211] NormalizeModelArgs: pwt_target_name=pwt, nwt_source_name=nwt, rwt_source_name=
I0328 09:44:39.922804  3240 master_component.cc:812] MasterComponent: start normalizing model nwt
I0328 09:44:39.960827  9960 processor.cc:659] No data in processing queue, waiting...
I0328 09:44:39.966830  3240 master_component.cc:834] MasterComponent: complete normalizing model nwt
I0328 09:44:40.015863  3240 master_component.cc:1235] DisposeModel rwt
I0328 09:44:40.015863  3240 master_component.cc:858] FitOffline: ItemsProcessed, num_items=476, num_batches=5, token_weight=160411, token_weight_in_effect=160411
I0328 09:44:40.015863  6804 c_interface.cc:523] Pass GetScoreValueArgs, score_name=^^^ItemsProcessedScore^^^ to MasterComponent::Request
I0328 09:44:40.015863  6804 c_interface.cc:205] ArtmCopyRequestedMessage is copying 54 bytes...
I0328 09:44:40.023869  6804 c_interface.cc:205] ArtmCopyRequestedMessage is copying 2080 bytes...
I0328 09:45:51.027676  6804 c_interface.cc:205] ArtmCopyRequestedMessage is copying 150975 bytes...
I0328 09:45:51.220567  6804 c_interface.cc:205] ArtmCopyRequestedMessage is copying 150975 bytes...
I0328 09:45:51.411828  6804 c_interface.cc:205] ArtmCopyRequestedMessage is copying 150975 bytes...
I0328 09:45:51.594630  6804 c_interface.cc:205] ArtmCopyRequestedMessage is copying 150975 bytes...
I0328 09:45:51.786434  6804 c_interface.cc:205] ArtmCopyRequestedMessage is copying 150975 bytes...
I0328 09:45:51.987890  6804 c_interface.cc:205] ArtmCopyRequestedMessage is copying 150975 bytes...
I0328 09:45:52.175449  6804 c_interface.cc:205] ArtmCopyRequestedMessage is copying 150975 bytes...
I0328 09:45:52.357771  6804 c_interface.cc:205] ArtmCopyRequestedMessage is copying 150975 bytes...
I0328 09:45:52.565896  6804 c_interface.cc:205] ArtmCopyRequestedMessage is copying 150975 bytes...
I0328 09:45:52.755278  6804 c_interface.cc:205] ArtmCopyRequestedMessage is copying 150975 bytes...
I0328 09:45:59.772897  6804 c_interface.cc:205] ArtmCopyRequestedMessage is copying 1620 bytes...
I0328 09:45:59.780886  6804 c_interface.cc:205] ArtmCopyRequestedMessage is copying 1612 bytes...
I0328 09:46:06.696357  6804 c_interface.cc:359] Pass MasterModelConfig: topic_name_size=10, class=(text:1), score_config_size=5, num_processors=0, pwt_name=pwt, nwt_name=nwt, num_document_passes=1, regularizer=(SparsePhi:-100), reuse_theta=yes, cache_theta=yes, opt_for_avx=yes, disk_cache_path to void (__cdecl artm::core::MasterComponent::*)(class artm::MasterModelConfig const & __ptr64) __ptr64
I0328 09:46:06.696357  6804 instance.cc:380] MasterModelConfig.processors_count is automatically set to 4
I0328 09:46:06.696357  6804 perplexity.cc:24] Perplexity score calculator created: model_type=1, dictionary_name=dictionary
I0328 09:46:06.715366  6804 instance.cc:223] Regularizer 'SparsePhi' was cold-reconfigured
I0328 09:46:06.960610  3240 c_interface.cc:359] Pass FitOfflineMasterModelArgs, batch_filename_size=5, batch_weight_size=5, num_collection_passes=1 to void (__cdecl artm::core::MasterComponent::*)(class artm::FitOfflineMasterModelArgs const & __ptr64) __ptr64
I0328 09:46:06.960610  3240 master_component.cc:1162] ProcessBatchesArgs: nwt_target_name=nwt, batch_filename_size=5, batch_size=0, batch_weight_size=5, pwt_source_name=pwt, num_document_passes=1, regularizer=(name:SparsePhi, tau:-100), class=(text:1), reuse_theta=yes, opt_for_avx=yes, predict_class_id=
I0328 09:46:07.009641 10204 processor.cc:666] Processing queue has data, processing started
I0328 09:46:07.010643  8148 processor.cc:666] Processing queue has data, processing started
I0328 09:46:07.010643  1124 processor.cc:666] Processing queue has data, processing started
I0328 09:46:07.011643  9960 processor.cc:666] Processing queue has data, processing started
I0328 09:46:07.014647 10204 processor.cc:742] Processor: start processing batch 08950470-647c-4955-bf17-32864e35ceeb into model nwt
I0328 09:46:07.016649  8148 processor.cc:742] Processor: start processing batch 78b19bca-f842-4091-aab7-a6eee98f34ca into model nwt
I0328 09:46:07.017648  1124 processor.cc:742] Processor: start processing batch 2868a5be-e8f1-47db-a8d0-c9a19db3db70 into model nwt
I0328 09:46:07.026654  9960 processor.cc:742] Processor: start processing batch 73c6ae99-9f61-402a-8c01-eee9f827e222 into model nwt
I0328 09:46:07.082753 10204 processor.cc:830] Processor: complete processing batch 08950470-647c-4955-bf17-32864e35ceeb into model nwt
I0328 09:46:07.084756  8148 processor.cc:830] Processor: complete processing batch 78b19bca-f842-4091-aab7-a6eee98f34ca into model nwt
I0328 09:46:07.084756  1124 processor.cc:830] Processor: complete processing batch 2868a5be-e8f1-47db-a8d0-c9a19db3db70 into model nwt
I0328 09:46:07.084756 10204 cuckoo_watch.h:44] 75ms in ProcessBatch(school_batches\aaaaaa.batch) [including 3ms in LoadMessage; 2ms in InitializeSparseNdw; 21ms in InferThetaAndUpdateNwtSparse; 19ms in CalculateScore(PerplexityScore); 5ms in CalculateScore(SparsityThetaScore); 20ms in CalculateScore(^^^ItemsProcessedScore^^^); ]
I0328 09:46:07.084756  1124 cuckoo_watch.h:44] 75ms in ProcessBatch(school_batches\aaaaac.batch) [including 5ms in LoadMessage; 2ms in InitializeSparseNdw; 20ms in InferThetaAndUpdateNwtSparse; 18ms in CalculateScore(PerplexityScore); 5ms in CalculateScore(SparsityThetaScore); 20ms in CalculateScore(^^^ItemsProcessedScore^^^); ]
I0328 09:46:07.084756  8148 cuckoo_watch.h:44] 75ms in ProcessBatch(school_batches\aaaaab.batch) [including 4ms in LoadMessage; 2ms in InitializeSparseNdw; 20ms in InferThetaAndUpdateNwtSparse; 19ms in CalculateScore(PerplexityScore); 5ms in CalculateScore(SparsityThetaScore); 19ms in CalculateScore(^^^ItemsProcessedScore^^^); ]
I0328 09:46:07.088757 10204 processor.cc:742] Processor: start processing batch 4424f66d-496b-46d8-98a8-ea4d6fe056c4 into model nwt
I0328 09:46:07.104758  9960 processor.cc:830] Processor: complete processing batch 73c6ae99-9f61-402a-8c01-eee9f827e222 into model nwt
I0328 09:46:07.104758  9960 cuckoo_watch.h:44] 94ms in ProcessBatch(school_batches\aaaaad.batch) [including 13ms in LoadMessage; 2ms in InitializeSparseNdw; 27ms in InferThetaAndUpdateNwtSparse; 21ms in CalculateScore(PerplexityScore); 6ms in CalculateScore(SparsityThetaScore); 19ms in CalculateScore(^^^ItemsProcessedScore^^^); ]
I0328 09:46:07.134763 10204 processor.cc:830] Processor: complete processing batch 4424f66d-496b-46d8-98a8-ea4d6fe056c4 into model nwt
I0328 09:46:07.136764 10204 cuckoo_watch.h:44] 51ms in ProcessBatch(school_batches\aaaaae.batch) [including 3ms in LoadMessage; 2ms in InitializeSparseNdw; 16ms in InferThetaAndUpdateNwtSparse; 11ms in CalculateScore(PerplexityScore); 3ms in CalculateScore(SparsityThetaScore); 12ms in CalculateScore(^^^ItemsProcessedScore^^^); ]
I0328 09:46:07.138766  3240 master_component.cc:1200] RegularizeModelArgs: rwt_target_name=rwt, pwt_source_name=pwt, nwt_source_name=nwt
I0328 09:46:07.138766  3240 master_component.cc:785] MasterComponent: start regularizing model pwt
I0328 09:46:07.144764  8148 processor.cc:659] No data in processing queue, waiting...
I0328 09:46:07.144764  1124 processor.cc:659] No data in processing queue, waiting...
I0328 09:46:07.164790  9960 processor.cc:659] No data in processing queue, waiting...
I0328 09:46:07.203215 10204 processor.cc:659] No data in processing queue, waiting...
I0328 09:46:07.221225  3240 master_component.cc:808] MasterComponent: complete regularizing model pwt
I0328 09:46:07.221225  3240 master_component.cc:1211] NormalizeModelArgs: pwt_target_name=pwt, nwt_source_name=nwt, rwt_source_name=rwt
I0328 09:46:07.221225  3240 master_component.cc:812] MasterComponent: start normalizing model nwt
I0328 09:46:07.262450  3240 master_component.cc:834] MasterComponent: complete normalizing model nwt
I0328 09:46:07.300415  3240 master_component.cc:1235] DisposeModel rwt
I0328 09:46:07.306414  3240 master_component.cc:858] FitOffline: ItemsProcessed, num_items=476, num_batches=5, token_weight=160411, token_weight_in_effect=160411
I0328 09:46:07.306414  6804 c_interface.cc:523] Pass GetScoreValueArgs, score_name=^^^ItemsProcessedScore^^^ to MasterComponent::Request
I0328 09:46:07.306414  6804 c_interface.cc:205] ArtmCopyRequestedMessage is copying 54 bytes...
I0328 09:46:07.306414  3240 c_interface.cc:359] Pass FitOfflineMasterModelArgs, batch_filename_size=5, batch_weight_size=5, num_collection_passes=1 to void (__cdecl artm::core::MasterComponent::*)(class artm::FitOfflineMasterModelArgs const & __ptr64) __ptr64
I0328 09:46:07.306414  3240 master_component.cc:1162] ProcessBatchesArgs: nwt_target_name=nwt, batch_filename_size=5, batch_size=0, batch_weight_size=5, pwt_source_name=pwt, num_document_passes=1, regularizer=(name:SparsePhi, tau:-100), class=(text:1), reuse_theta=yes, opt_for_avx=yes, predict_class_id=
I0328 09:46:07.342442 10204 processor.cc:666] Processing queue has data, processing started
I0328 09:46:07.342442  9960 processor.cc:666] Processing queue has data, processing started
I0328 09:46:07.342442  8148 processor.cc:666] Processing queue has data, processing started
I0328 09:46:07.342442  1124 processor.cc:666] Processing queue has data, processing started
I0328 09:46:07.346422  1124 processor.cc:742] Processor: start processing batch 78b19bca-f842-4091-aab7-a6eee98f34ca into model nwt
I0328 09:46:07.346422 10204 processor.cc:742] Processor: start processing batch 2868a5be-e8f1-47db-a8d0-c9a19db3db70 into model nwt
I0328 09:46:07.346422  8148 processor.cc:742] Processor: start processing batch 08950470-647c-4955-bf17-32864e35ceeb into model nwt
I0328 09:46:07.346422  9960 processor.cc:742] Processor: start processing batch 73c6ae99-9f61-402a-8c01-eee9f827e222 into model nwt
I0328 09:46:07.414433  8148 processor.cc:830] Processor: complete processing batch 08950470-647c-4955-bf17-32864e35ceeb into model nwt
I0328 09:46:07.414433 10204 processor.cc:830] Processor: complete processing batch 2868a5be-e8f1-47db-a8d0-c9a19db3db70 into model nwt
I0328 09:46:07.414433  1124 processor.cc:830] Processor: complete processing batch 78b19bca-f842-4091-aab7-a6eee98f34ca into model nwt
I0328 09:46:07.414433  8148 cuckoo_watch.h:44] 73ms in ProcessBatch(school_batches\aaaaaa.batch) [including 4ms in LoadMessage; 2ms in InitializeSparseNdw; 19ms in InferThetaAndUpdateNwtSparse; 18ms in CalculateScore(PerplexityScore); 5ms in CalculateScore(SparsityThetaScore); 19ms in CalculateScore(^^^ItemsProcessedScore^^^); ]
I0328 09:46:07.416435  9960 processor.cc:830] Processor: complete processing batch 73c6ae99-9f61-402a-8c01-eee9f827e222 into model nwt
I0328 09:46:07.416435  1124 cuckoo_watch.h:44] 74ms in ProcessBatch(school_batches\aaaaab.batch) [including 4ms in LoadMessage; 2ms in InitializeSparseNdw; 20ms in InferThetaAndUpdateNwtSparse; 19ms in CalculateScore(PerplexityScore); 5ms in CalculateScore(SparsityThetaScore); 19ms in CalculateScore(^^^ItemsProcessedScore^^^); ]
I0328 09:46:07.416435 10204 cuckoo_watch.h:44] 74ms in ProcessBatch(school_batches\aaaaac.batch) [including 4ms in LoadMessage; 2ms in InitializeSparseNdw; 20ms in InferThetaAndUpdateNwtSparse; 19ms in CalculateScore(PerplexityScore); 5ms in CalculateScore(SparsityThetaScore); 19ms in CalculateScore(^^^ItemsProcessedScore^^^); ]
I0328 09:46:07.416435  9960 cuckoo_watch.h:44] 75ms in ProcessBatch(school_batches\aaaaad.batch) [including 4ms in LoadMessage; 2ms in InitializeSparseNdw; 19ms in InferThetaAndUpdateNwtSparse; 20ms in CalculateScore(PerplexityScore); 5ms in CalculateScore(SparsityThetaScore); 20ms in CalculateScore(^^^ItemsProcessedScore^^^); ]
I0328 09:46:07.420435  8148 processor.cc:742] Processor: start processing batch 4424f66d-496b-46d8-98a8-ea4d6fe056c4 into model nwt
I0328 09:46:07.469364  8148 processor.cc:830] Processor: complete processing batch 4424f66d-496b-46d8-98a8-ea4d6fe056c4 into model nwt
I0328 09:46:07.469364  8148 cuckoo_watch.h:44] 53ms in ProcessBatch(school_batches\aaaaae.batch) [including 3ms in LoadMessage; 1ms in InitializeSparseNdw; 14ms in InferThetaAndUpdateNwtSparse; 11ms in CalculateScore(PerplexityScore); 4ms in CalculateScore(SparsityThetaScore); 16ms in CalculateScore(^^^ItemsProcessedScore^^^); ]
I0328 09:46:07.473366  3240 master_component.cc:1200] RegularizeModelArgs: rwt_target_name=rwt, pwt_source_name=pwt, nwt_source_name=nwt
I0328 09:46:07.473366  3240 master_component.cc:785] MasterComponent: start regularizing model pwt
I0328 09:46:07.483374  1124 processor.cc:659] No data in processing queue, waiting...
I0328 09:46:07.483374  9960 processor.cc:659] No data in processing queue, waiting...
I0328 09:46:07.483374 10204 processor.cc:659] No data in processing queue, waiting...
I0328 09:46:07.506391  8148 processor.cc:659] No data in processing queue, waiting...
I0328 09:46:07.562484  3240 master_component.cc:808] MasterComponent: complete regularizing model pwt
I0328 09:46:07.562484  3240 master_component.cc:1211] NormalizeModelArgs: pwt_target_name=pwt, nwt_source_name=nwt, rwt_source_name=rwt
I0328 09:46:07.562484  3240 master_component.cc:812] MasterComponent: start normalizing model nwt
I0328 09:46:07.608489  3240 master_component.cc:834] MasterComponent: complete normalizing model nwt
I0328 09:46:07.658498  3240 master_component.cc:1235] DisposeModel rwt
I0328 09:46:07.662504  3240 master_component.cc:858] FitOffline: ItemsProcessed, num_items=476, num_batches=5, token_weight=160411, token_weight_in_effect=160411
I0328 09:46:07.662504  6804 c_interface.cc:523] Pass GetScoreValueArgs, score_name=^^^ItemsProcessedScore^^^ to MasterComponent::Request
I0328 09:46:07.662504  6804 c_interface.cc:205] ArtmCopyRequestedMessage is copying 54 bytes...
I0328 09:46:07.662504  3240 c_interface.cc:359] Pass FitOfflineMasterModelArgs, batch_filename_size=5, batch_weight_size=5, num_collection_passes=1 to void (__cdecl artm::core::MasterComponent::*)(class artm::FitOfflineMasterModelArgs const & __ptr64) __ptr64
I0328 09:46:07.662504  3240 master_component.cc:1162] ProcessBatchesArgs: nwt_target_name=nwt, batch_filename_size=5, batch_size=0, batch_weight_size=5, pwt_source_name=pwt, num_document_passes=1, regularizer=(name:SparsePhi, tau:-100), class=(text:1), reuse_theta=yes, opt_for_avx=yes, predict_class_id=
I0328 09:46:07.696504  9960 processor.cc:666] Processing queue has data, processing started
I0328 09:46:07.696504 10204 processor.cc:666] Processing queue has data, processing started
I0328 09:46:07.696504  1124 processor.cc:666] Processing queue has data, processing started
I0328 09:46:07.700505  8148 processor.cc:666] Processing queue has data, processing started
I0328 09:46:07.700505  1124 processor.cc:742] Processor: start processing batch 08950470-647c-4955-bf17-32864e35ceeb into model nwt
I0328 09:46:07.700505 10204 processor.cc:742] Processor: start processing batch 2868a5be-e8f1-47db-a8d0-c9a19db3db70 into model nwt
I0328 09:46:07.700505  9960 processor.cc:742] Processor: start processing batch 78b19bca-f842-4091-aab7-a6eee98f34ca into model nwt
I0328 09:46:07.704507  8148 processor.cc:742] Processor: start processing batch 73c6ae99-9f61-402a-8c01-eee9f827e222 into model nwt
I0328 09:46:07.768517  1124 processor.cc:830] Processor: complete processing batch 08950470-647c-4955-bf17-32864e35ceeb into model nwt
I0328 09:46:07.770519 10204 processor.cc:830] Processor: complete processing batch 2868a5be-e8f1-47db-a8d0-c9a19db3db70 into model nwt
I0328 09:46:07.770519  1124 cuckoo_watch.h:44] 75ms in ProcessBatch(school_batches\aaaaaa.batch) [including 4ms in LoadMessage; 2ms in InitializeSparseNdw; 20ms in InferThetaAndUpdateNwtSparse; 19ms in CalculateScore(PerplexityScore); 5ms in CalculateScore(SparsityThetaScore); 20ms in CalculateScore(^^^ItemsProcessedScore^^^); ]
I0328 09:46:07.770519 10204 cuckoo_watch.h:44] 75ms in ProcessBatch(school_batches\aaaaac.batch) [including 4ms in LoadMessage; 2ms in InitializeSparseNdw; 20ms in InferThetaAndUpdateNwtSparse; 19ms in CalculateScore(PerplexityScore); 6ms in CalculateScore(SparsityThetaScore); 19ms in CalculateScore(^^^ItemsProcessedScore^^^); ]
I0328 09:46:07.772519  9960 processor.cc:830] Processor: complete processing batch 78b19bca-f842-4091-aab7-a6eee98f34ca into model nwt
I0328 09:46:07.772519  9960 cuckoo_watch.h:44] 77ms in ProcessBatch(school_batches\aaaaab.batch) [including 4ms in LoadMessage; 2ms in InitializeSparseNdw; 20ms in InferThetaAndUpdateNwtSparse; 20ms in CalculateScore(PerplexityScore); 6ms in CalculateScore(SparsityThetaScore); 21ms in CalculateScore(^^^ItemsProcessedScore^^^); ]
I0328 09:46:07.774520  8148 processor.cc:830] Processor: complete processing batch 73c6ae99-9f61-402a-8c01-eee9f827e222 into model nwt
I0328 09:46:07.776520  1124 processor.cc:742] Processor: start processing batch 4424f66d-496b-46d8-98a8-ea4d6fe056c4 into model nwt
I0328 09:46:07.776520  8148 cuckoo_watch.h:44] 76ms in ProcessBatch(school_batches\aaaaad.batch) [including 4ms in LoadMessage; 2ms in InitializeSparseNdw; 21ms in InferThetaAndUpdateNwtSparse; 20ms in CalculateScore(PerplexityScore); 5ms in CalculateScore(SparsityThetaScore); 20ms in CalculateScore(^^^ItemsProcessedScore^^^); ]
I0328 09:46:07.822530 10204 processor.cc:659] No data in processing queue, waiting...
I0328 09:46:07.822530  9960 processor.cc:659] No data in processing queue, waiting...
I0328 09:46:07.828529  8148 processor.cc:659] No data in processing queue, waiting...
I0328 09:46:07.834532  1124 processor.cc:830] Processor: complete processing batch 4424f66d-496b-46d8-98a8-ea4d6fe056c4 into model nwt
I0328 09:46:07.836530  1124 cuckoo_watch.h:44] 65ms in ProcessBatch(school_batches\aaaaae.batch) [including 3ms in LoadMessage; 2ms in InitializeSparseNdw; 16ms in InferThetaAndUpdateNwtSparse; 14ms in CalculateScore(PerplexityScore); 4ms in CalculateScore(SparsityThetaScore); 21ms in CalculateScore(^^^ItemsProcessedScore^^^); ]
I0328 09:46:07.840529  3240 master_component.cc:1200] RegularizeModelArgs: rwt_target_name=rwt, pwt_source_name=pwt, nwt_source_name=nwt
I0328 09:46:07.840529  3240 master_component.cc:785] MasterComponent: start regularizing model pwt
I0328 09:46:07.894541  1124 processor.cc:659] No data in processing queue, waiting...
I0328 09:46:07.919857  3240 master_component.cc:808] MasterComponent: complete regularizing model pwt
I0328 09:46:07.919857  3240 master_component.cc:1211] NormalizeModelArgs: pwt_target_name=pwt, nwt_source_name=nwt, rwt_source_name=rwt
I0328 09:46:07.919857  3240 master_component.cc:812] MasterComponent: start normalizing model nwt
I0328 09:46:07.965078  3240 master_component.cc:834] MasterComponent: complete normalizing model nwt
I0328 09:46:08.007128  3240 master_component.cc:1235] DisposeModel rwt
I0328 09:46:08.011135  3240 master_component.cc:858] FitOffline: ItemsProcessed, num_items=476, num_batches=5, token_weight=160411, token_weight_in_effect=160411
I0328 09:46:08.011135  6804 c_interface.cc:523] Pass GetScoreValueArgs, score_name=^^^ItemsProcessedScore^^^ to MasterComponent::Request
I0328 09:46:08.011135  6804 c_interface.cc:205] ArtmCopyRequestedMessage is copying 54 bytes...
I0328 09:46:08.013124  3240 c_interface.cc:359] Pass FitOfflineMasterModelArgs, batch_filename_size=5, batch_weight_size=5, num_collection_passes=1 to void (__cdecl artm::core::MasterComponent::*)(class artm::FitOfflineMasterModelArgs const & __ptr64) __ptr64
I0328 09:46:08.013124  3240 master_component.cc:1162] ProcessBatchesArgs: nwt_target_name=nwt, batch_filename_size=5, batch_size=0, batch_weight_size=5, pwt_source_name=pwt, num_document_passes=1, regularizer=(name:SparsePhi, tau:-100), class=(text:1), reuse_theta=yes, opt_for_avx=yes, predict_class_id=
I0328 09:46:08.043133 10204 processor.cc:666] Processing queue has data, processing started
I0328 09:46:08.043133  8148 processor.cc:666] Processing queue has data, processing started
I0328 09:46:08.043133  1124 processor.cc:666] Processing queue has data, processing started
I0328 09:46:08.045094  9960 processor.cc:666] Processing queue has data, processing started
I0328 09:46:08.047094 10204 processor.cc:742] Processor: start processing batch 78b19bca-f842-4091-aab7-a6eee98f34ca into model nwt
I0328 09:46:08.047094  1124 processor.cc:742] Processor: start processing batch 08950470-647c-4955-bf17-32864e35ceeb into model nwt
I0328 09:46:08.047094  8148 processor.cc:742] Processor: start processing batch 2868a5be-e8f1-47db-a8d0-c9a19db3db70 into model nwt
I0328 09:46:08.049093  9960 processor.cc:742] Processor: start processing batch 73c6ae99-9f61-402a-8c01-eee9f827e222 into model nwt
I0328 09:46:08.121109  8148 processor.cc:830] Processor: complete processing batch 2868a5be-e8f1-47db-a8d0-c9a19db3db70 into model nwt
I0328 09:46:08.121109  8148 cuckoo_watch.h:44] 79ms in ProcessBatch(school_batches\aaaaac.batch) [including 4ms in LoadMessage; 2ms in InitializeSparseNdw; 21ms in InferThetaAndUpdateNwtSparse; 20ms in CalculateScore(PerplexityScore); 6ms in CalculateScore(SparsityThetaScore); 21ms in CalculateScore(^^^ItemsProcessedScore^^^); ]
I0328 09:46:08.123108 10204 processor.cc:830] Processor: complete processing batch 78b19bca-f842-4091-aab7-a6eee98f34ca into model nwt
I0328 09:46:08.125108 10204 cuckoo_watch.h:44] 83ms in ProcessBatch(school_batches\aaaaab.batch) [including 3ms in LoadMessage; 2ms in InitializeSparseNdw; 21ms in InferThetaAndUpdateNwtSparse; 25ms in CalculateScore(PerplexityScore); 5ms in CalculateScore(SparsityThetaScore); 20ms in CalculateScore(^^^ItemsProcessedScore^^^); ]
I0328 09:46:08.127110  8148 processor.cc:742] Processor: start processing batch 4424f66d-496b-46d8-98a8-ea4d6fe056c4 into model nwt
I0328 09:46:08.133111  9960 processor.cc:830] Processor: complete processing batch 73c6ae99-9f61-402a-8c01-eee9f827e222 into model nwt
I0328 09:46:08.133111  9960 cuckoo_watch.h:44] 89ms in ProcessBatch(school_batches\aaaaad.batch) [including 4ms in LoadMessage; 2ms in InitializeSparseNdw; 25ms in InferThetaAndUpdateNwtSparse; 26ms in CalculateScore(PerplexityScore); 5ms in CalculateScore(SparsityThetaScore); 22ms in CalculateScore(^^^ItemsProcessedScore^^^); ]
I0328 09:46:08.145112  1124 processor.cc:830] Processor: complete processing batch 08950470-647c-4955-bf17-32864e35ceeb into model nwt
I0328 09:46:08.147112  1124 cuckoo_watch.h:44] 104ms in ProcessBatch(school_batches\aaaaaa.batch) [including 4ms in LoadMessage; 2ms in InitializeSparseNdw; 37ms in InferThetaAndUpdateNwtSparse; 31ms in CalculateScore(PerplexityScore); 6ms in CalculateScore(SparsityThetaScore); 19ms in CalculateScore(^^^ItemsProcessedScore^^^); ]
I0328 09:46:08.177116 10204 processor.cc:659] No data in processing queue, waiting...
I0328 09:46:08.177116  8148 processor.cc:830] Processor: complete processing batch 4424f66d-496b-46d8-98a8-ea4d6fe056c4 into model nwt
I0328 09:46:08.177116  8148 cuckoo_watch.h:44] 56ms in ProcessBatch(school_batches\aaaaae.batch) [including 3ms in LoadMessage; 2ms in InitializeSparseNdw; 19ms in InferThetaAndUpdateNwtSparse; 11ms in CalculateScore(PerplexityScore); 3ms in CalculateScore(SparsityThetaScore); 12ms in CalculateScore(^^^ItemsProcessedScore^^^); ]
I0328 09:46:08.179119  3240 master_component.cc:1200] RegularizeModelArgs: rwt_target_name=rwt, pwt_source_name=pwt, nwt_source_name=nwt
I0328 09:46:08.179119  3240 master_component.cc:785] MasterComponent: start regularizing model pwt
I0328 09:46:08.185118  9960 processor.cc:659] No data in processing queue, waiting...
I0328 09:46:08.195161  1124 processor.cc:659] No data in processing queue, waiting...
I0328 09:46:08.225692  8148 processor.cc:659] No data in processing queue, waiting...
I0328 09:46:08.247699  3240 master_component.cc:808] MasterComponent: complete regularizing model pwt
I0328 09:46:08.247699  3240 master_component.cc:1211] NormalizeModelArgs: pwt_target_name=pwt, nwt_source_name=nwt, rwt_source_name=rwt
I0328 09:46:08.247699  3240 master_component.cc:812] MasterComponent: start normalizing model nwt
I0328 09:46:08.287706  3240 master_component.cc:834] MasterComponent: complete normalizing model nwt
I0328 09:46:08.329668  3240 master_component.cc:1235] DisposeModel rwt
I0328 09:46:08.335669  3240 master_component.cc:858] FitOffline: ItemsProcessed, num_items=476, num_batches=5, token_weight=160411, token_weight_in_effect=160411
I0328 09:46:08.335669  6804 c_interface.cc:523] Pass GetScoreValueArgs, score_name=^^^ItemsProcessedScore^^^ to MasterComponent::Request
I0328 09:46:08.335669  6804 c_interface.cc:205] ArtmCopyRequestedMessage is copying 54 bytes...
I0328 09:46:08.335669  3240 c_interface.cc:359] Pass FitOfflineMasterModelArgs, batch_filename_size=5, batch_weight_size=5, num_collection_passes=1 to void (__cdecl artm::core::MasterComponent::*)(class artm::FitOfflineMasterModelArgs const & __ptr64) __ptr64
I0328 09:46:08.335669  3240 master_component.cc:1162] ProcessBatchesArgs: nwt_target_name=nwt, batch_filename_size=5, batch_size=0, batch_weight_size=5, pwt_source_name=pwt, num_document_passes=1, regularizer=(name:SparsePhi, tau:-100), class=(text:1), reuse_theta=yes, opt_for_avx=yes, predict_class_id=
I0328 09:46:08.373677  8148 processor.cc:666] Processing queue has data, processing started
I0328 09:46:08.373677 10204 processor.cc:666] Processing queue has data, processing started
I0328 09:46:08.373677  1124 processor.cc:666] Processing queue has data, processing started
I0328 09:46:08.373677  9960 processor.cc:666] Processing queue has data, processing started
I0328 09:46:08.377676  9960 processor.cc:742] Processor: start processing batch 73c6ae99-9f61-402a-8c01-eee9f827e222 into model nwt
I0328 09:46:08.377676  1124 processor.cc:742] Processor: start processing batch 2868a5be-e8f1-47db-a8d0-c9a19db3db70 into model nwt
I0328 09:46:08.377676  8148 processor.cc:742] Processor: start processing batch 78b19bca-f842-4091-aab7-a6eee98f34ca into model nwt
I0328 09:46:08.377676 10204 processor.cc:742] Processor: start processing batch 08950470-647c-4955-bf17-32864e35ceeb into model nwt
I0328 09:46:08.447690 10204 processor.cc:830] Processor: complete processing batch 08950470-647c-4955-bf17-32864e35ceeb into model nwt
I0328 09:46:08.447690  1124 processor.cc:830] Processor: complete processing batch 2868a5be-e8f1-47db-a8d0-c9a19db3db70 into model nwt
I0328 09:46:08.447690 10204 cuckoo_watch.h:44] 75ms in ProcessBatch(school_batches\aaaaaa.batch) [including 4ms in LoadMessage; 2ms in InitializeSparseNdw; 19ms in InferThetaAndUpdateNwtSparse; 19ms in CalculateScore(PerplexityScore); 6ms in CalculateScore(SparsityThetaScore); 20ms in CalculateScore(^^^ItemsProcessedScore^^^); ]
I0328 09:46:08.447690  8148 processor.cc:830] Processor: complete processing batch 78b19bca-f842-4091-aab7-a6eee98f34ca into model nwt
I0328 09:46:08.449690  1124 cuckoo_watch.h:44] 76ms in ProcessBatch(school_batches\aaaaac.batch) [including 4ms in LoadMessage; 2ms in InitializeSparseNdw; 20ms in InferThetaAndUpdateNwtSparse; 19ms in CalculateScore(PerplexityScore); 6ms in CalculateScore(SparsityThetaScore); 20ms in CalculateScore(^^^ItemsProcessedScore^^^); ]
I0328 09:46:08.449690  8148 cuckoo_watch.h:44] 76ms in ProcessBatch(school_batches\aaaaab.batch) [including 4ms in LoadMessage; 2ms in InitializeSparseNdw; 19ms in InferThetaAndUpdateNwtSparse; 20ms in CalculateScore(PerplexityScore); 5ms in CalculateScore(SparsityThetaScore); 21ms in CalculateScore(^^^ItemsProcessedScore^^^); ]
I0328 09:46:08.453691 10204 processor.cc:742] Processor: start processing batch 4424f66d-496b-46d8-98a8-ea4d6fe056c4 into model nwt
I0328 09:46:08.455690  9960 processor.cc:830] Processor: complete processing batch 73c6ae99-9f61-402a-8c01-eee9f827e222 into model nwt
I0328 09:46:08.455690  9960 cuckoo_watch.h:44] 83ms in ProcessBatch(school_batches\aaaaad.batch) [including 4ms in LoadMessage; 2ms in InitializeSparseNdw; 20ms in InferThetaAndUpdateNwtSparse; 22ms in CalculateScore(PerplexityScore); 5ms in CalculateScore(SparsityThetaScore); 24ms in CalculateScore(^^^ItemsProcessedScore^^^); ]
I0328 09:46:08.497948  8148 processor.cc:659] No data in processing queue, waiting...
I0328 09:46:08.497948  1124 processor.cc:659] No data in processing queue, waiting...
I0328 09:46:08.498949  9960 processor.cc:659] No data in processing queue, waiting...
I0328 09:46:08.510465 10204 processor.cc:830] Processor: complete processing batch 4424f66d-496b-46d8-98a8-ea4d6fe056c4 into model nwt
I0328 09:46:08.512467 10204 cuckoo_watch.h:44] 63ms in ProcessBatch(school_batches\aaaaae.batch) [including 3ms in LoadMessage; 2ms in InitializeSparseNdw; 17ms in InferThetaAndUpdateNwtSparse; 14ms in CalculateScore(PerplexityScore); 4ms in CalculateScore(SparsityThetaScore); 18ms in CalculateScore(^^^ItemsProcessedScore^^^); ]
I0328 09:46:08.516468  3240 master_component.cc:1200] RegularizeModelArgs: rwt_target_name=rwt, pwt_source_name=pwt, nwt_source_name=nwt
I0328 09:46:08.516468  3240 master_component.cc:785] MasterComponent: start regularizing model pwt
I0328 09:46:08.575788 10204 processor.cc:659] No data in processing queue, waiting...
I0328 09:46:08.616817  3240 master_component.cc:808] MasterComponent: complete regularizing model pwt
I0328 09:46:08.616817  3240 master_component.cc:1211] NormalizeModelArgs: pwt_target_name=pwt, nwt_source_name=nwt, rwt_source_name=rwt
I0328 09:46:08.616817  3240 master_component.cc:812] MasterComponent: start normalizing model nwt
I0328 09:46:08.695868  3240 master_component.cc:834] MasterComponent: complete normalizing model nwt
I0328 09:46:08.749343  3240 master_component.cc:1235] DisposeModel rwt
I0328 09:46:08.755345  3240 master_component.cc:858] FitOffline: ItemsProcessed, num_items=476, num_batches=5, token_weight=160411, token_weight_in_effect=160411
I0328 09:46:08.755345  6804 c_interface.cc:523] Pass GetScoreValueArgs, score_name=^^^ItemsProcessedScore^^^ to MasterComponent::Request
I0328 09:46:08.755345  6804 c_interface.cc:205] ArtmCopyRequestedMessage is copying 54 bytes...
I0328 09:46:08.755345  3240 c_interface.cc:359] Pass FitOfflineMasterModelArgs, batch_filename_size=5, batch_weight_size=5, num_collection_passes=1 to void (__cdecl artm::core::MasterComponent::*)(class artm::FitOfflineMasterModelArgs const & __ptr64) __ptr64
I0328 09:46:08.755345  3240 master_component.cc:1162] ProcessBatchesArgs: nwt_target_name=nwt, batch_filename_size=5, batch_size=0, batch_weight_size=5, pwt_source_name=pwt, num_document_passes=1, regularizer=(name:SparsePhi, tau:-100), class=(text:1), reuse_theta=yes, opt_for_avx=yes, predict_class_id=
I0328 09:46:08.797819  1124 processor.cc:666] Processing queue has data, processing started
I0328 09:46:08.797819  8148 processor.cc:666] Processing queue has data, processing started
I0328 09:46:08.798820 10204 processor.cc:666] Processing queue has data, processing started
I0328 09:46:08.799821  9960 processor.cc:666] Processing queue has data, processing started
I0328 09:46:08.802824  8148 processor.cc:742] Processor: start processing batch 78b19bca-f842-4091-aab7-a6eee98f34ca into model nwt
I0328 09:46:08.805827  9960 processor.cc:742] Processor: start processing batch 73c6ae99-9f61-402a-8c01-eee9f827e222 into model nwt
I0328 09:46:08.805827  1124 processor.cc:742] Processor: start processing batch 08950470-647c-4955-bf17-32864e35ceeb into model nwt
I0328 09:46:08.807826 10204 processor.cc:742] Processor: start processing batch 2868a5be-e8f1-47db-a8d0-c9a19db3db70 into model nwt
I0328 09:46:08.877923  8148 processor.cc:830] Processor: complete processing batch 78b19bca-f842-4091-aab7-a6eee98f34ca into model nwt
I0328 09:46:08.879922  8148 cuckoo_watch.h:44] 82ms in ProcessBatch(school_batches\aaaaab.batch) [including 4ms in LoadMessage; 2ms in InitializeSparseNdw; 22ms in InferThetaAndUpdateNwtSparse; 21ms in CalculateScore(PerplexityScore); 5ms in CalculateScore(SparsityThetaScore); 22ms in CalculateScore(^^^ItemsProcessedScore^^^); ]
I0328 09:46:08.883922  8148 processor.cc:742] Processor: start processing batch 4424f66d-496b-46d8-98a8-ea4d6fe056c4 into model nwt
I0328 09:46:08.893925  1124 processor.cc:830] Processor: complete processing batch 08950470-647c-4955-bf17-32864e35ceeb into model nwt
I0328 09:46:08.895925  1124 cuckoo_watch.h:44] 98ms in ProcessBatch(school_batches\aaaaaa.batch) [including 7ms in LoadMessage; 2ms in InitializeSparseNdw; 25ms in InferThetaAndUpdateNwtSparse; 26ms in CalculateScore(PerplexityScore); 8ms in CalculateScore(SparsityThetaScore); 24ms in CalculateScore(^^^ItemsProcessedScore^^^); ]
I0328 09:46:08.895925  9960 processor.cc:830] Processor: complete processing batch 73c6ae99-9f61-402a-8c01-eee9f827e222 into model nwt
I0328 09:46:08.897927  9960 cuckoo_watch.h:44] 98ms in ProcessBatch(school_batches\aaaaad.batch) [including 5ms in LoadMessage; 3ms in InitializeSparseNdw; 25ms in InferThetaAndUpdateNwtSparse; 28ms in CalculateScore(PerplexityScore); 6ms in CalculateScore(SparsityThetaScore); 27ms in CalculateScore(^^^ItemsProcessedScore^^^); ]
I0328 09:46:08.927935 10204 processor.cc:830] Processor: complete processing batch 2868a5be-e8f1-47db-a8d0-c9a19db3db70 into model nwt
I0328 09:46:08.927935 10204 cuckoo_watch.h:44] 129ms in ProcessBatch(school_batches\aaaaac.batch) [including 4ms in LoadMessage; 5ms in InitializeSparseNdw; 55ms in InferThetaAndUpdateNwtSparse; 33ms in CalculateScore(PerplexityScore); 5ms in CalculateScore(SparsityThetaScore); 18ms in CalculateScore(^^^ItemsProcessedScore^^^); ]
I0328 09:46:08.943934  8148 processor.cc:830] Processor: complete processing batch 4424f66d-496b-46d8-98a8-ea4d6fe056c4 into model nwt
I0328 09:46:08.943934  8148 cuckoo_watch.h:44] 65ms in ProcessBatch(school_batches\aaaaae.batch) [including 3ms in LoadMessage; 2ms in InitializeSparseNdw; 21ms in InferThetaAndUpdateNwtSparse; 17ms in CalculateScore(PerplexityScore); 5ms in CalculateScore(SparsityThetaScore); 13ms in CalculateScore(^^^ItemsProcessedScore^^^); ]
I0328 09:46:08.945935  3240 master_component.cc:1200] RegularizeModelArgs: rwt_target_name=rwt, pwt_source_name=pwt, nwt_source_name=nwt
I0328 09:46:08.945935  3240 master_component.cc:785] MasterComponent: start regularizing model pwt
I0328 09:46:08.957937  1124 processor.cc:659] No data in processing queue, waiting...
I0328 09:46:08.963938  9960 processor.cc:659] No data in processing queue, waiting...
I0328 09:46:08.987942 10204 processor.cc:659] No data in processing queue, waiting...
I0328 09:46:09.007946  8148 processor.cc:659] No data in processing queue, waiting...
I0328 09:46:09.027953  3240 master_component.cc:808] MasterComponent: complete regularizing model pwt
I0328 09:46:09.027953  3240 master_component.cc:1211] NormalizeModelArgs: pwt_target_name=pwt, nwt_source_name=nwt, rwt_source_name=rwt
I0328 09:46:09.027953  3240 master_component.cc:812] MasterComponent: start normalizing model nwt
I0328 09:46:09.089910  3240 master_component.cc:834] MasterComponent: complete normalizing model nwt
I0328 09:46:09.130110  3240 master_component.cc:1235] DisposeModel rwt
I0328 09:46:09.134114  3240 master_component.cc:858] FitOffline: ItemsProcessed, num_items=476, num_batches=5, token_weight=160411, token_weight_in_effect=160411
I0328 09:46:09.134114  6804 c_interface.cc:523] Pass GetScoreValueArgs, score_name=^^^ItemsProcessedScore^^^ to MasterComponent::Request
I0328 09:46:09.134114  6804 c_interface.cc:205] ArtmCopyRequestedMessage is copying 54 bytes...
I0328 09:46:09.136111  3240 c_interface.cc:359] Pass FitOfflineMasterModelArgs, batch_filename_size=5, batch_weight_size=5, num_collection_passes=1 to void (__cdecl artm::core::MasterComponent::*)(class artm::FitOfflineMasterModelArgs const & __ptr64) __ptr64
I0328 09:46:09.136111  3240 master_component.cc:1162] ProcessBatchesArgs: nwt_target_name=nwt, batch_filename_size=5, batch_size=0, batch_weight_size=5, pwt_source_name=pwt, num_document_passes=1, regularizer=(name:SparsePhi, tau:-100), class=(text:1), reuse_theta=yes, opt_for_avx=yes, predict_class_id=
I0328 09:46:09.176161  1124 processor.cc:666] Processing queue has data, processing started
I0328 09:46:09.176161  8148 processor.cc:666] Processing queue has data, processing started
I0328 09:46:09.176161 10204 processor.cc:666] Processing queue has data, processing started
I0328 09:46:09.176161  9960 processor.cc:666] Processing queue has data, processing started
I0328 09:46:09.180119  9960 processor.cc:742] Processor: start processing batch 73c6ae99-9f61-402a-8c01-eee9f827e222 into model nwt
I0328 09:46:09.180119  8148 processor.cc:742] Processor: start processing batch 08950470-647c-4955-bf17-32864e35ceeb into model nwt
I0328 09:46:09.180119  1124 processor.cc:742] Processor: start processing batch 78b19bca-f842-4091-aab7-a6eee98f34ca into model nwt
I0328 09:46:09.184119 10204 processor.cc:742] Processor: start processing batch 2868a5be-e8f1-47db-a8d0-c9a19db3db70 into model nwt
I0328 09:46:09.253474  9960 processor.cc:830] Processor: complete processing batch 73c6ae99-9f61-402a-8c01-eee9f827e222 into model nwt
I0328 09:46:09.255475  9960 cuckoo_watch.h:44] 79ms in ProcessBatch(school_batches\aaaaad.batch) [including 4ms in LoadMessage; 3ms in InitializeSparseNdw; 21ms in InferThetaAndUpdateNwtSparse; 20ms in CalculateScore(PerplexityScore); 5ms in CalculateScore(SparsityThetaScore); 21ms in CalculateScore(^^^ItemsProcessedScore^^^); ]
I0328 09:46:09.257474  1124 processor.cc:830] Processor: complete processing batch 78b19bca-f842-4091-aab7-a6eee98f34ca into model nwt
I0328 09:46:09.259476  1124 cuckoo_watch.h:44] 84ms in ProcessBatch(school_batches\aaaaab.batch) [including 4ms in LoadMessage; 2ms in InitializeSparseNdw; 23ms in InferThetaAndUpdateNwtSparse; 22ms in CalculateScore(PerplexityScore); 5ms in CalculateScore(SparsityThetaScore); 22ms in CalculateScore(^^^ItemsProcessedScore^^^); ]
I0328 09:46:09.259476  9960 processor.cc:742] Processor: start processing batch 4424f66d-496b-46d8-98a8-ea4d6fe056c4 into model nwt
I0328 09:46:09.265476  8148 processor.cc:830] Processor: complete processing batch 08950470-647c-4955-bf17-32864e35ceeb into model nwt
I0328 09:46:09.267478  8148 cuckoo_watch.h:44] 91ms in ProcessBatch(school_batches\aaaaaa.batch) [including 4ms in LoadMessage; 2ms in InitializeSparseNdw; 22ms in InferThetaAndUpdateNwtSparse; 27ms in CalculateScore(PerplexityScore); 9ms in CalculateScore(SparsityThetaScore); 21ms in CalculateScore(^^^ItemsProcessedScore^^^); ]
I0328 09:46:09.267478 10204 processor.cc:830] Processor: complete processing batch 2868a5be-e8f1-47db-a8d0-c9a19db3db70 into model nwt
I0328 09:46:09.269477 10204 cuckoo_watch.h:44] 94ms in ProcessBatch(school_batches\aaaaac.batch) [including 6ms in LoadMessage; 4ms in InitializeSparseNdw; 28ms in InferThetaAndUpdateNwtSparse; 23ms in CalculateScore(PerplexityScore); 5ms in CalculateScore(SparsityThetaScore); 21ms in CalculateScore(^^^ItemsProcessedScore^^^); ]
I0328 09:46:09.317484  9960 processor.cc:830] Processor: complete processing batch 4424f66d-496b-46d8-98a8-ea4d6fe056c4 into model nwt
I0328 09:46:09.317484  9960 cuckoo_watch.h:44] 62ms in ProcessBatch(school_batches\aaaaae.batch) [including 3ms in LoadMessage; 2ms in InitializeSparseNdw; 21ms in InferThetaAndUpdateNwtSparse; 16ms in CalculateScore(PerplexityScore); 4ms in CalculateScore(SparsityThetaScore); 12ms in CalculateScore(^^^ItemsProcessedScore^^^); ]
I0328 09:46:09.319488  3240 master_component.cc:1200] RegularizeModelArgs: rwt_target_name=rwt, pwt_source_name=pwt, nwt_source_name=nwt
I0328 09:46:09.319488  3240 master_component.cc:785] MasterComponent: start regularizing model pwt
I0328 09:46:09.351492  1124 processor.cc:659] No data in processing queue, waiting...
I0328 09:46:09.353492  8148 processor.cc:659] No data in processing queue, waiting...
I0328 09:46:09.355492 10204 processor.cc:659] No data in processing queue, waiting...
I0328 09:46:09.379497  9960 processor.cc:659] No data in processing queue, waiting...
I0328 09:46:09.389498  3240 master_component.cc:808] MasterComponent: complete regularizing model pwt
I0328 09:46:09.389498  3240 master_component.cc:1211] NormalizeModelArgs: pwt_target_name=pwt, nwt_source_name=nwt, rwt_source_name=rwt
I0328 09:46:09.389498  3240 master_component.cc:812] MasterComponent: start normalizing model nwt
I0328 09:46:09.434727  3240 master_component.cc:834] MasterComponent: complete normalizing model nwt
I0328 09:46:09.472429  3240 master_component.cc:1235] DisposeModel rwt
I0328 09:46:09.476431  3240 master_component.cc:858] FitOffline: ItemsProcessed, num_items=476, num_batches=5, token_weight=160411, token_weight_in_effect=160411
I0328 09:46:09.476431  6804 c_interface.cc:523] Pass GetScoreValueArgs, score_name=^^^ItemsProcessedScore^^^ to MasterComponent::Request
I0328 09:46:09.478430  6804 c_interface.cc:205] ArtmCopyRequestedMessage is copying 54 bytes...
I0328 09:46:09.478430  3240 c_interface.cc:359] Pass FitOfflineMasterModelArgs, batch_filename_size=5, batch_weight_size=5, num_collection_passes=1 to void (__cdecl artm::core::MasterComponent::*)(class artm::FitOfflineMasterModelArgs const & __ptr64) __ptr64
I0328 09:46:09.478430  3240 master_component.cc:1162] ProcessBatchesArgs: nwt_target_name=nwt, batch_filename_size=5, batch_size=0, batch_weight_size=5, pwt_source_name=pwt, num_document_passes=1, regularizer=(name:SparsePhi, tau:-100), class=(text:1), reuse_theta=yes, opt_for_avx=yes, predict_class_id=
I0328 09:46:09.510434  8148 processor.cc:666] Processing queue has data, processing started
