Log file created at: 2017/03/28 09:43:44
Running on machine: —“¿—» -œ 
Log line format: [IWEF]mmdd hh:mm:ss.uuuuuu threadid file:line] msg
I0328 09:43:44.654816  6804 c_interface.cc:102] Logging enabled to .
I0328 09:43:44.655818  6804 c_interface.cc:246] Creating MasterModel (id=1)...
I0328 09:43:44.657819  6804 collection_parser.cc:534] CollectionParserConfig.num_threads is automatically set to 4
W0328 09:43:44.824038  7476 helpers.cc:211] File already exists: school_batches\aaaaab.batch
W0328 09:43:44.836040  7516 helpers.cc:211] File already exists: school_batches\aaaaaa.batch
W0328 09:43:44.848042  4748 helpers.cc:211] File already exists: school_batches\aaaaac.batch
W0328 09:43:44.868372   880 helpers.cc:211] File already exists: school_batches\aaaaad.batch
W0328 09:43:44.953647  7476 helpers.cc:211] File already exists: school_batches\aaaaae.batch
I0328 09:43:44.967648  6804 c_interface.cc:345] Pass b7cc13a7-002e-42df-8458-3cd601646d16 to void (__cdecl artm::core::MasterComponent::*)(class std::basic_string<char,struct std::char_traits<char>,class std::allocator<char> > const & __ptr64) __ptr64
I0328 09:43:44.967648  6804 c_interface.cc:359] Pass GatherDictionaryArgs: dictionary_target_name=b7cc13a7-002e-42df-8458-3cd601646d16, data_path=school_batches, symmetric_cooc_values=0 to void (__cdecl artm::core::MasterComponent::*)(class artm::GatherDictionaryArgs const & __ptr64) __ptr64
I0328 09:43:44.967648  6804 dictionary_operations.cc:235] Found 5 batches in 'school_batches' folder
I0328 09:43:45.017658  6804 dictionary_operations.cc:292] Find 16099 unique tokens in 476 items
I0328 09:43:45.552237  6804 c_interface.cc:246] Creating MasterModel (id=2)...
I0328 09:43:45.553237  6804 c_interface.cc:345] Pass 583604f2-497f-4995-8ee4-7ff278e76ee8 to void (__cdecl artm::core::MasterComponent::*)(class std::basic_string<char,struct std::char_traits<char>,class std::allocator<char> > const & __ptr64) __ptr64
I0328 09:43:45.553237  6804 c_interface.cc:359] Pass GatherDictionaryArgs: dictionary_target_name=583604f2-497f-4995-8ee4-7ff278e76ee8, data_path=school_batches, symmetric_cooc_values=0 to void (__cdecl artm::core::MasterComponent::*)(class artm::GatherDictionaryArgs const & __ptr64) __ptr64
I0328 09:43:45.554239  6804 dictionary_operations.cc:235] Found 5 batches in 'school_batches' folder
I0328 09:43:45.604315  6804 dictionary_operations.cc:292] Find 16099 unique tokens in 476 items
I0328 09:43:45.636334  6804 c_interface.cc:345] Pass b7cc13a7-002e-42df-8458-3cd601646d16 to void (__cdecl artm::core::MasterComponent::*)(class std::basic_string<char,struct std::char_traits<char>,class std::allocator<char> > const & __ptr64) __ptr64
I0328 09:43:45.639339  6804 c_interface.cc:309] Disposing MasterComponent (id=1)...
I0328 09:43:46.513348  6804 instance.cc:380] MasterModelConfig.processors_count is automatically set to 4
I0328 09:43:46.513348  6804 c_interface.cc:246] Creating MasterModel (id=3)...
I0328 09:43:46.513348 10204 processor.cc:643] Processor thread started
I0328 09:43:46.513348  8148 processor.cc:643] Processor thread started
I0328 09:43:46.513348  1124 processor.cc:643] Processor thread started
I0328 09:43:46.513348  9960 processor.cc:643] Processor thread started
I0328 09:43:46.549386  1124 processor.cc:659] No data in processing queue, waiting...
I0328 09:43:46.549386  9960 processor.cc:659] No data in processing queue, waiting...
I0328 09:43:46.554399 10204 processor.cc:659] No data in processing queue, waiting...
I0328 09:43:46.554399  8148 processor.cc:659] No data in processing queue, waiting...
I0328 09:43:47.593303  6804 c_interface.cc:246] Creating MasterModel (id=4)...
I0328 09:43:47.594305  6804 c_interface.cc:345] Pass dictionary to void (__cdecl artm::core::MasterComponent::*)(class std::basic_string<char,struct std::char_traits<char>,class std::allocator<char> > const & __ptr64) __ptr64
I0328 09:43:47.594305  6804 c_interface.cc:359] Pass GatherDictionaryArgs: dictionary_target_name=dictionary, data_path=school_batches, symmetric_cooc_values=0 to void (__cdecl artm::core::MasterComponent::*)(class artm::GatherDictionaryArgs const & __ptr64) __ptr64
I0328 09:43:47.595307  6804 dictionary_operations.cc:235] Found 5 batches in 'school_batches' folder
I0328 09:43:47.647344  6804 dictionary_operations.cc:292] Find 16099 unique tokens in 476 items
I0328 09:44:26.993378  6804 c_interface.cc:359] Pass MasterModelConfig: topic_name_size=10, class=(text:1), score_config_size=2, num_processors=0, pwt_name=pwt, nwt_name=nwt, num_document_passes=1, reuse_theta=yes, cache_theta=yes, opt_for_avx=yes, disk_cache_path to void (__cdecl artm::core::MasterComponent::*)(class artm::MasterModelConfig const & __ptr64) __ptr64
I0328 09:44:26.999339  6804 instance.cc:380] MasterModelConfig.processors_count is automatically set to 4
I0328 09:44:27.030359  6804 perplexity.cc:24] Perplexity score calculator created: model_type=1, dictionary_name=dictionary
I0328 09:44:27.031359  6804 c_interface.cc:359] Pass MasterModelConfig: topic_name_size=10, class=(text:1), score_config_size=3, num_processors=0, pwt_name=pwt, nwt_name=nwt, num_document_passes=1, reuse_theta=yes, cache_theta=yes, opt_for_avx=yes, disk_cache_path to void (__cdecl artm::core::MasterComponent::*)(class artm::MasterModelConfig const & __ptr64) __ptr64
I0328 09:44:27.031359  6804 instance.cc:380] MasterModelConfig.processors_count is automatically set to 4
I0328 09:44:27.031359  6804 perplexity.cc:24] Perplexity score calculator created: model_type=1, dictionary_name=dictionary
I0328 09:44:27.031359  6804 c_interface.cc:359] Pass MasterModelConfig: topic_name_size=10, class=(text:1), score_config_size=4, num_processors=0, pwt_name=pwt, nwt_name=nwt, num_document_passes=1, reuse_theta=yes, cache_theta=yes, opt_for_avx=yes, disk_cache_path to void (__cdecl artm::core::MasterComponent::*)(class artm::MasterModelConfig const & __ptr64) __ptr64
I0328 09:44:27.031359  6804 instance.cc:380] MasterModelConfig.processors_count is automatically set to 4
I0328 09:44:27.031359  6804 perplexity.cc:24] Perplexity score calculator created: model_type=1, dictionary_name=dictionary
I0328 09:44:27.036365  6804 c_interface.cc:359] Pass MasterModelConfig: topic_name_size=10, class=(text:1), score_config_size=5, num_processors=0, pwt_name=pwt, nwt_name=nwt, num_document_passes=1, reuse_theta=yes, cache_theta=yes, opt_for_avx=yes, disk_cache_path to void (__cdecl artm::core::MasterComponent::*)(class artm::MasterModelConfig const & __ptr64) __ptr64
I0328 09:44:27.036365  6804 instance.cc:380] MasterModelConfig.processors_count is automatically set to 4
I0328 09:44:27.036365  6804 perplexity.cc:24] Perplexity score calculator created: model_type=1, dictionary_name=dictionary
I0328 09:44:28.018250  6804 c_interface.cc:345] Pass pwt to void (__cdecl artm::core::MasterComponent::*)(class std::basic_string<char,struct std::char_traits<char>,class std::allocator<char> > const & __ptr64) __ptr64
I0328 09:44:28.018250  6804 c_interface.cc:345] Pass nwt to void (__cdecl artm::core::MasterComponent::*)(class std::basic_string<char,struct std::char_traits<char>,class std::allocator<char> > const & __ptr64) __ptr64
I0328 09:44:28.031286  6804 c_interface.cc:359] Pass InitializeModelArgs: model_name=pwt, dictionary_name=dictionary, topic_name_size=10 to void (__cdecl artm::core::MasterComponent::*)(class artm::InitializeModelArgs const & __ptr64) __ptr64
I0328 09:44:28.151367  6804 master_component.cc:502] InitializeModel() created matrix pwt with 10 topics and 16099 tokens; 
I0328 09:44:28.163370  6804 c_interface.cc:359] Pass InitializeModelArgs: model_name=nwt, dictionary_name=dictionary, topic_name_size=10 to void (__cdecl artm::core::MasterComponent::*)(class artm::InitializeModelArgs const & __ptr64) __ptr64
I0328 09:44:28.254794  6804 master_component.cc:502] InitializeModel() created matrix nwt with 10 topics and 16099 tokens; 
I0328 09:44:28.255795  6804 phi_matrix_operations.cc:82] RetrieveExternalTopicModel() with 10 topics, 16099 tokens
I0328 09:44:28.281896  6804 c_interface.cc:205] ArtmCopyRequestedMessage is copying 477630 bytes...
I0328 09:44:29.521881  3240 c_interface.cc:359] Pass FitOfflineMasterModelArgs, batch_filename_size=5, batch_weight_size=5, num_collection_passes=1 to void (__cdecl artm::core::MasterComponent::*)(class artm::FitOfflineMasterModelArgs const & __ptr64) __ptr64
I0328 09:44:29.521881  3240 master_component.cc:1162] ProcessBatchesArgs: nwt_target_name=nwt, batch_filename_size=5, batch_size=0, batch_weight_size=5, pwt_source_name=pwt, num_document_passes=1, class=(text:1), reuse_theta=yes, opt_for_avx=yes, predict_class_id=
I0328 09:44:29.557178  9960 processor.cc:666] Processing queue has data, processing started
I0328 09:44:29.557178  1124 processor.cc:666] Processing queue has data, processing started
I0328 09:44:29.557178 10204 processor.cc:666] Processing queue has data, processing started
I0328 09:44:29.557178  8148 processor.cc:666] Processing queue has data, processing started
I0328 09:44:29.563180  9960 processor.cc:742] Processor: start processing batch 08950470-647c-4955-bf17-32864e35ceeb into model nwt
I0328 09:44:29.563180 10204 processor.cc:742] Processor: start processing batch 73c6ae99-9f61-402a-8c01-eee9f827e222 into model nwt
I0328 09:44:29.563180  8148 processor.cc:742] Processor: start processing batch 78b19bca-f842-4091-aab7-a6eee98f34ca into model nwt
I0328 09:44:29.563180  1124 processor.cc:742] Processor: start processing batch 2868a5be-e8f1-47db-a8d0-c9a19db3db70 into model nwt
I0328 09:44:29.655196  8148 processor.cc:830] Processor: complete processing batch 78b19bca-f842-4091-aab7-a6eee98f34ca into model nwt
I0328 09:44:29.655196  9960 processor.cc:830] Processor: complete processing batch 08950470-647c-4955-bf17-32864e35ceeb into model nwt
I0328 09:44:29.655196  1124 processor.cc:830] Processor: complete processing batch 2868a5be-e8f1-47db-a8d0-c9a19db3db70 into model nwt
I0328 09:44:29.655196 10204 processor.cc:830] Processor: complete processing batch 73c6ae99-9f61-402a-8c01-eee9f827e222 into model nwt
I0328 09:44:29.665199  9960 cuckoo_watch.h:44] 109ms in ProcessBatch(school_batches\aaaaaa.batch) [including 4ms in LoadMessage; 20ms in InitializeSparseNdw; 17ms in InferThetaAndUpdateNwtSparse; 27ms in CalculateScore(PerplexityScore); 5ms in CalculateScore(SparsityThetaScore); 21ms in CalculateScore(^^^ItemsProcessedScore^^^); ]
I0328 09:44:29.667198  8148 cuckoo_watch.h:44] 109ms in ProcessBatch(school_batches\aaaaab.batch) [including 4ms in LoadMessage; 20ms in InitializeSparseNdw; 16ms in InferThetaAndUpdateNwtSparse; 27ms in CalculateScore(PerplexityScore); 6ms in CalculateScore(SparsityThetaScore); 21ms in CalculateScore(^^^ItemsProcessedScore^^^); ]
I0328 09:44:29.667198 10204 cuckoo_watch.h:44] 109ms in ProcessBatch(school_batches\aaaaad.batch) [including 4ms in LoadMessage; 20ms in InitializeSparseNdw; 17ms in InferThetaAndUpdateNwtSparse; 27ms in CalculateScore(PerplexityScore); 7ms in CalculateScore(SparsityThetaScore); 20ms in CalculateScore(^^^ItemsProcessedScore^^^); ]
I0328 09:44:29.667198  1124 cuckoo_watch.h:44] 109ms in ProcessBatch(school_batches\aaaaac.batch) [including 4ms in LoadMessage; 20ms in InitializeSparseNdw; 17ms in InferThetaAndUpdateNwtSparse; 28ms in CalculateScore(PerplexityScore); 6ms in CalculateScore(SparsityThetaScore); 20ms in CalculateScore(^^^ItemsProcessedScore^^^); ]
I0328 09:44:29.671202  9960 processor.cc:742] Processor: start processing batch 4424f66d-496b-46d8-98a8-ea4d6fe056c4 into model nwt
I0328 09:44:29.713192  9960 processor.cc:830] Processor: complete processing batch 4424f66d-496b-46d8-98a8-ea4d6fe056c4 into model nwt
I0328 09:44:29.713192  9960 cuckoo_watch.h:44] 47ms in ProcessBatch(school_batches\aaaaae.batch) [including 3ms in LoadMessage; 1ms in InitializeSparseNdw; 12ms in InferThetaAndUpdateNwtSparse; 11ms in CalculateScore(PerplexityScore); 3ms in CalculateScore(SparsityThetaScore); 13ms in CalculateScore(^^^ItemsProcessedScore^^^); ]
I0328 09:44:29.717197  3240 master_component.cc:1211] NormalizeModelArgs: pwt_target_name=pwt, nwt_source_name=nwt, rwt_source_name=
I0328 09:44:29.717197  3240 master_component.cc:812] MasterComponent: start normalizing model nwt
I0328 09:44:29.726248  8148 processor.cc:659] No data in processing queue, waiting...
I0328 09:44:29.726248  1124 processor.cc:659] No data in processing queue, waiting...
I0328 09:44:29.726248 10204 processor.cc:659] No data in processing queue, waiting...
I0328 09:44:29.753283  3240 master_component.cc:834] MasterComponent: complete normalizing model nwt
I0328 09:44:29.767329  9960 processor.cc:659] No data in processing queue, waiting...
I0328 09:44:29.797334  3240 master_component.cc:1235] DisposeModel rwt
I0328 09:44:29.797334  3240 master_component.cc:858] FitOffline: ItemsProcessed, num_items=476, num_batches=5, token_weight=160411, token_weight_in_effect=160411
I0328 09:44:29.797334  6804 c_interface.cc:523] Pass GetScoreValueArgs, score_name=^^^ItemsProcessedScore^^^ to MasterComponent::Request
I0328 09:44:29.797334  6804 c_interface.cc:205] ArtmCopyRequestedMessage is copying 54 bytes...
I0328 09:44:29.797334  3240 c_interface.cc:359] Pass FitOfflineMasterModelArgs, batch_filename_size=5, batch_weight_size=5, num_collection_passes=1 to void (__cdecl artm::core::MasterComponent::*)(class artm::FitOfflineMasterModelArgs const & __ptr64) __ptr64
I0328 09:44:29.797334  3240 master_component.cc:1162] ProcessBatchesArgs: nwt_target_name=nwt, batch_filename_size=5, batch_size=0, batch_weight_size=5, pwt_source_name=pwt, num_document_passes=1, class=(text:1), reuse_theta=yes, opt_for_avx=yes, predict_class_id=
I0328 09:44:29.831320  9960 processor.cc:666] Processing queue has data, processing started
I0328 09:44:29.831320  8148 processor.cc:666] Processing queue has data, processing started
I0328 09:44:29.831320  1124 processor.cc:666] Processing queue has data, processing started
I0328 09:44:29.831320 10204 processor.cc:666] Processing queue has data, processing started
I0328 09:44:29.835297  9960 processor.cc:742] Processor: start processing batch 73c6ae99-9f61-402a-8c01-eee9f827e222 into model nwt
I0328 09:44:29.835297  8148 processor.cc:742] Processor: start processing batch 08950470-647c-4955-bf17-32864e35ceeb into model nwt
I0328 09:44:29.835297  1124 processor.cc:742] Processor: start processing batch 78b19bca-f842-4091-aab7-a6eee98f34ca into model nwt
I0328 09:44:29.835297 10204 processor.cc:742] Processor: start processing batch 2868a5be-e8f1-47db-a8d0-c9a19db3db70 into model nwt
I0328 09:44:29.899308  8148 processor.cc:830] Processor: complete processing batch 08950470-647c-4955-bf17-32864e35ceeb into model nwt
I0328 09:44:29.899308  1124 processor.cc:830] Processor: complete processing batch 78b19bca-f842-4091-aab7-a6eee98f34ca into model nwt
I0328 09:44:29.901311  8148 cuckoo_watch.h:44] 70ms in ProcessBatch(school_batches\aaaaaa.batch) [including 4ms in LoadMessage; 2ms in InitializeSparseNdw; 16ms in InferThetaAndUpdateNwtSparse; 18ms in CalculateScore(PerplexityScore); 5ms in CalculateScore(SparsityThetaScore); 19ms in CalculateScore(^^^ItemsProcessedScore^^^); ]
I0328 09:44:29.901311  9960 processor.cc:830] Processor: complete processing batch 73c6ae99-9f61-402a-8c01-eee9f827e222 into model nwt
I0328 09:44:29.901311 10204 processor.cc:830] Processor: complete processing batch 2868a5be-e8f1-47db-a8d0-c9a19db3db70 into model nwt
I0328 09:44:29.903311  1124 cuckoo_watch.h:44] 72ms in ProcessBatch(school_batches\aaaaab.batch) [including 4ms in LoadMessage; 2ms in InitializeSparseNdw; 16ms in InferThetaAndUpdateNwtSparse; 18ms in CalculateScore(PerplexityScore); 5ms in CalculateScore(SparsityThetaScore); 19ms in CalculateScore(^^^ItemsProcessedScore^^^); ]
I0328 09:44:29.903311  9960 cuckoo_watch.h:44] 72ms in ProcessBatch(school_batches\aaaaad.batch) [including 4ms in LoadMessage; 2ms in InitializeSparseNdw; 16ms in InferThetaAndUpdateNwtSparse; 18ms in CalculateScore(PerplexityScore); 5ms in CalculateScore(SparsityThetaScore); 20ms in CalculateScore(^^^ItemsProcessedScore^^^); ]
I0328 09:44:29.903311 10204 cuckoo_watch.h:44] 73ms in ProcessBatch(school_batches\aaaaac.batch) [including 4ms in LoadMessage; 3ms in InitializeSparseNdw; 17ms in InferThetaAndUpdateNwtSparse; 19ms in CalculateScore(PerplexityScore); 5ms in CalculateScore(SparsityThetaScore); 20ms in CalculateScore(^^^ItemsProcessedScore^^^); ]
I0328 09:44:29.905309  8148 processor.cc:742] Processor: start processing batch 4424f66d-496b-46d8-98a8-ea4d6fe056c4 into model nwt
I0328 09:44:29.947316  8148 processor.cc:830] Processor: complete processing batch 4424f66d-496b-46d8-98a8-ea4d6fe056c4 into model nwt
I0328 09:44:29.947316  8148 cuckoo_watch.h:44] 47ms in ProcessBatch(school_batches\aaaaae.batch) [including 3ms in LoadMessage; 1ms in InitializeSparseNdw; 12ms in InferThetaAndUpdateNwtSparse; 12ms in CalculateScore(PerplexityScore); 3ms in CalculateScore(SparsityThetaScore); 11ms in CalculateScore(^^^ItemsProcessedScore^^^); ]
I0328 09:44:29.949317  3240 master_component.cc:1211] NormalizeModelArgs: pwt_target_name=pwt, nwt_source_name=nwt, rwt_source_name=
I0328 09:44:29.949317  3240 master_component.cc:812] MasterComponent: start normalizing model nwt
I0328 09:44:29.967320  1124 processor.cc:659] No data in processing queue, waiting...
I0328 09:44:29.967320 10204 processor.cc:659] No data in processing queue, waiting...
I0328 09:44:29.967320  9960 processor.cc:659] No data in processing queue, waiting...
I0328 09:44:29.985369  3240 master_component.cc:834] MasterComponent: complete normalizing model nwt
I0328 09:44:30.013331  8148 processor.cc:659] No data in processing queue, waiting...
I0328 09:44:30.027335  3240 master_component.cc:1235] DisposeModel rwt
I0328 09:44:30.027335  3240 master_component.cc:858] FitOffline: ItemsProcessed, num_items=476, num_batches=5, token_weight=160411, token_weight_in_effect=160411
I0328 09:44:30.029333  6804 c_interface.cc:523] Pass GetScoreValueArgs, score_name=^^^ItemsProcessedScore^^^ to MasterComponent::Request
I0328 09:44:30.029333  6804 c_interface.cc:205] ArtmCopyRequestedMessage is copying 54 bytes...
I0328 09:44:30.029333  3240 c_interface.cc:359] Pass FitOfflineMasterModelArgs, batch_filename_size=5, batch_weight_size=5, num_collection_passes=1 to void (__cdecl artm::core::MasterComponent::*)(class artm::FitOfflineMasterModelArgs const & __ptr64) __ptr64
I0328 09:44:30.029333  3240 master_component.cc:1162] ProcessBatchesArgs: nwt_target_name=nwt, batch_filename_size=5, batch_size=0, batch_weight_size=5, pwt_source_name=pwt, num_document_passes=1, class=(text:1), reuse_theta=yes, opt_for_avx=yes, predict_class_id=
I0328 09:44:30.065369  1124 processor.cc:666] Processing queue has data, processing started
I0328 09:44:30.065369  9960 processor.cc:666] Processing queue has data, processing started
I0328 09:44:30.065369  8148 processor.cc:666] Processing queue has data, processing started
I0328 09:44:30.065369 10204 processor.cc:666] Processing queue has data, processing started
I0328 09:44:30.069341 10204 processor.cc:742] Processor: start processing batch 2868a5be-e8f1-47db-a8d0-c9a19db3db70 into model nwt
I0328 09:44:30.069341  1124 processor.cc:742] Processor: start processing batch 08950470-647c-4955-bf17-32864e35ceeb into model nwt
I0328 09:44:30.069341  8148 processor.cc:742] Processor: start processing batch 78b19bca-f842-4091-aab7-a6eee98f34ca into model nwt
I0328 09:44:30.069341  9960 processor.cc:742] Processor: start processing batch 73c6ae99-9f61-402a-8c01-eee9f827e222 into model nwt
I0328 09:44:30.133352 10204 processor.cc:830] Processor: complete processing batch 2868a5be-e8f1-47db-a8d0-c9a19db3db70 into model nwt
I0328 09:44:30.133352  9960 processor.cc:830] Processor: complete processing batch 73c6ae99-9f61-402a-8c01-eee9f827e222 into model nwt
I0328 09:44:30.133352  1124 processor.cc:830] Processor: complete processing batch 08950470-647c-4955-bf17-32864e35ceeb into model nwt
I0328 09:44:30.135354  8148 processor.cc:830] Processor: complete processing batch 78b19bca-f842-4091-aab7-a6eee98f34ca into model nwt
I0328 09:44:30.135354 10204 cuckoo_watch.h:44] 71ms in ProcessBatch(school_batches\aaaaac.batch) [including 4ms in LoadMessage; 2ms in InitializeSparseNdw; 16ms in InferThetaAndUpdateNwtSparse; 18ms in CalculateScore(PerplexityScore); 5ms in CalculateScore(SparsityThetaScore); 19ms in CalculateScore(^^^ItemsProcessedScore^^^); ]
I0328 09:44:30.135354  9960 cuckoo_watch.h:44] 71ms in ProcessBatch(school_batches\aaaaad.batch) [including 4ms in LoadMessage; 2ms in InitializeSparseNdw; 16ms in InferThetaAndUpdateNwtSparse; 18ms in CalculateScore(PerplexityScore); 5ms in CalculateScore(SparsityThetaScore); 19ms in CalculateScore(^^^ItemsProcessedScore^^^); ]
I0328 09:44:30.135354  1124 cuckoo_watch.h:44] 71ms in ProcessBatch(school_batches\aaaaaa.batch) [including 4ms in LoadMessage; 2ms in InitializeSparseNdw; 16ms in InferThetaAndUpdateNwtSparse; 18ms in CalculateScore(PerplexityScore); 5ms in CalculateScore(SparsityThetaScore); 19ms in CalculateScore(^^^ItemsProcessedScore^^^); ]
I0328 09:44:30.137353  8148 cuckoo_watch.h:44] 71ms in ProcessBatch(school_batches\aaaaab.batch) [including 4ms in LoadMessage; 2ms in InitializeSparseNdw; 16ms in InferThetaAndUpdateNwtSparse; 18ms in CalculateScore(PerplexityScore); 5ms in CalculateScore(SparsityThetaScore); 20ms in CalculateScore(^^^ItemsProcessedScore^^^); ]
I0328 09:44:30.139353 10204 processor.cc:742] Processor: start processing batch 4424f66d-496b-46d8-98a8-ea4d6fe056c4 into model nwt
I0328 09:44:30.183360 10204 processor.cc:830] Processor: complete processing batch 4424f66d-496b-46d8-98a8-ea4d6fe056c4 into model nwt
I0328 09:44:30.183360 10204 cuckoo_watch.h:44] 48ms in ProcessBatch(school_batches\aaaaae.batch) [including 2ms in LoadMessage; 1ms in InitializeSparseNdw; 12ms in InferThetaAndUpdateNwtSparse; 12ms in CalculateScore(PerplexityScore); 3ms in CalculateScore(SparsityThetaScore); 14ms in CalculateScore(^^^ItemsProcessedScore^^^); ]
I0328 09:44:30.185362  3240 master_component.cc:1211] NormalizeModelArgs: pwt_target_name=pwt, nwt_source_name=nwt, rwt_source_name=
I0328 09:44:30.185362  3240 master_component.cc:812] MasterComponent: start normalizing model nwt
I0328 09:44:30.197405  9960 processor.cc:659] No data in processing queue, waiting...
I0328 09:44:30.197405  1124 processor.cc:659] No data in processing queue, waiting...
I0328 09:44:30.197405  8148 processor.cc:659] No data in processing queue, waiting...
I0328 09:44:30.221370  3240 master_component.cc:834] MasterComponent: complete normalizing model nwt
I0328 09:44:30.245374 10204 processor.cc:659] No data in processing queue, waiting...
I0328 09:44:30.269378  3240 master_component.cc:1235] DisposeModel rwt
I0328 09:44:30.269378  3240 master_component.cc:858] FitOffline: ItemsProcessed, num_items=476, num_batches=5, token_weight=160411, token_weight_in_effect=160411
I0328 09:44:30.269378  6804 c_interface.cc:523] Pass GetScoreValueArgs, score_name=^^^ItemsProcessedScore^^^ to MasterComponent::Request
I0328 09:44:30.269378  6804 c_interface.cc:205] ArtmCopyRequestedMessage is copying 54 bytes...
I0328 09:44:30.269378  3240 c_interface.cc:359] Pass FitOfflineMasterModelArgs, batch_filename_size=5, batch_weight_size=5, num_collection_passes=1 to void (__cdecl artm::core::MasterComponent::*)(class artm::FitOfflineMasterModelArgs const & __ptr64) __ptr64
I0328 09:44:30.269378  3240 master_component.cc:1162] ProcessBatchesArgs: nwt_target_name=nwt, batch_filename_size=5, batch_size=0, batch_weight_size=5, pwt_source_name=pwt, num_document_passes=1, class=(text:1), reuse_theta=yes, opt_for_avx=yes, predict_class_id=
I0328 09:44:30.310865  1124 processor.cc:666] Processing queue has data, processing started
I0328 09:44:30.311866 10204 processor.cc:666] Processing queue has data, processing started
I0328 09:44:30.312867  9960 processor.cc:666] Processing queue has data, processing started
I0328 09:44:30.312867  8148 processor.cc:666] Processing queue has data, processing started
I0328 09:44:30.315870  1124 processor.cc:742] Processor: start processing batch 08950470-647c-4955-bf17-32864e35ceeb into model nwt
I0328 09:44:30.316870 10204 processor.cc:742] Processor: start processing batch 78b19bca-f842-4091-aab7-a6eee98f34ca into model nwt
I0328 09:44:30.317873  8148 processor.cc:742] Processor: start processing batch 73c6ae99-9f61-402a-8c01-eee9f827e222 into model nwt
I0328 09:44:30.317873  9960 processor.cc:742] Processor: start processing batch 2868a5be-e8f1-47db-a8d0-c9a19db3db70 into model nwt
I0328 09:44:30.379910  1124 processor.cc:830] Processor: complete processing batch 08950470-647c-4955-bf17-32864e35ceeb into model nwt
I0328 09:44:30.379910 10204 processor.cc:830] Processor: complete processing batch 78b19bca-f842-4091-aab7-a6eee98f34ca into model nwt
I0328 09:44:30.380913  1124 cuckoo_watch.h:44] 70ms in ProcessBatch(school_batches\aaaaaa.batch) [including 4ms in LoadMessage; 2ms in InitializeSparseNdw; 17ms in InferThetaAndUpdateNwtSparse; 18ms in CalculateScore(PerplexityScore); 5ms in CalculateScore(SparsityThetaScore); 20ms in CalculateScore(^^^ItemsProcessedScore^^^); ]
I0328 09:44:30.381912  9960 processor.cc:830] Processor: complete processing batch 2868a5be-e8f1-47db-a8d0-c9a19db3db70 into model nwt
I0328 09:44:30.381912  8148 processor.cc:830] Processor: complete processing batch 73c6ae99-9f61-402a-8c01-eee9f827e222 into model nwt
I0328 09:44:30.380913 10204 cuckoo_watch.h:44] 69ms in ProcessBatch(school_batches\aaaaab.batch) [including 4ms in LoadMessage; 2ms in InitializeSparseNdw; 16ms in InferThetaAndUpdateNwtSparse; 18ms in CalculateScore(PerplexityScore); 5ms in CalculateScore(SparsityThetaScore); 19ms in CalculateScore(^^^ItemsProcessedScore^^^); ]
I0328 09:44:30.384915  9960 cuckoo_watch.h:44] 71ms in ProcessBatch(school_batches\aaaaac.batch) [including 4ms in LoadMessage; 2ms in InitializeSparseNdw; 17ms in InferThetaAndUpdateNwtSparse; 18ms in CalculateScore(PerplexityScore); 5ms in CalculateScore(SparsityThetaScore); 20ms in CalculateScore(^^^ItemsProcessedScore^^^); ]
I0328 09:44:30.384915  8148 cuckoo_watch.h:44] 72ms in ProcessBatch(school_batches\aaaaad.batch) [including 4ms in LoadMessage; 2ms in InitializeSparseNdw; 17ms in InferThetaAndUpdateNwtSparse; 18ms in CalculateScore(PerplexityScore); 5ms in CalculateScore(SparsityThetaScore); 20ms in CalculateScore(^^^ItemsProcessedScore^^^); ]
I0328 09:44:30.390920 10204 processor.cc:742] Processor: start processing batch 4424f66d-496b-46d8-98a8-ea4d6fe056c4 into model nwt
I0328 09:44:30.407930  1124 processor.cc:659] No data in processing queue, waiting...
I0328 09:44:30.408931  9960 processor.cc:659] No data in processing queue, waiting...
I0328 09:44:30.408931  8148 processor.cc:659] No data in processing queue, waiting...
I0328 09:44:30.445017 10204 processor.cc:830] Processor: complete processing batch 4424f66d-496b-46d8-98a8-ea4d6fe056c4 into model nwt
I0328 09:44:30.445017 10204 cuckoo_watch.h:44] 59ms in ProcessBatch(school_batches\aaaaae.batch) [including 4ms in LoadMessage; 2ms in InitializeSparseNdw; 18ms in InferThetaAndUpdateNwtSparse; 15ms in CalculateScore(PerplexityScore); 3ms in CalculateScore(SparsityThetaScore); 13ms in CalculateScore(^^^ItemsProcessedScore^^^); ]
I0328 09:44:30.447018  3240 master_component.cc:1211] NormalizeModelArgs: pwt_target_name=pwt, nwt_source_name=nwt, rwt_source_name=
I0328 09:44:30.447018  3240 master_component.cc:812] MasterComponent: start normalizing model nwt
I0328 09:44:30.489029  3240 master_component.cc:834] MasterComponent: complete normalizing model nwt
I0328 09:44:30.499028 10204 processor.cc:659] No data in processing queue, waiting...
I0328 09:44:30.537039  3240 master_component.cc:1235] DisposeModel rwt
I0328 09:44:30.537039  3240 master_component.cc:858] FitOffline: ItemsProcessed, num_items=476, num_batches=5, token_weight=160411, token_weight_in_effect=160411
I0328 09:44:30.537039  6804 c_interface.cc:523] Pass GetScoreValueArgs, score_name=^^^ItemsProcessedScore^^^ to MasterComponent::Request
I0328 09:44:30.537039  6804 c_interface.cc:205] ArtmCopyRequestedMessage is copying 54 bytes...
I0328 09:44:30.539037  3240 c_interface.cc:359] Pass FitOfflineMasterModelArgs, batch_filename_size=5, batch_weight_size=5, num_collection_passes=1 to void (__cdecl artm::core::MasterComponent::*)(class artm::FitOfflineMasterModelArgs const & __ptr64) __ptr64
I0328 09:44:30.539037  3240 master_component.cc:1162] ProcessBatchesArgs: nwt_target_name=nwt, batch_filename_size=5, batch_size=0, batch_weight_size=5, pwt_source_name=pwt, num_document_passes=1, class=(text:1), reuse_theta=yes, opt_for_avx=yes, predict_class_id=
I0328 09:44:30.583042 10204 processor.cc:666] Processing queue has data, processing started
I0328 09:44:30.583042  8148 processor.cc:666] Processing queue has data, processing started
I0328 09:44:30.585043  1124 processor.cc:666] Processing queue has data, processing started
I0328 09:44:30.585043  9960 processor.cc:666] Processing queue has data, processing started
I0328 09:44:30.587045  8148 processor.cc:742] Processor: start processing batch 78b19bca-f842-4091-aab7-a6eee98f34ca into model nwt
I0328 09:44:30.587045 10204 processor.cc:742] Processor: start processing batch 08950470-647c-4955-bf17-32864e35ceeb into model nwt
I0328 09:44:30.589046  9960 processor.cc:742] Processor: start processing batch 73c6ae99-9f61-402a-8c01-eee9f827e222 into model nwt
I0328 09:44:30.589046  1124 processor.cc:742] Processor: start processing batch 2868a5be-e8f1-47db-a8d0-c9a19db3db70 into model nwt
I0328 09:44:30.653057  8148 processor.cc:830] Processor: complete processing batch 78b19bca-f842-4091-aab7-a6eee98f34ca into model nwt
I0328 09:44:30.653057 10204 processor.cc:830] Processor: complete processing batch 08950470-647c-4955-bf17-32864e35ceeb into model nwt
I0328 09:44:30.653057  9960 processor.cc:830] Processor: complete processing batch 73c6ae99-9f61-402a-8c01-eee9f827e222 into model nwt
I0328 09:44:30.653057  8148 cuckoo_watch.h:44] 71ms in ProcessBatch(school_batches\aaaaab.batch) [including 4ms in LoadMessage; 2ms in InitializeSparseNdw; 17ms in InferThetaAndUpdateNwtSparse; 18ms in CalculateScore(PerplexityScore); 5ms in CalculateScore(SparsityThetaScore); 19ms in CalculateScore(^^^ItemsProcessedScore^^^); ]
I0328 09:44:30.653057 10204 cuckoo_watch.h:44] 71ms in ProcessBatch(school_batches\aaaaaa.batch) [including 4ms in LoadMessage; 2ms in InitializeSparseNdw; 17ms in InferThetaAndUpdateNwtSparse; 18ms in CalculateScore(PerplexityScore); 5ms in CalculateScore(SparsityThetaScore); 19ms in CalculateScore(^^^ItemsProcessedScore^^^); ]
I0328 09:44:30.655058  1124 processor.cc:830] Processor: complete processing batch 2868a5be-e8f1-47db-a8d0-c9a19db3db70 into model nwt
I0328 09:44:30.655058  9960 cuckoo_watch.h:44] 70ms in ProcessBatch(school_batches\aaaaad.batch) [including 4ms in LoadMessage; 2ms in InitializeSparseNdw; 16ms in InferThetaAndUpdateNwtSparse; 18ms in CalculateScore(PerplexityScore); 5ms in CalculateScore(SparsityThetaScore); 20ms in CalculateScore(^^^ItemsProcessedScore^^^); ]
I0328 09:44:30.655058  1124 cuckoo_watch.h:44] 71ms in ProcessBatch(school_batches\aaaaac.batch) [including 4ms in LoadMessage; 2ms in InitializeSparseNdw; 16ms in InferThetaAndUpdateNwtSparse; 18ms in CalculateScore(PerplexityScore); 5ms in CalculateScore(SparsityThetaScore); 20ms in CalculateScore(^^^ItemsProcessedScore^^^); ]
I0328 09:44:30.657058  8148 processor.cc:742] Processor: start processing batch 4424f66d-496b-46d8-98a8-ea4d6fe056c4 into model nwt
I0328 09:44:30.713070 10204 processor.cc:659] No data in processing queue, waiting...
I0328 09:44:30.713070  8148 processor.cc:830] Processor: complete processing batch 4424f66d-496b-46d8-98a8-ea4d6fe056c4 into model nwt
I0328 09:44:30.715070  8148 cuckoo_watch.h:44] 61ms in ProcessBatch(school_batches\aaaaae.batch) [including 3ms in LoadMessage; 1ms in InitializeSparseNdw; 13ms in InferThetaAndUpdateNwtSparse; 14ms in CalculateScore(PerplexityScore); 4ms in CalculateScore(SparsityThetaScore); 21ms in CalculateScore(^^^ItemsProcessedScore^^^); ]
I0328 09:44:30.719070  1124 processor.cc:659] No data in processing queue, waiting...
I0328 09:44:30.719070  9960 processor.cc:659] No data in processing queue, waiting...
I0328 09:44:30.719070  3240 master_component.cc:1211] NormalizeModelArgs: pwt_target_name=pwt, nwt_source_name=nwt, rwt_source_name=
I0328 09:44:30.719070  3240 master_component.cc:812] MasterComponent: start normalizing model nwt
I0328 09:44:30.753075  3240 master_component.cc:834] MasterComponent: complete normalizing model nwt
I0328 09:44:30.785079  8148 processor.cc:659] No data in processing queue, waiting...
I0328 09:44:30.797083  3240 master_component.cc:1235] DisposeModel rwt
I0328 09:44:30.797083  3240 master_component.cc:858] FitOffline: ItemsProcessed, num_items=476, num_batches=5, token_weight=160411, token_weight_in_effect=160411
I0328 09:44:30.797083  6804 c_interface.cc:523] Pass GetScoreValueArgs, score_name=^^^ItemsProcessedScore^^^ to MasterComponent::Request
I0328 09:44:30.797083  6804 c_interface.cc:205] ArtmCopyRequestedMessage is copying 54 bytes...
I0328 09:44:30.797083  3240 c_interface.cc:359] Pass FitOfflineMasterModelArgs, batch_filename_size=5, batch_weight_size=5, num_collection_passes=1 to void (__cdecl artm::core::MasterComponent::*)(class artm::FitOfflineMasterModelArgs const & __ptr64) __ptr64
I0328 09:44:30.797083  3240 master_component.cc:1162] ProcessBatchesArgs: nwt_target_name=nwt, batch_filename_size=5, batch_size=0, batch_weight_size=5, pwt_source_name=pwt, num_document_passes=1, class=(text:1), reuse_theta=yes, opt_for_avx=yes, predict_class_id=
I0328 09:44:30.831118 10204 processor.cc:666] Processing queue has data, processing started
I0328 09:44:30.831118  1124 processor.cc:666] Processing queue has data, processing started
I0328 09:44:30.831118  8148 processor.cc:666] Processing queue has data, processing started
I0328 09:44:30.831118  9960 processor.cc:666] Processing queue has data, processing started
I0328 09:44:30.835089  1124 processor.cc:742] Processor: start processing batch 78b19bca-f842-4091-aab7-a6eee98f34ca into model nwt
I0328 09:44:30.835089  8148 processor.cc:742] Processor: start processing batch 08950470-647c-4955-bf17-32864e35ceeb into model nwt
I0328 09:44:30.835089 10204 processor.cc:742] Processor: start processing batch 2868a5be-e8f1-47db-a8d0-c9a19db3db70 into model nwt
I0328 09:44:30.835089  9960 processor.cc:742] Processor: start processing batch 73c6ae99-9f61-402a-8c01-eee9f827e222 into model nwt
I0328 09:44:30.899102  8148 processor.cc:830] Processor: complete processing batch 08950470-647c-4955-bf17-32864e35ceeb into model nwt
I0328 09:44:30.901103 10204 processor.cc:830] Processor: complete processing batch 2868a5be-e8f1-47db-a8d0-c9a19db3db70 into model nwt
I0328 09:44:30.901103  8148 cuckoo_watch.h:44] 70ms in ProcessBatch(school_batches\aaaaaa.batch) [including 4ms in LoadMessage; 3ms in InitializeSparseNdw; 16ms in InferThetaAndUpdateNwtSparse; 18ms in CalculateScore(PerplexityScore); 5ms in CalculateScore(SparsityThetaScore); 19ms in CalculateScore(^^^ItemsProcessedScore^^^); ]
I0328 09:44:30.901103  9960 processor.cc:830] Processor: complete processing batch 73c6ae99-9f61-402a-8c01-eee9f827e222 into model nwt
I0328 09:44:30.901103 10204 cuckoo_watch.h:44] 71ms in ProcessBatch(school_batches\aaaaac.batch) [including 4ms in LoadMessage; 3ms in InitializeSparseNdw; 16ms in InferThetaAndUpdateNwtSparse; 19ms in CalculateScore(PerplexityScore); 5ms in CalculateScore(SparsityThetaScore); 19ms in CalculateScore(^^^ItemsProcessedScore^^^); ]
I0328 09:44:30.903103  9960 cuckoo_watch.h:44] 71ms in ProcessBatch(school_batches\aaaaad.batch) [including 4ms in LoadMessage; 3ms in InitializeSparseNdw; 16ms in InferThetaAndUpdateNwtSparse; 19ms in CalculateScore(PerplexityScore); 5ms in CalculateScore(SparsityThetaScore); 20ms in CalculateScore(^^^ItemsProcessedScore^^^); ]
I0328 09:44:30.905103  1124 processor.cc:830] Processor: complete processing batch 78b19bca-f842-4091-aab7-a6eee98f34ca into model nwt
I0328 09:44:30.906399  8148 processor.cc:742] Processor: start processing batch 4424f66d-496b-46d8-98a8-ea4d6fe056c4 into model nwt
I0328 09:44:30.907398  1124 cuckoo_watch.h:44] 76ms in ProcessBatch(school_batches\aaaaab.batch) [including 4ms in LoadMessage; 3ms in InitializeSparseNdw; 16ms in InferThetaAndUpdateNwtSparse; 22ms in CalculateScore(PerplexityScore); 5ms in CalculateScore(SparsityThetaScore); 22ms in CalculateScore(^^^ItemsProcessedScore^^^); ]
I0328 09:44:30.930413 10204 processor.cc:659] No data in processing queue, waiting...
I0328 09:44:30.935415  9960 processor.cc:659] No data in processing queue, waiting...
I0328 09:44:30.942421  1124 processor.cc:659] No data in processing queue, waiting...
I0328 09:44:30.962433  8148 processor.cc:830] Processor: complete processing batch 4424f66d-496b-46d8-98a8-ea4d6fe056c4 into model nwt
I0328 09:44:30.963434  8148 cuckoo_watch.h:44] 62ms in ProcessBatch(school_batches\aaaaae.batch) [including 3ms in LoadMessage; 2ms in InitializeSparseNdw; 16ms in InferThetaAndUpdateNwtSparse; 17ms in CalculateScore(PerplexityScore); 6ms in CalculateScore(SparsityThetaScore); 14ms in CalculateScore(^^^ItemsProcessedScore^^^); ]
I0328 09:44:30.964437  3240 master_component.cc:1211] NormalizeModelArgs: pwt_target_name=pwt, nwt_source_name=nwt, rwt_source_name=
I0328 09:44:30.964437  3240 master_component.cc:812] MasterComponent: start normalizing model nwt
I0328 09:44:30.998563  3240 master_component.cc:834] MasterComponent: complete normalizing model nwt
I0328 09:44:31.014608  8148 processor.cc:659] No data in processing queue, waiting...
I0328 09:44:31.042568  3240 master_component.cc:1235] DisposeModel rwt
I0328 09:44:31.042568  3240 master_component.cc:858] FitOffline: ItemsProcessed, num_items=476, num_batches=5, token_weight=160411, token_weight_in_effect=160411
I0328 09:44:31.042568  6804 c_interface.cc:523] Pass GetScoreValueArgs, score_name=^^^ItemsProcessedScore^^^ to MasterComponent::Request
I0328 09:44:31.042568  6804 c_interface.cc:205] ArtmCopyRequestedMessage is copying 54 bytes...
I0328 09:44:31.042568  3240 c_interface.cc:359] Pass FitOfflineMasterModelArgs, batch_filename_size=5, batch_weight_size=5, num_collection_passes=1 to void (__cdecl artm::core::MasterComponent::*)(class artm::FitOfflineMasterModelArgs const & __ptr64) __ptr64
I0328 09:44:31.042568  3240 master_component.cc:1162] ProcessBatchesArgs: nwt_target_name=nwt, batch_filename_size=5, batch_size=0, batch_weight_size=5, pwt_source_name=pwt, num_document_passes=1, class=(text:1), reuse_theta=yes, opt_for_avx=yes, predict_class_id=
I0328 09:44:31.076597  1124 processor.cc:666] Processing queue has data, processing started
I0328 09:44:31.076597 10204 processor.cc:666] Processing queue has data, processing started
I0328 09:44:31.076597  9960 processor.cc:666] Processing queue has data, processing started
I0328 09:44:31.076597  8148 processor.cc:666] Processing queue has data, processing started
I0328 09:44:31.080576 10204 processor.cc:742] Processor: start processing batch 08950470-647c-4955-bf17-32864e35ceeb into model nwt
I0328 09:44:31.080576  8148 processor.cc:742] Processor: start processing batch 78b19bca-f842-4091-aab7-a6eee98f34ca into model nwt
I0328 09:44:31.080576  9960 processor.cc:742] Processor: start processing batch 73c6ae99-9f61-402a-8c01-eee9f827e222 into model nwt
I0328 09:44:31.082577  1124 processor.cc:742] Processor: start processing batch 2868a5be-e8f1-47db-a8d0-c9a19db3db70 into model nwt
I0328 09:44:31.144587  9960 processor.cc:830] Processor: complete processing batch 73c6ae99-9f61-402a-8c01-eee9f827e222 into model nwt
I0328 09:44:31.144587 10204 processor.cc:830] Processor: complete processing batch 08950470-647c-4955-bf17-32864e35ceeb into model nwt
I0328 09:44:31.144587  8148 processor.cc:830] Processor: complete processing batch 78b19bca-f842-4091-aab7-a6eee98f34ca into model nwt
I0328 09:44:31.146589  9960 cuckoo_watch.h:44] 70ms in ProcessBatch(school_batches\aaaaad.batch) [including 4ms in LoadMessage; 2ms in InitializeSparseNdw; 16ms in InferThetaAndUpdateNwtSparse; 18ms in CalculateScore(PerplexityScore); 5ms in CalculateScore(SparsityThetaScore); 19ms in CalculateScore(^^^ItemsProcessedScore^^^); ]
I0328 09:44:31.146589 10204 cuckoo_watch.h:44] 70ms in ProcessBatch(school_batches\aaaaaa.batch) [including 2ms in LoadMessage; 2ms in InitializeSparseNdw; 17ms in InferThetaAndUpdateNwtSparse; 18ms in CalculateScore(PerplexityScore); 6ms in CalculateScore(SparsityThetaScore); 20ms in CalculateScore(^^^ItemsProcessedScore^^^); ]
I0328 09:44:31.148588  8148 cuckoo_watch.h:44] 71ms in ProcessBatch(school_batches\aaaaab.batch) [including 4ms in LoadMessage; 2ms in InitializeSparseNdw; 16ms in InferThetaAndUpdateNwtSparse; 18ms in CalculateScore(PerplexityScore); 5ms in CalculateScore(SparsityThetaScore); 20ms in CalculateScore(^^^ItemsProcessedScore^^^); ]
I0328 09:44:31.150589  1124 processor.cc:830] Processor: complete processing batch 2868a5be-e8f1-47db-a8d0-c9a19db3db70 into model nwt
I0328 09:44:31.152590  9960 processor.cc:742] Processor: start processing batch 4424f66d-496b-46d8-98a8-ea4d6fe056c4 into model nwt
I0328 09:44:31.152590  1124 cuckoo_watch.h:44] 76ms in ProcessBatch(school_batches\aaaaac.batch) [including 6ms in LoadMessage; 2ms in InitializeSparseNdw; 17ms in InferThetaAndUpdateNwtSparse; 19ms in CalculateScore(PerplexityScore); 5ms in CalculateScore(SparsityThetaScore); 21ms in CalculateScore(^^^ItemsProcessedScore^^^); ]
I0328 09:44:31.192595  9960 processor.cc:830] Processor: complete processing batch 4424f66d-496b-46d8-98a8-ea4d6fe056c4 into model nwt
I0328 09:44:31.194595  9960 cuckoo_watch.h:44] 47ms in ProcessBatch(school_batches\aaaaae.batch) [including 4ms in LoadMessage; 1ms in InitializeSparseNdw; 12ms in InferThetaAndUpdateNwtSparse; 11ms in CalculateScore(PerplexityScore); 3ms in CalculateScore(SparsityThetaScore); 12ms in CalculateScore(^^^ItemsProcessedScore^^^); ]
I0328 09:44:31.198596  3240 master_component.cc:1211] NormalizeModelArgs: pwt_target_name=pwt, nwt_source_name=nwt, rwt_source_name=
I0328 09:44:31.198596  3240 master_component.cc:812] MasterComponent: start normalizing model nwt
I0328 09:44:31.208642 10204 processor.cc:659] No data in processing queue, waiting...
I0328 09:44:31.210645  8148 processor.cc:659] No data in processing queue, waiting...
I0328 09:44:31.218600  1124 processor.cc:659] No data in processing queue, waiting...
I0328 09:44:31.232647  3240 master_component.cc:834] MasterComponent: complete normalizing model nwt
I0328 09:44:31.266654  9960 processor.cc:659] No data in processing queue, waiting...
I0328 09:44:31.278656  3240 master_component.cc:1235] DisposeModel rwt
I0328 09:44:31.278656  3240 master_component.cc:858] FitOffline: ItemsProcessed, num_items=476, num_batches=5, token_weight=160411, token_weight_in_effect=160411
I0328 09:44:31.278656  6804 c_interface.cc:523] Pass GetScoreValueArgs, score_name=^^^ItemsProcessedScore^^^ to MasterComponent::Request
I0328 09:44:31.278656  6804 c_interface.cc:205] ArtmCopyRequestedMessage is copying 54 bytes...
I0328 09:44:31.278656  3240 c_interface.cc:359] Pass FitOfflineMasterModelArgs, batch_filename_size=5, batch_weight_size=5, num_collection_passes=1 to void (__cdecl artm::core::MasterComponent::*)(class artm::FitOfflineMasterModelArgs const & __ptr64) __ptr64
I0328 09:44:31.278656  3240 master_component.cc:1162] ProcessBatchesArgs: nwt_target_name=nwt, batch_filename_size=5, batch_size=0, batch_weight_size=5, pwt_source_name=pwt, num_document_passes=1, class=(text:1), reuse_theta=yes, opt_for_avx=yes, predict_class_id=
I0328 09:44:31.314641  8148 processor.cc:666] Processing queue has data, processing started
I0328 09:44:31.314641  9960 processor.cc:666] Processing queue has data, processing started
I0328 09:44:31.314641  1124 processor.cc:666] Processing queue has data, processing started
I0328 09:44:31.314641 10204 processor.cc:666] Processing queue has data, processing started
I0328 09:44:31.318619  8148 processor.cc:742] Processor: start processing batch 08950470-647c-4955-bf17-32864e35ceeb into model nwt
I0328 09:44:31.318619 10204 processor.cc:742] Processor: start processing batch 2868a5be-e8f1-47db-a8d0-c9a19db3db70 into model nwt
I0328 09:44:31.318619  1124 processor.cc:742] Processor: start processing batch 78b19bca-f842-4091-aab7-a6eee98f34ca into model nwt
I0328 09:44:31.318619  9960 processor.cc:742] Processor: start processing batch 73c6ae99-9f61-402a-8c01-eee9f827e222 into model nwt
I0328 09:44:31.384631  8148 processor.cc:830] Processor: complete processing batch 08950470-647c-4955-bf17-32864e35ceeb into model nwt
I0328 09:44:31.384631  1124 processor.cc:830] Processor: complete processing batch 78b19bca-f842-4091-aab7-a6eee98f34ca into model nwt
I0328 09:44:31.384631  9960 processor.cc:830] Processor: complete processing batch 73c6ae99-9f61-402a-8c01-eee9f827e222 into model nwt
I0328 09:44:31.384631  8148 cuckoo_watch.h:44] 71ms in ProcessBatch(school_batches\aaaaaa.batch) [including 4ms in LoadMessage; 3ms in InitializeSparseNdw; 16ms in InferThetaAndUpdateNwtSparse; 18ms in CalculateScore(PerplexityScore); 5ms in CalculateScore(SparsityThetaScore); 20ms in CalculateScore(^^^ItemsProcessedScore^^^); ]
I0328 09:44:31.384631 10204 processor.cc:830] Processor: complete processing batch 2868a5be-e8f1-47db-a8d0-c9a19db3db70 into model nwt
I0328 09:44:31.386632  1124 cuckoo_watch.h:44] 72ms in ProcessBatch(school_batches\aaaaab.batch) [including 4ms in LoadMessage; 3ms in InitializeSparseNdw; 16ms in InferThetaAndUpdateNwtSparse; 18ms in CalculateScore(PerplexityScore); 5ms in CalculateScore(SparsityThetaScore); 20ms in CalculateScore(^^^ItemsProcessedScore^^^); ]
I0328 09:44:31.386632  9960 cuckoo_watch.h:44] 72ms in ProcessBatch(school_batches\aaaaad.batch) [including 4ms in LoadMessage; 3ms in InitializeSparseNdw; 17ms in InferThetaAndUpdateNwtSparse; 18ms in CalculateScore(PerplexityScore); 6ms in CalculateScore(SparsityThetaScore); 19ms in CalculateScore(^^^ItemsProcessedScore^^^); ]
I0328 09:44:31.386632 10204 cuckoo_watch.h:44] 73ms in ProcessBatch(school_batches\aaaaac.batch) [including 4ms in LoadMessage; 3ms in InitializeSparseNdw; 17ms in InferThetaAndUpdateNwtSparse; 18ms in CalculateScore(PerplexityScore); 5ms in CalculateScore(SparsityThetaScore); 20ms in CalculateScore(^^^ItemsProcessedScore^^^); ]
I0328 09:44:31.388633  8148 processor.cc:742] Processor: start processing batch 4424f66d-496b-46d8-98a8-ea4d6fe056c4 into model nwt
I0328 09:44:31.432639  8148 processor.cc:830] Processor: complete processing batch 4424f66d-496b-46d8-98a8-ea4d6fe056c4 into model nwt
I0328 09:44:31.432639  8148 cuckoo_watch.h:44] 47ms in ProcessBatch(school_batches\aaaaae.batch) [including 2ms in LoadMessage; 1ms in InitializeSparseNdw; 12ms in InferThetaAndUpdateNwtSparse; 13ms in CalculateScore(PerplexityScore); 3ms in CalculateScore(SparsityThetaScore); 12ms in CalculateScore(^^^ItemsProcessedScore^^^); ]
I0328 09:44:31.434643  3240 master_component.cc:1211] NormalizeModelArgs: pwt_target_name=pwt, nwt_source_name=nwt, rwt_source_name=
I0328 09:44:31.434643  3240 master_component.cc:812] MasterComponent: start normalizing model nwt
I0328 09:44:31.448685 10204 processor.cc:659] No data in processing queue, waiting...
I0328 09:44:31.448685  9960 processor.cc:659] No data in processing queue, waiting...
I0328 09:44:31.448685  1124 processor.cc:659] No data in processing queue, waiting...
I0328 09:44:31.468693  3240 master_component.cc:834] MasterComponent: complete normalizing model nwt
I0328 09:44:31.502697  8148 processor.cc:659] No data in processing queue, waiting...
I0328 09:44:31.510696  3240 master_component.cc:1235] DisposeModel rwt
I0328 09:44:31.510696  3240 master_component.cc:858] FitOffline: ItemsProcessed, num_items=476, num_batches=5, token_weight=160411, token_weight_in_effect=160411
I0328 09:44:31.510696  6804 c_interface.cc:523] Pass GetScoreValueArgs, score_name=^^^ItemsProcessedScore^^^ to MasterComponent::Request
I0328 09:44:31.510696  6804 c_interface.cc:205] ArtmCopyRequestedMessage is copying 54 bytes...
I0328 09:44:31.510696  3240 c_interface.cc:359] Pass FitOfflineMasterModelArgs, batch_filename_size=5, batch_weight_size=5, num_collection_passes=1 to void (__cdecl artm::core::MasterComponent::*)(class artm::FitOfflineMasterModelArgs const & __ptr64) __ptr64
I0328 09:44:31.510696  3240 master_component.cc:1162] ProcessBatchesArgs: nwt_target_name=nwt, batch_filename_size=5, batch_size=0, batch_weight_size=5, pwt_source_name=pwt, num_document_passes=1, class=(text:1), reuse_theta=yes, opt_for_avx=yes, predict_class_id=
I0328 09:44:31.546686  9960 processor.cc:666] Processing queue has data, processing started
I0328 09:44:31.546686 10204 processor.cc:666] Processing queue has data, processing started
I0328 09:44:31.546686  1124 processor.cc:666] Processing queue has data, processing started
I0328 09:44:31.546686  8148 processor.cc:666] Processing queue has data, processing started
I0328 09:44:31.550662  9960 processor.cc:742] Processor: start processing batch 08950470-647c-4955-bf17-32864e35ceeb into model nwt
I0328 09:44:31.550662 10204 processor.cc:742] Processor: start processing batch 78b19bca-f842-4091-aab7-a6eee98f34ca into model nwt
I0328 09:44:31.550662  1124 processor.cc:742] Processor: start processing batch 2868a5be-e8f1-47db-a8d0-c9a19db3db70 into model nwt
I0328 09:44:31.552664  8148 processor.cc:742] Processor: start processing batch 73c6ae99-9f61-402a-8c01-eee9f827e222 into model nwt
I0328 09:44:31.614673  9960 processor.cc:830] Processor: complete processing batch 08950470-647c-4955-bf17-32864e35ceeb into model nwt
