I0328 09:46:09.510434  1124 processor.cc:666] Processing queue has data, processing started
I0328 09:46:09.510434 10204 processor.cc:666] Processing queue has data, processing started
I0328 09:46:09.510434  9960 processor.cc:666] Processing queue has data, processing started
I0328 09:46:09.515872 10204 processor.cc:742] Processor: start processing batch 08950470-647c-4955-bf17-32864e35ceeb into model nwt
I0328 09:46:09.515872  8148 processor.cc:742] Processor: start processing batch 78b19bca-f842-4091-aab7-a6eee98f34ca into model nwt
I0328 09:46:09.516872  9960 processor.cc:742] Processor: start processing batch 73c6ae99-9f61-402a-8c01-eee9f827e222 into model nwt
I0328 09:46:09.533884  1124 processor.cc:742] Processor: start processing batch 2868a5be-e8f1-47db-a8d0-c9a19db3db70 into model nwt
I0328 09:46:09.585975  8148 processor.cc:830] Processor: complete processing batch 78b19bca-f842-4091-aab7-a6eee98f34ca into model nwt
I0328 09:46:09.585975 10204 processor.cc:830] Processor: complete processing batch 08950470-647c-4955-bf17-32864e35ceeb into model nwt
I0328 09:46:09.587977  8148 cuckoo_watch.h:44] 78ms in ProcessBatch(school_batches\aaaaab.batch) [including 4ms in LoadMessage; 2ms in InitializeSparseNdw; 21ms in InferThetaAndUpdateNwtSparse; 19ms in CalculateScore(PerplexityScore); 6ms in CalculateScore(SparsityThetaScore); 21ms in CalculateScore(^^^ItemsProcessedScore^^^); ]
I0328 09:46:09.587977 10204 cuckoo_watch.h:44] 78ms in ProcessBatch(school_batches\aaaaaa.batch) [including 4ms in LoadMessage; 2ms in InitializeSparseNdw; 21ms in InferThetaAndUpdateNwtSparse; 20ms in CalculateScore(PerplexityScore); 5ms in CalculateScore(SparsityThetaScore); 21ms in CalculateScore(^^^ItemsProcessedScore^^^); ]
I0328 09:46:09.593981  8148 processor.cc:742] Processor: start processing batch 4424f66d-496b-46d8-98a8-ea4d6fe056c4 into model nwt
I0328 09:46:09.595978  9960 processor.cc:830] Processor: complete processing batch 73c6ae99-9f61-402a-8c01-eee9f827e222 into model nwt
I0328 09:46:09.595978  9960 cuckoo_watch.h:44] 87ms in ProcessBatch(school_batches\aaaaad.batch) [including 4ms in LoadMessage; 3ms in InitializeSparseNdw; 27ms in InferThetaAndUpdateNwtSparse; 21ms in CalculateScore(PerplexityScore); 5ms in CalculateScore(SparsityThetaScore); 21ms in CalculateScore(^^^ItemsProcessedScore^^^); ]
I0328 09:46:09.603977  1124 processor.cc:830] Processor: complete processing batch 2868a5be-e8f1-47db-a8d0-c9a19db3db70 into model nwt
I0328 09:46:09.605978  1124 cuckoo_watch.h:44] 95ms in ProcessBatch(school_batches\aaaaac.batch) [including 22ms in LoadMessage; 2ms in InitializeSparseNdw; 23ms in InferThetaAndUpdateNwtSparse; 21ms in CalculateScore(PerplexityScore); 5ms in CalculateScore(SparsityThetaScore); 16ms in CalculateScore(^^^ItemsProcessedScore^^^); ]
I0328 09:46:09.636265  8148 processor.cc:830] Processor: complete processing batch 4424f66d-496b-46d8-98a8-ea4d6fe056c4 into model nwt
I0328 09:46:09.638265  8148 cuckoo_watch.h:44] 50ms in ProcessBatch(school_batches\aaaaae.batch) [including 3ms in LoadMessage; 1ms in InitializeSparseNdw; 15ms in InferThetaAndUpdateNwtSparse; 11ms in CalculateScore(PerplexityScore); 3ms in CalculateScore(SparsityThetaScore); 11ms in CalculateScore(^^^ItemsProcessedScore^^^); ]
I0328 09:46:09.640267 10204 processor.cc:659] No data in processing queue, waiting...
I0328 09:46:09.640267  3240 master_component.cc:1200] RegularizeModelArgs: rwt_target_name=rwt, pwt_source_name=pwt, nwt_source_name=nwt
I0328 09:46:09.640267  3240 master_component.cc:785] MasterComponent: start regularizing model pwt
I0328 09:46:09.644325  9960 processor.cc:659] No data in processing queue, waiting...
I0328 09:46:09.652329  1124 processor.cc:659] No data in processing queue, waiting...
I0328 09:46:09.692589  8148 processor.cc:659] No data in processing queue, waiting...
I0328 09:46:09.708593  3240 master_component.cc:808] MasterComponent: complete regularizing model pwt
I0328 09:46:09.708593  3240 master_component.cc:1211] NormalizeModelArgs: pwt_target_name=pwt, nwt_source_name=nwt, rwt_source_name=rwt
I0328 09:46:09.708593  3240 master_component.cc:812] MasterComponent: start normalizing model nwt
I0328 09:46:09.750599  3240 master_component.cc:834] MasterComponent: complete normalizing model nwt
I0328 09:46:09.788602  3240 master_component.cc:1235] DisposeModel rwt
I0328 09:46:09.792922  3240 master_component.cc:858] FitOffline: ItemsProcessed, num_items=476, num_batches=5, token_weight=160411, token_weight_in_effect=160411
I0328 09:46:09.793923  6804 c_interface.cc:523] Pass GetScoreValueArgs, score_name=^^^ItemsProcessedScore^^^ to MasterComponent::Request
I0328 09:46:09.793923  6804 c_interface.cc:205] ArtmCopyRequestedMessage is copying 54 bytes...
I0328 09:46:09.793923  3240 c_interface.cc:359] Pass FitOfflineMasterModelArgs, batch_filename_size=5, batch_weight_size=5, num_collection_passes=1 to void (__cdecl artm::core::MasterComponent::*)(class artm::FitOfflineMasterModelArgs const & __ptr64) __ptr64
I0328 09:46:09.793923  3240 master_component.cc:1162] ProcessBatchesArgs: nwt_target_name=nwt, batch_filename_size=5, batch_size=0, batch_weight_size=5, pwt_source_name=pwt, num_document_passes=1, regularizer=(name:SparsePhi, tau:-100), class=(text:1), reuse_theta=yes, opt_for_avx=yes, predict_class_id=
I0328 09:46:09.827080  9960 processor.cc:666] Processing queue has data, processing started
I0328 09:46:09.827080  8148 processor.cc:666] Processing queue has data, processing started
I0328 09:46:09.827080  1124 processor.cc:666] Processing queue has data, processing started
I0328 09:46:09.827080 10204 processor.cc:666] Processing queue has data, processing started
I0328 09:46:09.831037  1124 processor.cc:742] Processor: start processing batch 2868a5be-e8f1-47db-a8d0-c9a19db3db70 into model nwt
I0328 09:46:09.831037  9960 processor.cc:742] Processor: start processing batch 08950470-647c-4955-bf17-32864e35ceeb into model nwt
I0328 09:46:09.833039  8148 processor.cc:742] Processor: start processing batch 78b19bca-f842-4091-aab7-a6eee98f34ca into model nwt
I0328 09:46:09.833039 10204 processor.cc:742] Processor: start processing batch 73c6ae99-9f61-402a-8c01-eee9f827e222 into model nwt
I0328 09:46:09.911166  9960 processor.cc:830] Processor: complete processing batch 08950470-647c-4955-bf17-32864e35ceeb into model nwt
I0328 09:46:09.912168  9960 cuckoo_watch.h:44] 85ms in ProcessBatch(school_batches\aaaaaa.batch) [including 4ms in LoadMessage; 2ms in InitializeSparseNdw; 21ms in InferThetaAndUpdateNwtSparse; 22ms in CalculateScore(PerplexityScore); 6ms in CalculateScore(SparsityThetaScore); 26ms in CalculateScore(^^^ItemsProcessedScore^^^); ]
I0328 09:46:09.921174  9960 processor.cc:742] Processor: start processing batch 4424f66d-496b-46d8-98a8-ea4d6fe056c4 into model nwt
I0328 09:46:09.929337  1124 processor.cc:830] Processor: complete processing batch 2868a5be-e8f1-47db-a8d0-c9a19db3db70 into model nwt
I0328 09:46:09.931339  1124 cuckoo_watch.h:44] 104ms in ProcessBatch(school_batches\aaaaac.batch) [including 4ms in LoadMessage; 3ms in InitializeSparseNdw; 32ms in InferThetaAndUpdateNwtSparse; 29ms in CalculateScore(PerplexityScore); 5ms in CalculateScore(SparsityThetaScore); 26ms in CalculateScore(^^^ItemsProcessedScore^^^); ]
I0328 09:46:09.935339 10204 processor.cc:830] Processor: complete processing batch 73c6ae99-9f61-402a-8c01-eee9f827e222 into model nwt
I0328 09:46:09.935339  8148 processor.cc:830] Processor: complete processing batch 78b19bca-f842-4091-aab7-a6eee98f34ca into model nwt
I0328 09:46:09.937340 10204 cuckoo_watch.h:44] 108ms in ProcessBatch(school_batches\aaaaad.batch) [including 4ms in LoadMessage; 4ms in InitializeSparseNdw; 45ms in InferThetaAndUpdateNwtSparse; 24ms in CalculateScore(PerplexityScore); 5ms in CalculateScore(SparsityThetaScore); 21ms in CalculateScore(^^^ItemsProcessedScore^^^); ]
I0328 09:46:09.937340  8148 cuckoo_watch.h:44] 111ms in ProcessBatch(school_batches\aaaaab.batch) [including 5ms in LoadMessage; 2ms in InitializeSparseNdw; 37ms in InferThetaAndUpdateNwtSparse; 26ms in CalculateScore(PerplexityScore); 9ms in CalculateScore(SparsityThetaScore); 27ms in CalculateScore(^^^ItemsProcessedScore^^^); ]
I0328 09:46:09.977346  9960 processor.cc:830] Processor: complete processing batch 4424f66d-496b-46d8-98a8-ea4d6fe056c4 into model nwt
I0328 09:46:09.977346  9960 cuckoo_watch.h:44] 65ms in ProcessBatch(school_batches\aaaaae.batch) [including 7ms in LoadMessage; 2ms in InitializeSparseNdw; 22ms in InferThetaAndUpdateNwtSparse; 13ms in CalculateScore(PerplexityScore); 3ms in CalculateScore(SparsityThetaScore); 13ms in CalculateScore(^^^ItemsProcessedScore^^^); ]
I0328 09:46:09.981349  3240 master_component.cc:1200] RegularizeModelArgs: rwt_target_name=rwt, pwt_source_name=pwt, nwt_source_name=nwt
I0328 09:46:09.981349  3240 master_component.cc:785] MasterComponent: start regularizing model pwt
I0328 09:46:10.007352  1124 processor.cc:659] No data in processing queue, waiting...
I0328 09:46:10.009352 10204 processor.cc:659] No data in processing queue, waiting...
I0328 09:46:10.009352  8148 processor.cc:659] No data in processing queue, waiting...
I0328 09:46:10.032505  9960 processor.cc:659] No data in processing queue, waiting...
I0328 09:46:10.059051  3240 master_component.cc:808] MasterComponent: complete regularizing model pwt
I0328 09:46:10.059051  3240 master_component.cc:1211] NormalizeModelArgs: pwt_target_name=pwt, nwt_source_name=nwt, rwt_source_name=rwt
I0328 09:46:10.059051  3240 master_component.cc:812] MasterComponent: start normalizing model nwt
I0328 09:46:10.105062  3240 master_component.cc:834] MasterComponent: complete normalizing model nwt
I0328 09:46:10.145066  3240 master_component.cc:1235] DisposeModel rwt
I0328 09:46:10.149065  3240 master_component.cc:858] FitOffline: ItemsProcessed, num_items=476, num_batches=5, token_weight=160411, token_weight_in_effect=160411
I0328 09:46:10.149065  6804 c_interface.cc:523] Pass GetScoreValueArgs, score_name=^^^ItemsProcessedScore^^^ to MasterComponent::Request
I0328 09:46:10.149065  6804 c_interface.cc:205] ArtmCopyRequestedMessage is copying 54 bytes...
I0328 09:46:10.151064  3240 c_interface.cc:359] Pass FitOfflineMasterModelArgs, batch_filename_size=5, batch_weight_size=5, num_collection_passes=1 to void (__cdecl artm::core::MasterComponent::*)(class artm::FitOfflineMasterModelArgs const & __ptr64) __ptr64
I0328 09:46:10.151064  3240 master_component.cc:1162] ProcessBatchesArgs: nwt_target_name=nwt, batch_filename_size=5, batch_size=0, batch_weight_size=5, pwt_source_name=pwt, num_document_passes=1, regularizer=(name:SparsePhi, tau:-100), class=(text:1), reuse_theta=yes, opt_for_avx=yes, predict_class_id=
I0328 09:46:10.183071  1124 processor.cc:666] Processing queue has data, processing started
I0328 09:46:10.183071 10204 processor.cc:666] Processing queue has data, processing started
I0328 09:46:10.185071  9960 processor.cc:666] Processing queue has data, processing started
I0328 09:46:10.185071  8148 processor.cc:666] Processing queue has data, processing started
I0328 09:46:10.187074 10204 processor.cc:742] Processor: start processing batch 08950470-647c-4955-bf17-32864e35ceeb into model nwt
I0328 09:46:10.187074  1124 processor.cc:742] Processor: start processing batch 78b19bca-f842-4091-aab7-a6eee98f34ca into model nwt
I0328 09:46:10.189074  9960 processor.cc:742] Processor: start processing batch 73c6ae99-9f61-402a-8c01-eee9f827e222 into model nwt
I0328 09:46:10.189074  8148 processor.cc:742] Processor: start processing batch 2868a5be-e8f1-47db-a8d0-c9a19db3db70 into model nwt
I0328 09:46:10.259086  1124 processor.cc:830] Processor: complete processing batch 78b19bca-f842-4091-aab7-a6eee98f34ca into model nwt
I0328 09:46:10.259086  9960 processor.cc:830] Processor: complete processing batch 73c6ae99-9f61-402a-8c01-eee9f827e222 into model nwt
I0328 09:46:10.259086  1124 cuckoo_watch.h:44] 77ms in ProcessBatch(school_batches\aaaaab.batch) [including 3ms in LoadMessage; 2ms in InitializeSparseNdw; 20ms in InferThetaAndUpdateNwtSparse; 20ms in CalculateScore(PerplexityScore); 5ms in CalculateScore(SparsityThetaScore); 21ms in CalculateScore(^^^ItemsProcessedScore^^^); ]
I0328 09:46:10.259086  9960 cuckoo_watch.h:44] 75ms in ProcessBatch(school_batches\aaaaad.batch) [including 3ms in LoadMessage; 2ms in InitializeSparseNdw; 20ms in InferThetaAndUpdateNwtSparse; 19ms in CalculateScore(PerplexityScore); 5ms in CalculateScore(SparsityThetaScore); 20ms in CalculateScore(^^^ItemsProcessedScore^^^); ]
I0328 09:46:10.265087 10204 processor.cc:830] Processor: complete processing batch 08950470-647c-4955-bf17-32864e35ceeb into model nwt
I0328 09:46:10.265087  1124 processor.cc:742] Processor: start processing batch 4424f66d-496b-46d8-98a8-ea4d6fe056c4 into model nwt
I0328 09:46:10.265087  8148 processor.cc:830] Processor: complete processing batch 2868a5be-e8f1-47db-a8d0-c9a19db3db70 into model nwt
I0328 09:46:10.267089 10204 cuckoo_watch.h:44] 84ms in ProcessBatch(school_batches\aaaaaa.batch) [including 3ms in LoadMessage; 3ms in InitializeSparseNdw; 21ms in InferThetaAndUpdateNwtSparse; 19ms in CalculateScore(PerplexityScore); 6ms in CalculateScore(SparsityThetaScore); 27ms in CalculateScore(^^^ItemsProcessedScore^^^); ]
I0328 09:46:10.267089  8148 cuckoo_watch.h:44] 82ms in ProcessBatch(school_batches\aaaaac.batch) [including 4ms in LoadMessage; 3ms in InitializeSparseNdw; 21ms in InferThetaAndUpdateNwtSparse; 23ms in CalculateScore(PerplexityScore); 5ms in CalculateScore(SparsityThetaScore); 21ms in CalculateScore(^^^ItemsProcessedScore^^^); ]
I0328 09:46:10.309095  1124 processor.cc:830] Processor: complete processing batch 4424f66d-496b-46d8-98a8-ea4d6fe056c4 into model nwt
I0328 09:46:10.311095  1124 cuckoo_watch.h:44] 50ms in ProcessBatch(school_batches\aaaaae.batch) [including 4ms in LoadMessage; 2ms in InitializeSparseNdw; 15ms in InferThetaAndUpdateNwtSparse; 11ms in CalculateScore(PerplexityScore); 3ms in CalculateScore(SparsityThetaScore); 11ms in CalculateScore(^^^ItemsProcessedScore^^^); ]
I0328 09:46:10.313097  3240 master_component.cc:1200] RegularizeModelArgs: rwt_target_name=rwt, pwt_source_name=pwt, nwt_source_name=nwt
I0328 09:46:10.313097  3240 master_component.cc:785] MasterComponent: start regularizing model pwt
I0328 09:46:10.327100  9960 processor.cc:659] No data in processing queue, waiting...
I0328 09:46:10.339144  8148 processor.cc:659] No data in processing queue, waiting...
I0328 09:46:10.339144 10204 processor.cc:659] No data in processing queue, waiting...
I0328 09:46:10.366559  1124 processor.cc:659] No data in processing queue, waiting...
I0328 09:46:10.399580  3240 master_component.cc:808] MasterComponent: complete regularizing model pwt
I0328 09:46:10.399580  3240 master_component.cc:1211] NormalizeModelArgs: pwt_target_name=pwt, nwt_source_name=nwt, rwt_source_name=rwt
I0328 09:46:10.399580  3240 master_component.cc:812] MasterComponent: start normalizing model nwt
I0328 09:46:10.454664  3240 master_component.cc:834] MasterComponent: complete normalizing model nwt
I0328 09:46:10.496671  3240 master_component.cc:1235] DisposeModel rwt
I0328 09:46:10.500674  3240 master_component.cc:858] FitOffline: ItemsProcessed, num_items=476, num_batches=5, token_weight=160411, token_weight_in_effect=160411
I0328 09:46:10.500674  6804 c_interface.cc:523] Pass GetScoreValueArgs, score_name=^^^ItemsProcessedScore^^^ to MasterComponent::Request
I0328 09:46:10.500674  6804 c_interface.cc:205] ArtmCopyRequestedMessage is copying 54 bytes...
I0328 09:46:10.502671  3240 c_interface.cc:359] Pass FitOfflineMasterModelArgs, batch_filename_size=5, batch_weight_size=5, num_collection_passes=1 to void (__cdecl artm::core::MasterComponent::*)(class artm::FitOfflineMasterModelArgs const & __ptr64) __ptr64
I0328 09:46:10.502671  3240 master_component.cc:1162] ProcessBatchesArgs: nwt_target_name=nwt, batch_filename_size=5, batch_size=0, batch_weight_size=5, pwt_source_name=pwt, num_document_passes=1, regularizer=(name:SparsePhi, tau:-100), class=(text:1), reuse_theta=yes, opt_for_avx=yes, predict_class_id=
I0328 09:46:10.540707  9960 processor.cc:666] Processing queue has data, processing started
I0328 09:46:10.540707  8148 processor.cc:666] Processing queue has data, processing started
I0328 09:46:10.540707 10204 processor.cc:666] Processing queue has data, processing started
I0328 09:46:10.540707  1124 processor.cc:666] Processing queue has data, processing started
I0328 09:46:10.544679  9960 processor.cc:742] Processor: start processing batch 78b19bca-f842-4091-aab7-a6eee98f34ca into model nwt
I0328 09:46:10.544679  8148 processor.cc:742] Processor: start processing batch 08950470-647c-4955-bf17-32864e35ceeb into model nwt
I0328 09:46:10.544679 10204 processor.cc:742] Processor: start processing batch 2868a5be-e8f1-47db-a8d0-c9a19db3db70 into model nwt
I0328 09:46:10.544679  1124 processor.cc:742] Processor: start processing batch 73c6ae99-9f61-402a-8c01-eee9f827e222 into model nwt
I0328 09:46:10.618576 10204 processor.cc:830] Processor: complete processing batch 2868a5be-e8f1-47db-a8d0-c9a19db3db70 into model nwt
I0328 09:46:10.619576  1124 processor.cc:830] Processor: complete processing batch 73c6ae99-9f61-402a-8c01-eee9f827e222 into model nwt
I0328 09:46:10.620578 10204 cuckoo_watch.h:44] 79ms in ProcessBatch(school_batches\aaaaac.batch) [including 4ms in LoadMessage; 3ms in InitializeSparseNdw; 21ms in InferThetaAndUpdateNwtSparse; 20ms in CalculateScore(PerplexityScore); 6ms in CalculateScore(SparsityThetaScore); 21ms in CalculateScore(^^^ItemsProcessedScore^^^); ]
I0328 09:46:10.620578  8148 processor.cc:830] Processor: complete processing batch 08950470-647c-4955-bf17-32864e35ceeb into model nwt
I0328 09:46:10.620578  1124 cuckoo_watch.h:44] 79ms in ProcessBatch(school_batches\aaaaad.batch) [including 4ms in LoadMessage; 3ms in InitializeSparseNdw; 20ms in InferThetaAndUpdateNwtSparse; 20ms in CalculateScore(PerplexityScore); 7ms in CalculateScore(SparsityThetaScore); 21ms in CalculateScore(^^^ItemsProcessedScore^^^); ]
I0328 09:46:10.621577  8148 cuckoo_watch.h:44] 81ms in ProcessBatch(school_batches\aaaaaa.batch) [including 4ms in LoadMessage; 3ms in InitializeSparseNdw; 23ms in InferThetaAndUpdateNwtSparse; 19ms in CalculateScore(PerplexityScore); 6ms in CalculateScore(SparsityThetaScore); 21ms in CalculateScore(^^^ItemsProcessedScore^^^); ]
I0328 09:46:10.624581 10204 processor.cc:742] Processor: start processing batch 4424f66d-496b-46d8-98a8-ea4d6fe056c4 into model nwt
I0328 09:46:10.636646  9960 processor.cc:830] Processor: complete processing batch 78b19bca-f842-4091-aab7-a6eee98f34ca into model nwt
I0328 09:46:10.636646  9960 cuckoo_watch.h:44] 97ms in ProcessBatch(school_batches\aaaaab.batch) [including 4ms in LoadMessage; 3ms in InitializeSparseNdw; 20ms in InferThetaAndUpdateNwtSparse; 47ms in CalculateScore(PerplexityScore); 5ms in CalculateScore(SparsityThetaScore); 14ms in CalculateScore(^^^ItemsProcessedScore^^^); ]
I0328 09:46:10.672853  8148 processor.cc:659] No data in processing queue, waiting...
I0328 09:46:10.672853  1124 processor.cc:659] No data in processing queue, waiting...
I0328 09:46:10.672853 10204 processor.cc:830] Processor: complete processing batch 4424f66d-496b-46d8-98a8-ea4d6fe056c4 into model nwt
I0328 09:46:10.672853 10204 cuckoo_watch.h:44] 52ms in ProcessBatch(school_batches\aaaaae.batch) [including 3ms in LoadMessage; 1ms in InitializeSparseNdw; 15ms in InferThetaAndUpdateNwtSparse; 13ms in CalculateScore(PerplexityScore); 3ms in CalculateScore(SparsityThetaScore); 13ms in CalculateScore(^^^ItemsProcessedScore^^^); ]
I0328 09:46:10.674854  3240 master_component.cc:1200] RegularizeModelArgs: rwt_target_name=rwt, pwt_source_name=pwt, nwt_source_name=nwt
I0328 09:46:10.674854  3240 master_component.cc:785] MasterComponent: start regularizing model pwt
I0328 09:46:10.683861  9960 processor.cc:659] No data in processing queue, waiting...
I0328 09:46:10.710880 10204 processor.cc:659] No data in processing queue, waiting...
I0328 09:46:10.766984  3240 master_component.cc:808] MasterComponent: complete regularizing model pwt
I0328 09:46:10.766984  3240 master_component.cc:1211] NormalizeModelArgs: pwt_target_name=pwt, nwt_source_name=nwt, rwt_source_name=rwt
I0328 09:46:10.766984  3240 master_component.cc:812] MasterComponent: start normalizing model nwt
I0328 09:46:10.820993  3240 master_component.cc:834] MasterComponent: complete normalizing model nwt
I0328 09:46:10.873193  3240 master_component.cc:1235] DisposeModel rwt
I0328 09:46:10.877195  3240 master_component.cc:858] FitOffline: ItemsProcessed, num_items=476, num_batches=5, token_weight=160411, token_weight_in_effect=160411
I0328 09:46:10.878196  6804 c_interface.cc:523] Pass GetScoreValueArgs, score_name=^^^ItemsProcessedScore^^^ to MasterComponent::Request
I0328 09:46:10.878196  6804 c_interface.cc:205] ArtmCopyRequestedMessage is copying 54 bytes...
I0328 09:46:10.878196  3240 c_interface.cc:359] Pass FitOfflineMasterModelArgs, batch_filename_size=5, batch_weight_size=5, num_collection_passes=1 to void (__cdecl artm::core::MasterComponent::*)(class artm::FitOfflineMasterModelArgs const & __ptr64) __ptr64
I0328 09:46:10.878196  3240 master_component.cc:1162] ProcessBatchesArgs: nwt_target_name=nwt, batch_filename_size=5, batch_size=0, batch_weight_size=5, pwt_source_name=pwt, num_document_passes=1, regularizer=(name:SparsePhi, tau:-100), class=(text:1), reuse_theta=yes, opt_for_avx=yes, predict_class_id=
I0328 09:46:10.912026  9960 processor.cc:666] Processing queue has data, processing started
I0328 09:46:10.912026 10204 processor.cc:666] Processing queue has data, processing started
I0328 09:46:10.912026  1124 processor.cc:666] Processing queue has data, processing started
I0328 09:46:10.912026  8148 processor.cc:666] Processing queue has data, processing started
I0328 09:46:10.916025  1124 processor.cc:742] Processor: start processing batch 2868a5be-e8f1-47db-a8d0-c9a19db3db70 into model nwt
I0328 09:46:10.916025  8148 processor.cc:742] Processor: start processing batch 73c6ae99-9f61-402a-8c01-eee9f827e222 into model nwt
I0328 09:46:10.916025 10204 processor.cc:742] Processor: start processing batch 78b19bca-f842-4091-aab7-a6eee98f34ca into model nwt
I0328 09:46:10.920027  9960 processor.cc:742] Processor: start processing batch 08950470-647c-4955-bf17-32864e35ceeb into model nwt
I0328 09:46:10.988039  8148 processor.cc:830] Processor: complete processing batch 73c6ae99-9f61-402a-8c01-eee9f827e222 into model nwt
I0328 09:46:10.988039  1124 processor.cc:830] Processor: complete processing batch 2868a5be-e8f1-47db-a8d0-c9a19db3db70 into model nwt
I0328 09:46:10.990041  8148 cuckoo_watch.h:44] 78ms in ProcessBatch(school_batches\aaaaad.batch) [including 4ms in LoadMessage; 2ms in InitializeSparseNdw; 21ms in InferThetaAndUpdateNwtSparse; 19ms in CalculateScore(PerplexityScore); 6ms in CalculateScore(SparsityThetaScore); 21ms in CalculateScore(^^^ItemsProcessedScore^^^); ]
I0328 09:46:10.990041  1124 cuckoo_watch.h:44] 78ms in ProcessBatch(school_batches\aaaaac.batch) [including 4ms in LoadMessage; 2ms in InitializeSparseNdw; 21ms in InferThetaAndUpdateNwtSparse; 19ms in CalculateScore(PerplexityScore); 6ms in CalculateScore(SparsityThetaScore); 22ms in CalculateScore(^^^ItemsProcessedScore^^^); ]
I0328 09:46:10.994041  8148 processor.cc:742] Processor: start processing batch 4424f66d-496b-46d8-98a8-ea4d6fe056c4 into model nwt
I0328 09:46:11.002043 10204 processor.cc:830] Processor: complete processing batch 78b19bca-f842-4091-aab7-a6eee98f34ca into model nwt
I0328 09:46:11.002043 10204 cuckoo_watch.h:44] 91ms in ProcessBatch(school_batches\aaaaab.batch) [including 4ms in LoadMessage; 2ms in InitializeSparseNdw; 20ms in InferThetaAndUpdateNwtSparse; 22ms in CalculateScore(PerplexityScore); 14ms in CalculateScore(SparsityThetaScore); 24ms in CalculateScore(^^^ItemsProcessedScore^^^); ]
I0328 09:46:11.006045  9960 processor.cc:830] Processor: complete processing batch 08950470-647c-4955-bf17-32864e35ceeb into model nwt
I0328 09:46:11.008044  9960 cuckoo_watch.h:44] 96ms in ProcessBatch(school_batches\aaaaaa.batch) [including 8ms in LoadMessage; 6ms in InitializeSparseNdw; 31ms in InferThetaAndUpdateNwtSparse; 22ms in CalculateScore(PerplexityScore); 5ms in CalculateScore(SparsityThetaScore); 20ms in CalculateScore(^^^ItemsProcessedScore^^^); ]
I0328 09:46:11.042048  8148 processor.cc:830] Processor: complete processing batch 4424f66d-496b-46d8-98a8-ea4d6fe056c4 into model nwt
I0328 09:46:11.044049  8148 cuckoo_watch.h:44] 53ms in ProcessBatch(school_batches\aaaaae.batch) [including 3ms in LoadMessage; 2ms in InitializeSparseNdw; 17ms in InferThetaAndUpdateNwtSparse; 12ms in CalculateScore(PerplexityScore); 3ms in CalculateScore(SparsityThetaScore); 11ms in CalculateScore(^^^ItemsProcessedScore^^^); ]
I0328 09:46:11.046051  3240 master_component.cc:1200] RegularizeModelArgs: rwt_target_name=rwt, pwt_source_name=pwt, nwt_source_name=nwt
I0328 09:46:11.046051  3240 master_component.cc:785] MasterComponent: start regularizing model pwt
I0328 09:46:11.054051  1124 processor.cc:659] No data in processing queue, waiting...
I0328 09:46:11.064098 10204 processor.cc:659] No data in processing queue, waiting...
I0328 09:46:11.072099  9960 processor.cc:659] No data in processing queue, waiting...
I0328 09:46:11.108104  8148 processor.cc:659] No data in processing queue, waiting...
I0328 09:46:11.117616  3240 master_component.cc:808] MasterComponent: complete regularizing model pwt
I0328 09:46:11.117616  3240 master_component.cc:1211] NormalizeModelArgs: pwt_target_name=pwt, nwt_source_name=nwt, rwt_source_name=rwt
I0328 09:46:11.117616  3240 master_component.cc:812] MasterComponent: start normalizing model nwt
I0328 09:46:11.160645  3240 master_component.cc:834] MasterComponent: complete normalizing model nwt
I0328 09:46:11.200064  3240 master_component.cc:1235] DisposeModel rwt
I0328 09:46:11.204111  3240 master_component.cc:858] FitOffline: ItemsProcessed, num_items=476, num_batches=5, token_weight=160411, token_weight_in_effect=160411
I0328 09:46:11.204111  6804 c_interface.cc:523] Pass GetScoreValueArgs, score_name=^^^ItemsProcessedScore^^^ to MasterComponent::Request
I0328 09:46:11.205067  6804 c_interface.cc:205] ArtmCopyRequestedMessage is copying 54 bytes...
I0328 09:46:11.205067  3240 c_interface.cc:359] Pass FitOfflineMasterModelArgs, batch_filename_size=5, batch_weight_size=5, num_collection_passes=1 to void (__cdecl artm::core::MasterComponent::*)(class artm::FitOfflineMasterModelArgs const & __ptr64) __ptr64
I0328 09:46:11.205067  3240 master_component.cc:1162] ProcessBatchesArgs: nwt_target_name=nwt, batch_filename_size=5, batch_size=0, batch_weight_size=5, pwt_source_name=pwt, num_document_passes=1, regularizer=(name:SparsePhi, tau:-100), class=(text:1), reuse_theta=yes, opt_for_avx=yes, predict_class_id=
I0328 09:46:11.239136  9960 processor.cc:666] Processing queue has data, processing started
I0328 09:46:11.243139 10204 processor.cc:666] Processing queue has data, processing started
I0328 09:46:11.243139  8148 processor.cc:666] Processing queue has data, processing started
I0328 09:46:11.243139  1124 processor.cc:666] Processing queue has data, processing started
I0328 09:46:11.243139  9960 processor.cc:742] Processor: start processing batch 08950470-647c-4955-bf17-32864e35ceeb into model nwt
I0328 09:46:11.248098  1124 processor.cc:742] Processor: start processing batch 78b19bca-f842-4091-aab7-a6eee98f34ca into model nwt
I0328 09:46:11.248098  8148 processor.cc:742] Processor: start processing batch 73c6ae99-9f61-402a-8c01-eee9f827e222 into model nwt
I0328 09:46:11.248098 10204 processor.cc:742] Processor: start processing batch 2868a5be-e8f1-47db-a8d0-c9a19db3db70 into model nwt
I0328 09:46:11.316303  9960 processor.cc:830] Processor: complete processing batch 08950470-647c-4955-bf17-32864e35ceeb into model nwt
I0328 09:46:11.316303  9960 cuckoo_watch.h:44] 78ms in ProcessBatch(school_batches\aaaaaa.batch) [including 3ms in LoadMessage; 2ms in InitializeSparseNdw; 22ms in InferThetaAndUpdateNwtSparse; 20ms in CalculateScore(PerplexityScore); 6ms in CalculateScore(SparsityThetaScore); 21ms in CalculateScore(^^^ItemsProcessedScore^^^); ]
I0328 09:46:11.318305  8148 processor.cc:830] Processor: complete processing batch 73c6ae99-9f61-402a-8c01-eee9f827e222 into model nwt
I0328 09:46:11.320305  8148 cuckoo_watch.h:44] 77ms in ProcessBatch(school_batches\aaaaad.batch) [including 4ms in LoadMessage; 3ms in InitializeSparseNdw; 20ms in InferThetaAndUpdateNwtSparse; 20ms in CalculateScore(PerplexityScore); 5ms in CalculateScore(SparsityThetaScore); 20ms in CalculateScore(^^^ItemsProcessedScore^^^); ]
I0328 09:46:11.322454 10204 processor.cc:830] Processor: complete processing batch 2868a5be-e8f1-47db-a8d0-c9a19db3db70 into model nwt
I0328 09:46:11.322454  9960 processor.cc:742] Processor: start processing batch 4424f66d-496b-46d8-98a8-ea4d6fe056c4 into model nwt
I0328 09:46:11.323457 10204 cuckoo_watch.h:44] 80ms in ProcessBatch(school_batches\aaaaac.batch) [including 4ms in LoadMessage; 3ms in InitializeSparseNdw; 22ms in InferThetaAndUpdateNwtSparse; 20ms in CalculateScore(PerplexityScore); 6ms in CalculateScore(SparsityThetaScore); 21ms in CalculateScore(^^^ItemsProcessedScore^^^); ]
I0328 09:46:11.326458  1124 processor.cc:830] Processor: complete processing batch 78b19bca-f842-4091-aab7-a6eee98f34ca into model nwt
I0328 09:46:11.327553  1124 cuckoo_watch.h:44] 84ms in ProcessBatch(school_batches\aaaaab.batch) [including 4ms in LoadMessage; 3ms in InitializeSparseNdw; 26ms in InferThetaAndUpdateNwtSparse; 22ms in CalculateScore(PerplexityScore); 5ms in CalculateScore(SparsityThetaScore); 20ms in CalculateScore(^^^ItemsProcessedScore^^^); ]
I0328 09:46:11.360394  8148 processor.cc:659] No data in processing queue, waiting...
I0328 09:46:11.361393 10204 processor.cc:659] No data in processing queue, waiting...
I0328 09:46:11.364395  1124 processor.cc:659] No data in processing queue, waiting...
I0328 09:46:11.378404  9960 processor.cc:830] Processor: complete processing batch 4424f66d-496b-46d8-98a8-ea4d6fe056c4 into model nwt
I0328 09:46:11.379406  9960 cuckoo_watch.h:44] 62ms in ProcessBatch(school_batches\aaaaae.batch) [including 3ms in LoadMessage; 1ms in InitializeSparseNdw; 15ms in InferThetaAndUpdateNwtSparse; 15ms in CalculateScore(PerplexityScore); 5ms in CalculateScore(SparsityThetaScore); 17ms in CalculateScore(^^^ItemsProcessedScore^^^); ]
I0328 09:46:11.380408  3240 master_component.cc:1200] RegularizeModelArgs: rwt_target_name=rwt, pwt_source_name=pwt, nwt_source_name=nwt
I0328 09:46:11.380408  3240 master_component.cc:785] MasterComponent: start regularizing model pwt
I0328 09:46:11.441545  9960 processor.cc:659] No data in processing queue, waiting...
I0328 09:46:11.457499  3240 master_component.cc:808] MasterComponent: complete regularizing model pwt
I0328 09:46:11.457499  3240 master_component.cc:1211] NormalizeModelArgs: pwt_target_name=pwt, nwt_source_name=nwt, rwt_source_name=rwt
I0328 09:46:11.457499  3240 master_component.cc:812] MasterComponent: start normalizing model nwt
I0328 09:46:11.515511  3240 master_component.cc:834] MasterComponent: complete normalizing model nwt
I0328 09:46:11.575776  3240 master_component.cc:1235] DisposeModel rwt
I0328 09:46:11.580778  3240 master_component.cc:858] FitOffline: ItemsProcessed, num_items=476, num_batches=5, token_weight=160411, token_weight_in_effect=160411
I0328 09:46:11.580778  6804 c_interface.cc:523] Pass GetScoreValueArgs, score_name=^^^ItemsProcessedScore^^^ to MasterComponent::Request
I0328 09:46:11.580778  6804 c_interface.cc:205] ArtmCopyRequestedMessage is copying 54 bytes...
I0328 09:46:11.581779  3240 c_interface.cc:359] Pass FitOfflineMasterModelArgs, batch_filename_size=5, batch_weight_size=5, num_collection_passes=1 to void (__cdecl artm::core::MasterComponent::*)(class artm::FitOfflineMasterModelArgs const & __ptr64) __ptr64
I0328 09:46:11.581779  3240 master_component.cc:1162] ProcessBatchesArgs: nwt_target_name=nwt, batch_filename_size=5, batch_size=0, batch_weight_size=5, pwt_source_name=pwt, num_document_passes=1, regularizer=(name:SparsePhi, tau:-100), class=(text:1), reuse_theta=yes, opt_for_avx=yes, predict_class_id=
I0328 09:46:11.623975 10204 processor.cc:666] Processing queue has data, processing started
I0328 09:46:11.623975  9960 processor.cc:666] Processing queue has data, processing started
I0328 09:46:11.623975  8148 processor.cc:666] Processing queue has data, processing started
I0328 09:46:11.623975  1124 processor.cc:666] Processing queue has data, processing started
I0328 09:46:11.627977  9960 processor.cc:742] Processor: start processing batch 73c6ae99-9f61-402a-8c01-eee9f827e222 into model nwt
I0328 09:46:11.627977 10204 processor.cc:742] Processor: start processing batch 2868a5be-e8f1-47db-a8d0-c9a19db3db70 into model nwt
I0328 09:46:11.627977  8148 processor.cc:742] Processor: start processing batch 78b19bca-f842-4091-aab7-a6eee98f34ca into model nwt
I0328 09:46:11.627977  1124 processor.cc:742] Processor: start processing batch 08950470-647c-4955-bf17-32864e35ceeb into model nwt
I0328 09:46:11.699990  1124 processor.cc:830] Processor: complete processing batch 08950470-647c-4955-bf17-32864e35ceeb into model nwt
I0328 09:46:11.699990  9960 processor.cc:830] Processor: complete processing batch 73c6ae99-9f61-402a-8c01-eee9f827e222 into model nwt
I0328 09:46:11.699990  8148 processor.cc:830] Processor: complete processing batch 78b19bca-f842-4091-aab7-a6eee98f34ca into model nwt
I0328 09:46:11.699990  1124 cuckoo_watch.h:44] 77ms in ProcessBatch(school_batches\aaaaaa.batch) [including 4ms in LoadMessage; 3ms in InitializeSparseNdw; 20ms in InferThetaAndUpdateNwtSparse; 19ms in CalculateScore(PerplexityScore); 6ms in CalculateScore(SparsityThetaScore); 20ms in CalculateScore(^^^ItemsProcessedScore^^^); ]
I0328 09:46:11.699990  9960 cuckoo_watch.h:44] 77ms in ProcessBatch(school_batches\aaaaad.batch) [including 4ms in LoadMessage; 3ms in InitializeSparseNdw; 20ms in InferThetaAndUpdateNwtSparse; 20ms in CalculateScore(PerplexityScore); 6ms in CalculateScore(SparsityThetaScore); 19ms in CalculateScore(^^^ItemsProcessedScore^^^); ]
I0328 09:46:11.701992  8148 cuckoo_watch.h:44] 78ms in ProcessBatch(school_batches\aaaaab.batch) [including 4ms in LoadMessage; 3ms in InitializeSparseNdw; 20ms in InferThetaAndUpdateNwtSparse; 20ms in CalculateScore(PerplexityScore); 6ms in CalculateScore(SparsityThetaScore); 20ms in CalculateScore(^^^ItemsProcessedScore^^^); ]
I0328 09:46:11.701992 10204 processor.cc:830] Processor: complete processing batch 2868a5be-e8f1-47db-a8d0-c9a19db3db70 into model nwt
I0328 09:46:11.703991 10204 cuckoo_watch.h:44] 80ms in ProcessBatch(school_batches\aaaaac.batch) [including 4ms in LoadMessage; 3ms in InitializeSparseNdw; 21ms in InferThetaAndUpdateNwtSparse; 20ms in CalculateScore(PerplexityScore); 6ms in CalculateScore(SparsityThetaScore); 22ms in CalculateScore(^^^ItemsProcessedScore^^^); ]
I0328 09:46:11.705994  1124 processor.cc:742] Processor: start processing batch 4424f66d-496b-46d8-98a8-ea4d6fe056c4 into model nwt
I0328 09:46:11.762001  1124 processor.cc:830] Processor: complete processing batch 4424f66d-496b-46d8-98a8-ea4d6fe056c4 into model nwt
I0328 09:46:11.762001  1124 cuckoo_watch.h:44] 62ms in ProcessBatch(school_batches\aaaaae.batch) [including 3ms in LoadMessage; 2ms in InitializeSparseNdw; 19ms in InferThetaAndUpdateNwtSparse; 14ms in CalculateScore(PerplexityScore); 5ms in CalculateScore(SparsityThetaScore); 15ms in CalculateScore(^^^ItemsProcessedScore^^^); ]
I0328 09:46:11.766002  3240 master_component.cc:1200] RegularizeModelArgs: rwt_target_name=rwt, pwt_source_name=pwt, nwt_source_name=nwt
I0328 09:46:11.766002  3240 master_component.cc:785] MasterComponent: start regularizing model pwt
I0328 09:46:11.774003  8148 processor.cc:659] No data in processing queue, waiting...
I0328 09:46:11.774003  9960 processor.cc:659] No data in processing queue, waiting...
I0328 09:46:11.775512 10204 processor.cc:659] No data in processing queue, waiting...
I0328 09:46:11.799525  1124 processor.cc:659] No data in processing queue, waiting...
I0328 09:46:11.836704  3240 master_component.cc:808] MasterComponent: complete regularizing model pwt
I0328 09:46:11.836704  3240 master_component.cc:1211] NormalizeModelArgs: pwt_target_name=pwt, nwt_source_name=nwt, rwt_source_name=rwt
I0328 09:46:11.836704  3240 master_component.cc:812] MasterComponent: start normalizing model nwt
I0328 09:46:11.879439  3240 master_component.cc:834] MasterComponent: complete normalizing model nwt
I0328 09:46:11.921423  3240 master_component.cc:1235] DisposeModel rwt
I0328 09:46:11.925710  3240 master_component.cc:858] FitOffline: ItemsProcessed, num_items=476, num_batches=5, token_weight=160411, token_weight_in_effect=160411
I0328 09:46:11.925710  6804 c_interface.cc:523] Pass GetScoreValueArgs, score_name=^^^ItemsProcessedScore^^^ to MasterComponent::Request
I0328 09:46:11.925710  6804 c_interface.cc:205] ArtmCopyRequestedMessage is copying 54 bytes...
I0328 09:46:11.925710  3240 c_interface.cc:359] Pass FitOfflineMasterModelArgs, batch_filename_size=5, batch_weight_size=5, num_collection_passes=1 to void (__cdecl artm::core::MasterComponent::*)(class artm::FitOfflineMasterModelArgs const & __ptr64) __ptr64
I0328 09:46:11.925710  3240 master_component.cc:1162] ProcessBatchesArgs: nwt_target_name=nwt, batch_filename_size=5, batch_size=0, batch_weight_size=5, pwt_source_name=pwt, num_document_passes=1, regularizer=(name:SparsePhi, tau:-100), class=(text:1), reuse_theta=yes, opt_for_avx=yes, predict_class_id=
I0328 09:46:11.959718  8148 processor.cc:666] Processing queue has data, processing started
I0328 09:46:11.959718  9960 processor.cc:666] Processing queue has data, processing started
I0328 09:46:11.959718  1124 processor.cc:666] Processing queue has data, processing started
I0328 09:46:11.959718 10204 processor.cc:666] Processing queue has data, processing started
I0328 09:46:11.963718 10204 processor.cc:742] Processor: start processing batch 73c6ae99-9f61-402a-8c01-eee9f827e222 into model nwt
I0328 09:46:11.963718  8148 processor.cc:742] Processor: start processing batch 08950470-647c-4955-bf17-32864e35ceeb into model nwt
I0328 09:46:11.963718  9960 processor.cc:742] Processor: start processing batch 78b19bca-f842-4091-aab7-a6eee98f34ca into model nwt
I0328 09:46:11.969719  1124 processor.cc:742] Processor: start processing batch 2868a5be-e8f1-47db-a8d0-c9a19db3db70 into model nwt
I0328 09:46:12.037731 10204 processor.cc:830] Processor: complete processing batch 73c6ae99-9f61-402a-8c01-eee9f827e222 into model nwt
I0328 09:46:12.039732 10204 cuckoo_watch.h:44] 80ms in ProcessBatch(school_batches\aaaaad.batch) [including 4ms in LoadMessage; 2ms in InitializeSparseNdw; 21ms in InferThetaAndUpdateNwtSparse; 20ms in CalculateScore(PerplexityScore); 5ms in CalculateScore(SparsityThetaScore); 21ms in CalculateScore(^^^ItemsProcessedScore^^^); ]
I0328 09:46:12.043732 10204 processor.cc:742] Processor: start processing batch 4424f66d-496b-46d8-98a8-ea4d6fe056c4 into model nwt
I0328 09:46:12.051734  8148 processor.cc:830] Processor: complete processing batch 08950470-647c-4955-bf17-32864e35ceeb into model nwt
I0328 09:46:12.051734  8148 cuckoo_watch.h:44] 93ms in ProcessBatch(school_batches\aaaaaa.batch) [including 4ms in LoadMessage; 2ms in InitializeSparseNdw; 21ms in InferThetaAndUpdateNwtSparse; 30ms in CalculateScore(PerplexityScore); 9ms in CalculateScore(SparsityThetaScore); 22ms in CalculateScore(^^^ItemsProcessedScore^^^); ]
I0328 09:46:12.055735  9960 processor.cc:830] Processor: complete processing batch 78b19bca-f842-4091-aab7-a6eee98f34ca into model nwt
I0328 09:46:12.057735  9960 cuckoo_watch.h:44] 98ms in ProcessBatch(school_batches\aaaaab.batch) [including 4ms in LoadMessage; 2ms in InitializeSparseNdw; 20ms in InferThetaAndUpdateNwtSparse; 24ms in CalculateScore(PerplexityScore); 5ms in CalculateScore(SparsityThetaScore); 36ms in CalculateScore(^^^ItemsProcessedScore^^^); ]
I0328 09:46:12.078994  1124 processor.cc:830] Processor: complete processing batch 2868a5be-e8f1-47db-a8d0-c9a19db3db70 into model nwt
I0328 09:46:12.080996  1124 cuckoo_watch.h:44] 121ms in ProcessBatch(school_batches\aaaaac.batch) [including 7ms in LoadMessage; 4ms in InitializeSparseNdw; 41ms in InferThetaAndUpdateNwtSparse; 33ms in CalculateScore(PerplexityScore); 6ms in CalculateScore(SparsityThetaScore); 24ms in CalculateScore(^^^ItemsProcessedScore^^^); ]
I0328 09:46:12.109153  1124 processor.cc:659] No data in processing queue, waiting...
I0328 09:46:12.113155 10204 processor.cc:830] Processor: complete processing batch 4424f66d-496b-46d8-98a8-ea4d6fe056c4 into model nwt
I0328 09:46:12.115155  8148 processor.cc:659] No data in processing queue, waiting...
I0328 09:46:12.115155 10204 cuckoo_watch.h:44] 75ms in ProcessBatch(school_batches\aaaaae.batch) [including 4ms in LoadMessage; 2ms in InitializeSparseNdw; 22ms in InferThetaAndUpdateNwtSparse; 21ms in CalculateScore(PerplexityScore); 5ms in CalculateScore(SparsityThetaScore); 18ms in CalculateScore(^^^ItemsProcessedScore^^^); ]
I0328 09:46:12.119156  9960 processor.cc:659] No data in processing queue, waiting...
I0328 09:46:12.119156  3240 master_component.cc:1200] RegularizeModelArgs: rwt_target_name=rwt, pwt_source_name=pwt, nwt_source_name=nwt
I0328 09:46:12.119156  3240 master_component.cc:785] MasterComponent: start regularizing model pwt
I0328 09:46:12.169164 10204 processor.cc:659] No data in processing queue, waiting...
I0328 09:46:12.187170  3240 master_component.cc:808] MasterComponent: complete regularizing model pwt
I0328 09:46:12.187170  3240 master_component.cc:1211] NormalizeModelArgs: pwt_target_name=pwt, nwt_source_name=nwt, rwt_source_name=rwt
I0328 09:46:12.187170  3240 master_component.cc:812] MasterComponent: start normalizing model nwt
I0328 09:46:12.231180  3240 master_component.cc:834] MasterComponent: complete normalizing model nwt
I0328 09:46:12.277566  3240 master_component.cc:1235] DisposeModel rwt
I0328 09:46:12.281569  3240 master_component.cc:858] FitOffline: ItemsProcessed, num_items=476, num_batches=5, token_weight=160411, token_weight_in_effect=160411
I0328 09:46:12.281569  6804 c_interface.cc:523] Pass GetScoreValueArgs, score_name=^^^ItemsProcessedScore^^^ to MasterComponent::Request
I0328 09:46:12.281569  6804 c_interface.cc:205] ArtmCopyRequestedMessage is copying 54 bytes...
I0328 09:46:13.767051  6804 c_interface.cc:205] ArtmCopyRequestedMessage is copying 203414 bytes...
I0328 09:46:14.016803  6804 c_interface.cc:205] ArtmCopyRequestedMessage is copying 203414 bytes...
I0328 09:46:19.998410  6804 c_interface.cc:205] ArtmCopyRequestedMessage is copying 2235 bytes...
I0328 09:46:20.008417  6804 c_interface.cc:205] ArtmCopyRequestedMessage is copying 2227 bytes...
I0328 09:46:21.481554  6804 c_interface.cc:359] Pass MasterModelConfig: topic_name_size=10, class=(text:1), score_config_size=5, num_processors=0, pwt_name=pwt, nwt_name=nwt, num_document_passes=1, regularizer=(SparsePhi:-50000), reuse_theta=yes, cache_theta=yes, opt_for_avx=yes, disk_cache_path to void (__cdecl artm::core::MasterComponent::*)(class artm::MasterModelConfig const & __ptr64) __ptr64
I0328 09:46:21.481554  6804 instance.cc:380] MasterModelConfig.processors_count is automatically set to 4
I0328 09:46:21.481554  6804 perplexity.cc:24] Perplexity score calculator created: model_type=1, dictionary_name=dictionary
I0328 09:46:21.481554  6804 instance.cc:223] Regularizer 'SparsePhi' was cold-reconfigured
I0328 09:46:21.728863  3240 c_interface.cc:359] Pass FitOfflineMasterModelArgs, batch_filename_size=5, batch_weight_size=5, num_collection_passes=1 to void (__cdecl artm::core::MasterComponent::*)(class artm::FitOfflineMasterModelArgs const & __ptr64) __ptr64
I0328 09:46:21.728863  3240 master_component.cc:1162] ProcessBatchesArgs: nwt_target_name=nwt, batch_filename_size=5, batch_size=0, batch_weight_size=5, pwt_source_name=pwt, num_document_passes=1, regularizer=(name:SparsePhi, tau:-50000), class=(text:1), reuse_theta=yes, opt_for_avx=yes, predict_class_id=
I0328 09:46:21.783898  8148 processor.cc:666] Processing queue has data, processing started
I0328 09:46:21.783898 10204 processor.cc:666] Processing queue has data, processing started
I0328 09:46:21.783898  9960 processor.cc:666] Processing queue has data, processing started
I0328 09:46:21.783898  1124 processor.cc:666] Processing queue has data, processing started
I0328 09:46:21.788902 10204 processor.cc:742] Processor: start processing batch 08950470-647c-4955-bf17-32864e35ceeb into model nwt
I0328 09:46:21.788902  8148 processor.cc:742] Processor: start processing batch 78b19bca-f842-4091-aab7-a6eee98f34ca into model nwt
I0328 09:46:21.788902  1124 processor.cc:742] Processor: start processing batch 73c6ae99-9f61-402a-8c01-eee9f827e222 into model nwt
I0328 09:46:21.793907  9960 processor.cc:742] Processor: start processing batch 2868a5be-e8f1-47db-a8d0-c9a19db3db70 into model nwt
I0328 09:46:21.857990 10204 processor.cc:830] Processor: complete processing batch 08950470-647c-4955-bf17-32864e35ceeb into model nwt
I0328 09:46:21.859989 10204 cuckoo_watch.h:44] 76ms in ProcessBatch(school_batches\aaaaaa.batch) [including 4ms in LoadMessage; 2ms in InitializeSparseNdw; 20ms in InferThetaAndUpdateNwtSparse; 19ms in CalculateScore(PerplexityScore); 5ms in CalculateScore(SparsityThetaScore); 20ms in CalculateScore(^^^ItemsProcessedScore^^^); ]
I0328 09:46:21.859989  8148 processor.cc:830] Processor: complete processing batch 78b19bca-f842-4091-aab7-a6eee98f34ca into model nwt
I0328 09:46:21.861989  8148 cuckoo_watch.h:44] 78ms in ProcessBatch(school_batches\aaaaab.batch) [including 4ms in LoadMessage; 2ms in InitializeSparseNdw; 21ms in InferThetaAndUpdateNwtSparse; 21ms in CalculateScore(PerplexityScore); 5ms in CalculateScore(SparsityThetaScore); 20ms in CalculateScore(^^^ItemsProcessedScore^^^); ]
I0328 09:46:21.861989  1124 processor.cc:830] Processor: complete processing batch 73c6ae99-9f61-402a-8c01-eee9f827e222 into model nwt
I0328 09:46:21.863989  1124 cuckoo_watch.h:44] 81ms in ProcessBatch(school_batches\aaaaad.batch) [including 4ms in LoadMessage; 2ms in InitializeSparseNdw; 22ms in InferThetaAndUpdateNwtSparse; 21ms in CalculateScore(PerplexityScore); 6ms in CalculateScore(SparsityThetaScore); 21ms in CalculateScore(^^^ItemsProcessedScore^^^); ]
I0328 09:46:21.863989 10204 processor.cc:742] Processor: start processing batch 4424f66d-496b-46d8-98a8-ea4d6fe056c4 into model nwt
I0328 09:46:21.875994  9960 processor.cc:830] Processor: complete processing batch 2868a5be-e8f1-47db-a8d0-c9a19db3db70 into model nwt
I0328 09:46:21.875994  9960 cuckoo_watch.h:44] 93ms in ProcessBatch(school_batches\aaaaac.batch) [including 8ms in LoadMessage; 2ms in InitializeSparseNdw; 29ms in InferThetaAndUpdateNwtSparse; 23ms in CalculateScore(PerplexityScore); 5ms in CalculateScore(SparsityThetaScore); 20ms in CalculateScore(^^^ItemsProcessedScore^^^); ]
I0328 09:46:21.920001 10204 processor.cc:830] Processor: complete processing batch 4424f66d-496b-46d8-98a8-ea4d6fe056c4 into model nwt
I0328 09:46:21.921998 10204 cuckoo_watch.h:44] 62ms in ProcessBatch(school_batches\aaaaae.batch) [including 3ms in LoadMessage; 2ms in InitializeSparseNdw; 18ms in InferThetaAndUpdateNwtSparse; 16ms in CalculateScore(PerplexityScore); 4ms in CalculateScore(SparsityThetaScore); 14ms in CalculateScore(^^^ItemsProcessedScore^^^); ]
I0328 09:46:21.925998  3240 master_component.cc:1200] RegularizeModelArgs: rwt_target_name=rwt, pwt_source_name=pwt, nwt_source_name=nwt
I0328 09:46:21.925998  3240 master_component.cc:785] MasterComponent: start regularizing model pwt
I0328 09:46:21.928000  8148 processor.cc:659] No data in processing queue, waiting...
I0328 09:46:21.928000  1124 processor.cc:659] No data in processing queue, waiting...
I0328 09:46:21.934002  9960 processor.cc:659] No data in processing queue, waiting...
I0328 09:46:21.967779 10204 processor.cc:659] No data in processing queue, waiting...
I0328 09:46:22.011700  3240 master_component.cc:808] MasterComponent: complete regularizing model pwt
I0328 09:46:22.011700  3240 master_component.cc:1211] NormalizeModelArgs: pwt_target_name=pwt, nwt_source_name=nwt, rwt_source_name=rwt
I0328 09:46:22.011700  3240 master_component.cc:812] MasterComponent: start normalizing model nwt
I0328 09:46:22.057708  3240 master_component.cc:834] MasterComponent: complete normalizing model nwt
I0328 09:46:22.099716  3240 master_component.cc:1235] DisposeModel rwt
I0328 09:46:22.103718  3240 master_component.cc:858] FitOffline: ItemsProcessed, num_items=476, num_batches=5, token_weight=160411, token_weight_in_effect=160411
I0328 09:46:22.103718  6804 c_interface.cc:523] Pass GetScoreValueArgs, score_name=^^^ItemsProcessedScore^^^ to MasterComponent::Request
I0328 09:46:22.103718  6804 c_interface.cc:205] ArtmCopyRequestedMessage is copying 54 bytes...
I0328 09:46:22.105717  3240 c_interface.cc:359] Pass FitOfflineMasterModelArgs, batch_filename_size=5, batch_weight_size=5, num_collection_passes=1 to void (__cdecl artm::core::MasterComponent::*)(class artm::FitOfflineMasterModelArgs const & __ptr64) __ptr64
I0328 09:46:22.105717  3240 master_component.cc:1162] ProcessBatchesArgs: nwt_target_name=nwt, batch_filename_size=5, batch_size=0, batch_weight_size=5, pwt_source_name=pwt, num_document_passes=1, regularizer=(name:SparsePhi, tau:-50000), class=(text:1), reuse_theta=yes, opt_for_avx=yes, predict_class_id=
I0328 09:46:22.139724 10204 processor.cc:666] Processing queue has data, processing started
I0328 09:46:22.139724  8148 processor.cc:666] Processing queue has data, processing started
I0328 09:46:22.139724  1124 processor.cc:666] Processing queue has data, processing started
