I0328 09:46:22.139724  9960 processor.cc:666] Processing queue has data, processing started
I0328 09:46:22.143723  8148 processor.cc:742] Processor: start processing batch 78b19bca-f842-4091-aab7-a6eee98f34ca into model nwt
I0328 09:46:22.143723 10204 processor.cc:742] Processor: start processing batch 08950470-647c-4955-bf17-32864e35ceeb into model nwt
I0328 09:46:22.145725  1124 processor.cc:742] Processor: start processing batch 2868a5be-e8f1-47db-a8d0-c9a19db3db70 into model nwt
I0328 09:46:22.147727  9960 processor.cc:742] Processor: start processing batch 73c6ae99-9f61-402a-8c01-eee9f827e222 into model nwt
I0328 09:46:22.217738 10204 processor.cc:830] Processor: complete processing batch 08950470-647c-4955-bf17-32864e35ceeb into model nwt
I0328 09:46:22.217738 10204 cuckoo_watch.h:44] 79ms in ProcessBatch(school_batches\aaaaaa.batch) [including 4ms in LoadMessage; 2ms in InitializeSparseNdw; 21ms in InferThetaAndUpdateNwtSparse; 21ms in CalculateScore(PerplexityScore); 5ms in CalculateScore(SparsityThetaScore); 21ms in CalculateScore(^^^ItemsProcessedScore^^^); ]
I0328 09:46:22.219739  1124 processor.cc:830] Processor: complete processing batch 2868a5be-e8f1-47db-a8d0-c9a19db3db70 into model nwt
I0328 09:46:22.221740  1124 cuckoo_watch.h:44] 82ms in ProcessBatch(school_batches\aaaaac.batch) [including 5ms in LoadMessage; 3ms in InitializeSparseNdw; 23ms in InferThetaAndUpdateNwtSparse; 21ms in CalculateScore(PerplexityScore); 5ms in CalculateScore(SparsityThetaScore); 20ms in CalculateScore(^^^ItemsProcessedScore^^^); ]
I0328 09:46:22.223739  9960 processor.cc:830] Processor: complete processing batch 73c6ae99-9f61-402a-8c01-eee9f827e222 into model nwt
I0328 09:46:22.223739 10204 processor.cc:742] Processor: start processing batch 4424f66d-496b-46d8-98a8-ea4d6fe056c4 into model nwt
I0328 09:46:22.223739  8148 processor.cc:830] Processor: complete processing batch 78b19bca-f842-4091-aab7-a6eee98f34ca into model nwt
I0328 09:46:22.225741  9960 cuckoo_watch.h:44] 86ms in ProcessBatch(school_batches\aaaaad.batch) [including 5ms in LoadMessage; 2ms in InitializeSparseNdw; 23ms in InferThetaAndUpdateNwtSparse; 21ms in CalculateScore(PerplexityScore); 5ms in CalculateScore(SparsityThetaScore); 22ms in CalculateScore(^^^ItemsProcessedScore^^^); ]
I0328 09:46:22.225741  8148 cuckoo_watch.h:44] 87ms in ProcessBatch(school_batches\aaaaab.batch) [including 4ms in LoadMessage; 2ms in InitializeSparseNdw; 21ms in InferThetaAndUpdateNwtSparse; 21ms in CalculateScore(PerplexityScore); 5ms in CalculateScore(SparsityThetaScore); 28ms in CalculateScore(^^^ItemsProcessedScore^^^); ]
I0328 09:46:22.275748 10204 processor.cc:830] Processor: complete processing batch 4424f66d-496b-46d8-98a8-ea4d6fe056c4 into model nwt
I0328 09:46:22.275748 10204 cuckoo_watch.h:44] 57ms in ProcessBatch(school_batches\aaaaae.batch) [including 4ms in LoadMessage; 2ms in InitializeSparseNdw; 19ms in InferThetaAndUpdateNwtSparse; 14ms in CalculateScore(PerplexityScore); 3ms in CalculateScore(SparsityThetaScore); 12ms in CalculateScore(^^^ItemsProcessedScore^^^); ]
I0328 09:46:22.283752  3240 master_component.cc:1200] RegularizeModelArgs: rwt_target_name=rwt, pwt_source_name=pwt, nwt_source_name=nwt
I0328 09:46:22.283752  3240 master_component.cc:785] MasterComponent: start regularizing model pwt
I0328 09:46:22.297797  1124 processor.cc:659] No data in processing queue, waiting...
I0328 09:46:22.301753  9960 processor.cc:659] No data in processing queue, waiting...
I0328 09:46:22.301753  8148 processor.cc:659] No data in processing queue, waiting...
I0328 09:46:22.349763 10204 processor.cc:659] No data in processing queue, waiting...
I0328 09:46:22.357810  3240 master_component.cc:808] MasterComponent: complete regularizing model pwt
I0328 09:46:22.357810  3240 master_component.cc:1211] NormalizeModelArgs: pwt_target_name=pwt, nwt_source_name=nwt, rwt_source_name=rwt
I0328 09:46:22.357810  3240 master_component.cc:812] MasterComponent: start normalizing model nwt
I0328 09:46:22.413774  3240 master_component.cc:834] MasterComponent: complete normalizing model nwt
I0328 09:46:22.463783  3240 master_component.cc:1235] DisposeModel rwt
I0328 09:46:22.469784  3240 master_component.cc:858] FitOffline: ItemsProcessed, num_items=476, num_batches=5, token_weight=160411, token_weight_in_effect=160411
I0328 09:46:22.469784  6804 c_interface.cc:523] Pass GetScoreValueArgs, score_name=^^^ItemsProcessedScore^^^ to MasterComponent::Request
I0328 09:46:22.469784  6804 c_interface.cc:205] ArtmCopyRequestedMessage is copying 54 bytes...
I0328 09:46:22.469784  3240 c_interface.cc:359] Pass FitOfflineMasterModelArgs, batch_filename_size=5, batch_weight_size=5, num_collection_passes=1 to void (__cdecl artm::core::MasterComponent::*)(class artm::FitOfflineMasterModelArgs const & __ptr64) __ptr64
I0328 09:46:22.469784  3240 master_component.cc:1162] ProcessBatchesArgs: nwt_target_name=nwt, batch_filename_size=5, batch_size=0, batch_weight_size=5, pwt_source_name=pwt, num_document_passes=1, regularizer=(name:SparsePhi, tau:-50000), class=(text:1), reuse_theta=yes, opt_for_avx=yes, predict_class_id=
I0328 09:46:22.505790  8148 processor.cc:666] Processing queue has data, processing started
I0328 09:46:22.505790 10204 processor.cc:666] Processing queue has data, processing started
I0328 09:46:22.505790  1124 processor.cc:666] Processing queue has data, processing started
I0328 09:46:22.505790  9960 processor.cc:666] Processing queue has data, processing started
I0328 09:46:22.509791  8148 processor.cc:742] Processor: start processing batch 78b19bca-f842-4091-aab7-a6eee98f34ca into model nwt
I0328 09:46:22.509791 10204 processor.cc:742] Processor: start processing batch 08950470-647c-4955-bf17-32864e35ceeb into model nwt
I0328 09:46:22.509791  1124 processor.cc:742] Processor: start processing batch 2868a5be-e8f1-47db-a8d0-c9a19db3db70 into model nwt
I0328 09:46:22.509791  9960 processor.cc:742] Processor: start processing batch 73c6ae99-9f61-402a-8c01-eee9f827e222 into model nwt
I0328 09:46:22.579803 10204 processor.cc:830] Processor: complete processing batch 08950470-647c-4955-bf17-32864e35ceeb into model nwt
I0328 09:46:22.579803  9960 processor.cc:830] Processor: complete processing batch 73c6ae99-9f61-402a-8c01-eee9f827e222 into model nwt
I0328 09:46:22.579803  1124 processor.cc:830] Processor: complete processing batch 2868a5be-e8f1-47db-a8d0-c9a19db3db70 into model nwt
I0328 09:46:22.579803 10204 cuckoo_watch.h:44] 75ms in ProcessBatch(school_batches\aaaaaa.batch) [including 4ms in LoadMessage; 2ms in InitializeSparseNdw; 20ms in InferThetaAndUpdateNwtSparse; 20ms in CalculateScore(PerplexityScore); 5ms in CalculateScore(SparsityThetaScore); 19ms in CalculateScore(^^^ItemsProcessedScore^^^); ]
I0328 09:46:22.579803  8148 processor.cc:830] Processor: complete processing batch 78b19bca-f842-4091-aab7-a6eee98f34ca into model nwt
I0328 09:46:22.581806  9960 cuckoo_watch.h:44] 75ms in ProcessBatch(school_batches\aaaaad.batch) [including 4ms in LoadMessage; 2ms in InitializeSparseNdw; 20ms in InferThetaAndUpdateNwtSparse; 20ms in CalculateScore(PerplexityScore); 5ms in CalculateScore(SparsityThetaScore); 19ms in CalculateScore(^^^ItemsProcessedScore^^^); ]
I0328 09:46:22.581806  1124 cuckoo_watch.h:44] 76ms in ProcessBatch(school_batches\aaaaac.batch) [including 4ms in LoadMessage; 2ms in InitializeSparseNdw; 21ms in InferThetaAndUpdateNwtSparse; 20ms in CalculateScore(PerplexityScore); 5ms in CalculateScore(SparsityThetaScore); 19ms in CalculateScore(^^^ItemsProcessedScore^^^); ]
I0328 09:46:22.581806  8148 cuckoo_watch.h:44] 76ms in ProcessBatch(school_batches\aaaaab.batch) [including 4ms in LoadMessage; 2ms in InitializeSparseNdw; 20ms in InferThetaAndUpdateNwtSparse; 21ms in CalculateScore(PerplexityScore); 5ms in CalculateScore(SparsityThetaScore); 19ms in CalculateScore(^^^ItemsProcessedScore^^^); ]
I0328 09:46:22.585806 10204 processor.cc:742] Processor: start processing batch 4424f66d-496b-46d8-98a8-ea4d6fe056c4 into model nwt
I0328 09:46:22.639814 10204 processor.cc:830] Processor: complete processing batch 4424f66d-496b-46d8-98a8-ea4d6fe056c4 into model nwt
I0328 09:46:22.641814 10204 cuckoo_watch.h:44] 60ms in ProcessBatch(school_batches\aaaaae.batch) [including 3ms in LoadMessage; 2ms in InitializeSparseNdw; 17ms in InferThetaAndUpdateNwtSparse; 20ms in CalculateScore(PerplexityScore); 3ms in CalculateScore(SparsityThetaScore); 11ms in CalculateScore(^^^ItemsProcessedScore^^^); ]
I0328 09:46:22.647816  3240 master_component.cc:1200] RegularizeModelArgs: rwt_target_name=rwt, pwt_source_name=pwt, nwt_source_name=nwt
I0328 09:46:22.647816  3240 master_component.cc:785] MasterComponent: start regularizing model pwt
I0328 09:46:22.657817  9960 processor.cc:659] No data in processing queue, waiting...
I0328 09:46:22.657817  1124 processor.cc:659] No data in processing queue, waiting...
I0328 09:46:22.657817  8148 processor.cc:659] No data in processing queue, waiting...
I0328 09:46:22.709830 10204 processor.cc:659] No data in processing queue, waiting...
I0328 09:46:22.713829  3240 master_component.cc:808] MasterComponent: complete regularizing model pwt
I0328 09:46:22.713829  3240 master_component.cc:1211] NormalizeModelArgs: pwt_target_name=pwt, nwt_source_name=nwt, rwt_source_name=rwt
I0328 09:46:22.713829  3240 master_component.cc:812] MasterComponent: start normalizing model nwt
I0328 09:46:22.753865  3240 master_component.cc:834] MasterComponent: complete normalizing model nwt
I0328 09:46:22.790616  3240 master_component.cc:1235] DisposeModel rwt
I0328 09:46:22.795662  3240 master_component.cc:858] FitOffline: ItemsProcessed, num_items=476, num_batches=5, token_weight=160411, token_weight_in_effect=160411
I0328 09:46:22.795662  6804 c_interface.cc:523] Pass GetScoreValueArgs, score_name=^^^ItemsProcessedScore^^^ to MasterComponent::Request
I0328 09:46:22.795662  6804 c_interface.cc:205] ArtmCopyRequestedMessage is copying 54 bytes...
I0328 09:46:22.796663  3240 c_interface.cc:359] Pass FitOfflineMasterModelArgs, batch_filename_size=5, batch_weight_size=5, num_collection_passes=1 to void (__cdecl artm::core::MasterComponent::*)(class artm::FitOfflineMasterModelArgs const & __ptr64) __ptr64
I0328 09:46:22.796663  3240 master_component.cc:1162] ProcessBatchesArgs: nwt_target_name=nwt, batch_filename_size=5, batch_size=0, batch_weight_size=5, pwt_source_name=pwt, num_document_passes=1, regularizer=(name:SparsePhi, tau:-50000), class=(text:1), reuse_theta=yes, opt_for_avx=yes, predict_class_id=
I0328 09:46:22.829916  9960 processor.cc:666] Processing queue has data, processing started
I0328 09:46:22.829916  8148 processor.cc:666] Processing queue has data, processing started
I0328 09:46:22.829916  1124 processor.cc:666] Processing queue has data, processing started
I0328 09:46:22.829916 10204 processor.cc:666] Processing queue has data, processing started
I0328 09:46:22.833892  1124 processor.cc:742] Processor: start processing batch 73c6ae99-9f61-402a-8c01-eee9f827e222 into model nwt
I0328 09:46:22.833892  9960 processor.cc:742] Processor: start processing batch 08950470-647c-4955-bf17-32864e35ceeb into model nwt
I0328 09:46:22.833892 10204 processor.cc:742] Processor: start processing batch 2868a5be-e8f1-47db-a8d0-c9a19db3db70 into model nwt
I0328 09:46:22.833892  8148 processor.cc:742] Processor: start processing batch 78b19bca-f842-4091-aab7-a6eee98f34ca into model nwt
I0328 09:46:22.903905 10204 processor.cc:830] Processor: complete processing batch 2868a5be-e8f1-47db-a8d0-c9a19db3db70 into model nwt
I0328 09:46:22.905906  1124 processor.cc:830] Processor: complete processing batch 73c6ae99-9f61-402a-8c01-eee9f827e222 into model nwt
I0328 09:46:22.905906 10204 cuckoo_watch.h:44] 76ms in ProcessBatch(school_batches\aaaaac.batch) [including 4ms in LoadMessage; 2ms in InitializeSparseNdw; 20ms in InferThetaAndUpdateNwtSparse; 20ms in CalculateScore(PerplexityScore); 5ms in CalculateScore(SparsityThetaScore); 19ms in CalculateScore(^^^ItemsProcessedScore^^^); ]
I0328 09:46:22.905906  9960 processor.cc:830] Processor: complete processing batch 08950470-647c-4955-bf17-32864e35ceeb into model nwt
I0328 09:46:22.905906  1124 cuckoo_watch.h:44] 77ms in ProcessBatch(school_batches\aaaaad.batch) [including 4ms in LoadMessage; 2ms in InitializeSparseNdw; 21ms in InferThetaAndUpdateNwtSparse; 19ms in CalculateScore(PerplexityScore); 6ms in CalculateScore(SparsityThetaScore); 20ms in CalculateScore(^^^ItemsProcessedScore^^^); ]
I0328 09:46:22.907907  8148 processor.cc:830] Processor: complete processing batch 78b19bca-f842-4091-aab7-a6eee98f34ca into model nwt
I0328 09:46:22.907907  9960 cuckoo_watch.h:44] 78ms in ProcessBatch(school_batches\aaaaaa.batch) [including 4ms in LoadMessage; 2ms in InitializeSparseNdw; 20ms in InferThetaAndUpdateNwtSparse; 19ms in CalculateScore(PerplexityScore); 5ms in CalculateScore(SparsityThetaScore); 22ms in CalculateScore(^^^ItemsProcessedScore^^^); ]
I0328 09:46:22.907907  8148 cuckoo_watch.h:44] 79ms in ProcessBatch(school_batches\aaaaab.batch) [including 4ms in LoadMessage; 3ms in InitializeSparseNdw; 19ms in InferThetaAndUpdateNwtSparse; 21ms in CalculateScore(PerplexityScore); 6ms in CalculateScore(SparsityThetaScore); 21ms in CalculateScore(^^^ItemsProcessedScore^^^); ]
I0328 09:46:22.909906 10204 processor.cc:742] Processor: start processing batch 4424f66d-496b-46d8-98a8-ea4d6fe056c4 into model nwt
I0328 09:46:22.955520 10204 processor.cc:830] Processor: complete processing batch 4424f66d-496b-46d8-98a8-ea4d6fe056c4 into model nwt
I0328 09:46:22.956522 10204 cuckoo_watch.h:44] 50ms in ProcessBatch(school_batches\aaaaae.batch) [including 3ms in LoadMessage; 1ms in InitializeSparseNdw; 14ms in InferThetaAndUpdateNwtSparse; 12ms in CalculateScore(PerplexityScore); 3ms in CalculateScore(SparsityThetaScore); 12ms in CalculateScore(^^^ItemsProcessedScore^^^); ]
I0328 09:46:22.957523  3240 master_component.cc:1200] RegularizeModelArgs: rwt_target_name=rwt, pwt_source_name=pwt, nwt_source_name=nwt
I0328 09:46:22.957523  3240 master_component.cc:785] MasterComponent: start regularizing model pwt
I0328 09:46:22.967527  1124 processor.cc:659] No data in processing queue, waiting...
I0328 09:46:22.968528  8148 processor.cc:659] No data in processing queue, waiting...
I0328 09:46:22.968528  9960 processor.cc:659] No data in processing queue, waiting...
I0328 09:46:22.997550 10204 processor.cc:659] No data in processing queue, waiting...
I0328 09:46:23.049582  3240 master_component.cc:808] MasterComponent: complete regularizing model pwt
I0328 09:46:23.049582  3240 master_component.cc:1211] NormalizeModelArgs: pwt_target_name=pwt, nwt_source_name=nwt, rwt_source_name=rwt
I0328 09:46:23.049582  3240 master_component.cc:812] MasterComponent: start normalizing model nwt
I0328 09:46:23.100615  3240 master_component.cc:834] MasterComponent: complete normalizing model nwt
I0328 09:46:23.145714  3240 master_component.cc:1235] DisposeModel rwt
I0328 09:46:23.149714  3240 master_component.cc:858] FitOffline: ItemsProcessed, num_items=476, num_batches=5, token_weight=160411, token_weight_in_effect=160411
I0328 09:46:23.151715  6804 c_interface.cc:523] Pass GetScoreValueArgs, score_name=^^^ItemsProcessedScore^^^ to MasterComponent::Request
I0328 09:46:23.151715  6804 c_interface.cc:205] ArtmCopyRequestedMessage is copying 54 bytes...
I0328 09:46:23.151715  3240 c_interface.cc:359] Pass FitOfflineMasterModelArgs, batch_filename_size=5, batch_weight_size=5, num_collection_passes=1 to void (__cdecl artm::core::MasterComponent::*)(class artm::FitOfflineMasterModelArgs const & __ptr64) __ptr64
I0328 09:46:23.151715  3240 master_component.cc:1162] ProcessBatchesArgs: nwt_target_name=nwt, batch_filename_size=5, batch_size=0, batch_weight_size=5, pwt_source_name=pwt, num_document_passes=1, regularizer=(name:SparsePhi, tau:-50000), class=(text:1), reuse_theta=yes, opt_for_avx=yes, predict_class_id=
I0328 09:46:23.199152  1124 processor.cc:666] Processing queue has data, processing started
I0328 09:46:23.199152 10204 processor.cc:666] Processing queue has data, processing started
I0328 09:46:23.199152  8148 processor.cc:666] Processing queue has data, processing started
I0328 09:46:23.199152  9960 processor.cc:666] Processing queue has data, processing started
I0328 09:46:23.204156  1124 processor.cc:742] Processor: start processing batch 08950470-647c-4955-bf17-32864e35ceeb into model nwt
I0328 09:46:23.204156  8148 processor.cc:742] Processor: start processing batch 2868a5be-e8f1-47db-a8d0-c9a19db3db70 into model nwt
I0328 09:46:23.206158  9960 processor.cc:742] Processor: start processing batch 73c6ae99-9f61-402a-8c01-eee9f827e222 into model nwt
I0328 09:46:23.282094  1124 processor.cc:830] Processor: complete processing batch 08950470-647c-4955-bf17-32864e35ceeb into model nwt
I0328 09:46:23.284096  1124 cuckoo_watch.h:44] 84ms in ProcessBatch(school_batches\aaaaaa.batch) [including 4ms in LoadMessage; 2ms in InitializeSparseNdw; 23ms in InferThetaAndUpdateNwtSparse; 23ms in CalculateScore(PerplexityScore); 5ms in CalculateScore(SparsityThetaScore); 22ms in CalculateScore(^^^ItemsProcessedScore^^^); ]
I0328 09:46:23.284096  8148 processor.cc:830] Processor: complete processing batch 2868a5be-e8f1-47db-a8d0-c9a19db3db70 into model nwt
I0328 09:46:23.284096 10204 processor.cc:742] Processor: start processing batch 78b19bca-f842-4091-aab7-a6eee98f34ca into model nwt
I0328 09:46:23.285097  8148 cuckoo_watch.h:44] 86ms in ProcessBatch(school_batches\aaaaac.batch) [including 4ms in LoadMessage; 2ms in InitializeSparseNdw; 23ms in InferThetaAndUpdateNwtSparse; 24ms in CalculateScore(PerplexityScore); 5ms in CalculateScore(SparsityThetaScore); 22ms in CalculateScore(^^^ItemsProcessedScore^^^); ]
I0328 09:46:23.286097  9960 processor.cc:830] Processor: complete processing batch 73c6ae99-9f61-402a-8c01-eee9f827e222 into model nwt
I0328 09:46:23.288097  9960 cuckoo_watch.h:44] 89ms in ProcessBatch(school_batches\aaaaad.batch) [including 5ms in LoadMessage; 2ms in InitializeSparseNdw; 23ms in InferThetaAndUpdateNwtSparse; 25ms in CalculateScore(PerplexityScore); 6ms in CalculateScore(SparsityThetaScore); 22ms in CalculateScore(^^^ItemsProcessedScore^^^); ]
I0328 09:46:23.289099  1124 processor.cc:742] Processor: start processing batch 4424f66d-496b-46d8-98a8-ea4d6fe056c4 into model nwt
I0328 09:46:23.338294  8148 processor.cc:659] No data in processing queue, waiting...
I0328 09:46:23.344293  9960 processor.cc:659] No data in processing queue, waiting...
I0328 09:46:23.350292 10204 processor.cc:830] Processor: complete processing batch 78b19bca-f842-4091-aab7-a6eee98f34ca into model nwt
I0328 09:46:23.352293 10204 cuckoo_watch.h:44] 153ms in ProcessBatch(school_batches\aaaaab.batch) [including 82ms in LoadMessage; 2ms in InitializeSparseNdw; 22ms in InferThetaAndUpdateNwtSparse; 19ms in CalculateScore(PerplexityScore); 3ms in CalculateScore(SparsityThetaScore); 18ms in CalculateScore(^^^ItemsProcessedScore^^^); ]
I0328 09:46:23.352293  1124 processor.cc:830] Processor: complete processing batch 4424f66d-496b-46d8-98a8-ea4d6fe056c4 into model nwt
I0328 09:46:23.354295  1124 cuckoo_watch.h:44] 70ms in ProcessBatch(school_batches\aaaaae.batch) [including 3ms in LoadMessage; 2ms in InitializeSparseNdw; 22ms in InferThetaAndUpdateNwtSparse; 17ms in CalculateScore(PerplexityScore); 4ms in CalculateScore(SparsityThetaScore); 17ms in CalculateScore(^^^ItemsProcessedScore^^^); ]
I0328 09:46:23.356293  3240 master_component.cc:1200] RegularizeModelArgs: rwt_target_name=rwt, pwt_source_name=pwt, nwt_source_name=nwt
I0328 09:46:23.356293  3240 master_component.cc:785] MasterComponent: start regularizing model pwt
I0328 09:46:23.422307  1124 processor.cc:659] No data in processing queue, waiting...
I0328 09:46:23.422307 10204 processor.cc:659] No data in processing queue, waiting...
I0328 09:46:23.450312  3240 master_component.cc:808] MasterComponent: complete regularizing model pwt
I0328 09:46:23.450312  3240 master_component.cc:1211] NormalizeModelArgs: pwt_target_name=pwt, nwt_source_name=nwt, rwt_source_name=rwt
I0328 09:46:23.450312  3240 master_component.cc:812] MasterComponent: start normalizing model nwt
I0328 09:46:23.490319  3240 master_component.cc:834] MasterComponent: complete normalizing model nwt
I0328 09:46:23.528324  3240 master_component.cc:1235] DisposeModel rwt
I0328 09:46:23.532374  3240 master_component.cc:858] FitOffline: ItemsProcessed, num_items=476, num_batches=5, token_weight=160411, token_weight_in_effect=160411
I0328 09:46:23.532374  6804 c_interface.cc:523] Pass GetScoreValueArgs, score_name=^^^ItemsProcessedScore^^^ to MasterComponent::Request
I0328 09:46:23.532374  6804 c_interface.cc:205] ArtmCopyRequestedMessage is copying 54 bytes...
I0328 09:46:23.532374  3240 c_interface.cc:359] Pass FitOfflineMasterModelArgs, batch_filename_size=5, batch_weight_size=5, num_collection_passes=1 to void (__cdecl artm::core::MasterComponent::*)(class artm::FitOfflineMasterModelArgs const & __ptr64) __ptr64
I0328 09:46:23.532374  3240 master_component.cc:1162] ProcessBatchesArgs: nwt_target_name=nwt, batch_filename_size=5, batch_size=0, batch_weight_size=5, pwt_source_name=pwt, num_document_passes=1, regularizer=(name:SparsePhi, tau:-50000), class=(text:1), reuse_theta=yes, opt_for_avx=yes, predict_class_id=
I0328 09:46:23.570358  9960 processor.cc:666] Processing queue has data, processing started
I0328 09:46:23.570358  8148 processor.cc:666] Processing queue has data, processing started
I0328 09:46:23.570358  1124 processor.cc:666] Processing queue has data, processing started
I0328 09:46:23.570358 10204 processor.cc:666] Processing queue has data, processing started
I0328 09:46:23.574334  8148 processor.cc:742] Processor: start processing batch 78b19bca-f842-4091-aab7-a6eee98f34ca into model nwt
I0328 09:46:23.574334  1124 processor.cc:742] Processor: start processing batch 2868a5be-e8f1-47db-a8d0-c9a19db3db70 into model nwt
I0328 09:46:23.574334  9960 processor.cc:742] Processor: start processing batch 08950470-647c-4955-bf17-32864e35ceeb into model nwt
I0328 09:46:23.574334 10204 processor.cc:742] Processor: start processing batch 73c6ae99-9f61-402a-8c01-eee9f827e222 into model nwt
I0328 09:46:23.646347 10204 processor.cc:830] Processor: complete processing batch 73c6ae99-9f61-402a-8c01-eee9f827e222 into model nwt
I0328 09:46:23.646347  1124 processor.cc:830] Processor: complete processing batch 2868a5be-e8f1-47db-a8d0-c9a19db3db70 into model nwt
I0328 09:46:23.646347  9960 processor.cc:830] Processor: complete processing batch 08950470-647c-4955-bf17-32864e35ceeb into model nwt
I0328 09:46:23.646347  8148 processor.cc:830] Processor: complete processing batch 78b19bca-f842-4091-aab7-a6eee98f34ca into model nwt
I0328 09:46:23.646347 10204 cuckoo_watch.h:44] 77ms in ProcessBatch(school_batches\aaaaad.batch) [including 4ms in LoadMessage; 2ms in InitializeSparseNdw; 21ms in InferThetaAndUpdateNwtSparse; 20ms in CalculateScore(PerplexityScore); 5ms in CalculateScore(SparsityThetaScore); 19ms in CalculateScore(^^^ItemsProcessedScore^^^); ]
I0328 09:46:23.648350  1124 cuckoo_watch.h:44] 79ms in ProcessBatch(school_batches\aaaaac.batch) [including 4ms in LoadMessage; 2ms in InitializeSparseNdw; 21ms in InferThetaAndUpdateNwtSparse; 20ms in CalculateScore(PerplexityScore); 5ms in CalculateScore(SparsityThetaScore); 20ms in CalculateScore(^^^ItemsProcessedScore^^^); ]
I0328 09:46:23.648350  8148 cuckoo_watch.h:44] 79ms in ProcessBatch(school_batches\aaaaab.batch) [including 4ms in LoadMessage; 3ms in InitializeSparseNdw; 21ms in InferThetaAndUpdateNwtSparse; 21ms in CalculateScore(PerplexityScore); 5ms in CalculateScore(SparsityThetaScore); 20ms in CalculateScore(^^^ItemsProcessedScore^^^); ]
I0328 09:46:23.648350  9960 cuckoo_watch.h:44] 79ms in ProcessBatch(school_batches\aaaaaa.batch) [including 4ms in LoadMessage; 2ms in InitializeSparseNdw; 21ms in InferThetaAndUpdateNwtSparse; 20ms in CalculateScore(PerplexityScore); 6ms in CalculateScore(SparsityThetaScore); 20ms in CalculateScore(^^^ItemsProcessedScore^^^); ]
I0328 09:46:23.652926 10204 processor.cc:742] Processor: start processing batch 4424f66d-496b-46d8-98a8-ea4d6fe056c4 into model nwt
I0328 09:46:23.682945  1124 processor.cc:659] No data in processing queue, waiting...
I0328 09:46:23.682945  8148 processor.cc:659] No data in processing queue, waiting...
I0328 09:46:23.682945  9960 processor.cc:659] No data in processing queue, waiting...
I0328 09:46:23.700011 10204 processor.cc:830] Processor: complete processing batch 4424f66d-496b-46d8-98a8-ea4d6fe056c4 into model nwt
I0328 09:46:23.700011 10204 cuckoo_watch.h:44] 53ms in ProcessBatch(school_batches\aaaaae.batch) [including 4ms in LoadMessage; 1ms in InitializeSparseNdw; 17ms in InferThetaAndUpdateNwtSparse; 13ms in CalculateScore(PerplexityScore); 3ms in CalculateScore(SparsityThetaScore); 11ms in CalculateScore(^^^ItemsProcessedScore^^^); ]
I0328 09:46:23.702015  3240 master_component.cc:1200] RegularizeModelArgs: rwt_target_name=rwt, pwt_source_name=pwt, nwt_source_name=nwt
I0328 09:46:23.702015  3240 master_component.cc:785] MasterComponent: start regularizing model pwt
I0328 09:46:23.755125 10204 processor.cc:659] No data in processing queue, waiting...
I0328 09:46:23.769351  3240 master_component.cc:808] MasterComponent: complete regularizing model pwt
I0328 09:46:23.769351  3240 master_component.cc:1211] NormalizeModelArgs: pwt_target_name=pwt, nwt_source_name=nwt, rwt_source_name=rwt
I0328 09:46:23.769351  3240 master_component.cc:812] MasterComponent: start normalizing model nwt
I0328 09:46:23.813061  3240 master_component.cc:834] MasterComponent: complete normalizing model nwt
I0328 09:46:23.852133  3240 master_component.cc:1235] DisposeModel rwt
I0328 09:46:23.856089  3240 master_component.cc:858] FitOffline: ItemsProcessed, num_items=476, num_batches=5, token_weight=160411, token_weight_in_effect=160411
I0328 09:46:23.857090  6804 c_interface.cc:523] Pass GetScoreValueArgs, score_name=^^^ItemsProcessedScore^^^ to MasterComponent::Request
I0328 09:46:23.857090  6804 c_interface.cc:205] ArtmCopyRequestedMessage is copying 54 bytes...
I0328 09:46:23.858091  3240 c_interface.cc:359] Pass FitOfflineMasterModelArgs, batch_filename_size=5, batch_weight_size=5, num_collection_passes=1 to void (__cdecl artm::core::MasterComponent::*)(class artm::FitOfflineMasterModelArgs const & __ptr64) __ptr64
I0328 09:46:23.858091  3240 master_component.cc:1162] ProcessBatchesArgs: nwt_target_name=nwt, batch_filename_size=5, batch_size=0, batch_weight_size=5, pwt_source_name=pwt, num_document_passes=1, regularizer=(name:SparsePhi, tau:-50000), class=(text:1), reuse_theta=yes, opt_for_avx=yes, predict_class_id=
I0328 09:46:23.890254  9960 processor.cc:666] Processing queue has data, processing started
I0328 09:46:23.890254  8148 processor.cc:666] Processing queue has data, processing started
I0328 09:46:23.890254  1124 processor.cc:666] Processing queue has data, processing started
I0328 09:46:23.890254 10204 processor.cc:666] Processing queue has data, processing started
I0328 09:46:23.895068  9960 processor.cc:742] Processor: start processing batch 08950470-647c-4955-bf17-32864e35ceeb into model nwt
I0328 09:46:23.895068  8148 processor.cc:742] Processor: start processing batch 78b19bca-f842-4091-aab7-a6eee98f34ca into model nwt
I0328 09:46:23.895068  1124 processor.cc:742] Processor: start processing batch 2868a5be-e8f1-47db-a8d0-c9a19db3db70 into model nwt
I0328 09:46:23.901620 10204 processor.cc:742] Processor: start processing batch 73c6ae99-9f61-402a-8c01-eee9f827e222 into model nwt
I0328 09:46:23.973634  1124 processor.cc:830] Processor: complete processing batch 2868a5be-e8f1-47db-a8d0-c9a19db3db70 into model nwt
I0328 09:46:23.975635  1124 cuckoo_watch.h:44] 86ms in ProcessBatch(school_batches\aaaaac.batch) [including 4ms in LoadMessage; 2ms in InitializeSparseNdw; 22ms in InferThetaAndUpdateNwtSparse; 22ms in CalculateScore(PerplexityScore); 5ms in CalculateScore(SparsityThetaScore); 26ms in CalculateScore(^^^ItemsProcessedScore^^^); ]
I0328 09:46:23.981634  1124 processor.cc:742] Processor: start processing batch 4424f66d-496b-46d8-98a8-ea4d6fe056c4 into model nwt
I0328 09:46:23.987635 10204 processor.cc:830] Processor: complete processing batch 73c6ae99-9f61-402a-8c01-eee9f827e222 into model nwt
I0328 09:46:23.989635 10204 cuckoo_watch.h:44] 99ms in ProcessBatch(school_batches\aaaaad.batch) [including 10ms in LoadMessage; 2ms in InitializeSparseNdw; 24ms in InferThetaAndUpdateNwtSparse; 26ms in CalculateScore(PerplexityScore); 5ms in CalculateScore(SparsityThetaScore); 26ms in CalculateScore(^^^ItemsProcessedScore^^^); ]
I0328 09:46:23.991636  9960 processor.cc:830] Processor: complete processing batch 08950470-647c-4955-bf17-32864e35ceeb into model nwt
I0328 09:46:23.993636  9960 cuckoo_watch.h:44] 103ms in ProcessBatch(school_batches\aaaaaa.batch) [including 4ms in LoadMessage; 2ms in InitializeSparseNdw; 23ms in InferThetaAndUpdateNwtSparse; 29ms in CalculateScore(PerplexityScore); 5ms in CalculateScore(SparsityThetaScore); 34ms in CalculateScore(^^^ItemsProcessedScore^^^); ]
I0328 09:46:24.004343  8148 processor.cc:830] Processor: complete processing batch 78b19bca-f842-4091-aab7-a6eee98f34ca into model nwt
I0328 09:46:24.005343  8148 cuckoo_watch.h:44] 115ms in ProcessBatch(school_batches\aaaaab.batch) [including 4ms in LoadMessage; 2ms in InitializeSparseNdw; 38ms in InferThetaAndUpdateNwtSparse; 38ms in CalculateScore(PerplexityScore); 5ms in CalculateScore(SparsityThetaScore); 23ms in CalculateScore(^^^ItemsProcessedScore^^^); ]
I0328 09:46:24.028358 10204 processor.cc:659] No data in processing queue, waiting...
I0328 09:46:24.034361  9960 processor.cc:659] No data in processing queue, waiting...
I0328 09:46:24.045369  8148 processor.cc:659] No data in processing queue, waiting...
I0328 09:46:24.046370  1124 processor.cc:830] Processor: complete processing batch 4424f66d-496b-46d8-98a8-ea4d6fe056c4 into model nwt
I0328 09:46:24.047370  1124 cuckoo_watch.h:44] 70ms in ProcessBatch(school_batches\aaaaae.batch) [including 4ms in LoadMessage; 8ms in InitializeSparseNdw; 19ms in InferThetaAndUpdateNwtSparse; 15ms in CalculateScore(PerplexityScore); 4ms in CalculateScore(SparsityThetaScore); 15ms in CalculateScore(^^^ItemsProcessedScore^^^); ]
I0328 09:46:24.048370  3240 master_component.cc:1200] RegularizeModelArgs: rwt_target_name=rwt, pwt_source_name=pwt, nwt_source_name=nwt
I0328 09:46:24.048370  3240 master_component.cc:785] MasterComponent: start regularizing model pwt
I0328 09:46:24.098404  1124 processor.cc:659] No data in processing queue, waiting...
I0328 09:46:24.128427  3240 master_component.cc:808] MasterComponent: complete regularizing model pwt
I0328 09:46:24.129425  3240 master_component.cc:1211] NormalizeModelArgs: pwt_target_name=pwt, nwt_source_name=nwt, rwt_source_name=rwt
I0328 09:46:24.129425  3240 master_component.cc:812] MasterComponent: start normalizing model nwt
I0328 09:46:24.182459  3240 master_component.cc:834] MasterComponent: complete normalizing model nwt
I0328 09:46:24.230491  3240 master_component.cc:1235] DisposeModel rwt
I0328 09:46:24.236495  3240 master_component.cc:858] FitOffline: ItemsProcessed, num_items=476, num_batches=5, token_weight=160411, token_weight_in_effect=160411
I0328 09:46:24.237496  6804 c_interface.cc:523] Pass GetScoreValueArgs, score_name=^^^ItemsProcessedScore^^^ to MasterComponent::Request
I0328 09:46:24.237496  6804 c_interface.cc:205] ArtmCopyRequestedMessage is copying 54 bytes...
I0328 09:46:24.237496  3240 c_interface.cc:359] Pass FitOfflineMasterModelArgs, batch_filename_size=5, batch_weight_size=5, num_collection_passes=1 to void (__cdecl artm::core::MasterComponent::*)(class artm::FitOfflineMasterModelArgs const & __ptr64) __ptr64
I0328 09:46:24.237496  3240 master_component.cc:1162] ProcessBatchesArgs: nwt_target_name=nwt, batch_filename_size=5, batch_size=0, batch_weight_size=5, pwt_source_name=pwt, num_document_passes=1, regularizer=(name:SparsePhi, tau:-50000), class=(text:1), reuse_theta=yes, opt_for_avx=yes, predict_class_id=
I0328 09:46:24.290531  1124 processor.cc:666] Processing queue has data, processing started
I0328 09:46:24.290531 10204 processor.cc:666] Processing queue has data, processing started
I0328 09:46:24.293534  8148 processor.cc:666] Processing queue has data, processing started
I0328 09:46:24.294533  9960 processor.cc:666] Processing queue has data, processing started
I0328 09:46:24.295536  1124 processor.cc:742] Processor: start processing batch 08950470-647c-4955-bf17-32864e35ceeb into model nwt
I0328 09:46:24.295536 10204 processor.cc:742] Processor: start processing batch 78b19bca-f842-4091-aab7-a6eee98f34ca into model nwt
I0328 09:46:24.298538  8148 processor.cc:742] Processor: start processing batch 2868a5be-e8f1-47db-a8d0-c9a19db3db70 into model nwt
I0328 09:46:24.301539  9960 processor.cc:742] Processor: start processing batch 73c6ae99-9f61-402a-8c01-eee9f827e222 into model nwt
I0328 09:46:24.366581  1124 processor.cc:830] Processor: complete processing batch 08950470-647c-4955-bf17-32864e35ceeb into model nwt
I0328 09:46:24.367583 10204 processor.cc:830] Processor: complete processing batch 78b19bca-f842-4091-aab7-a6eee98f34ca into model nwt
I0328 09:46:24.368583  1124 cuckoo_watch.h:44] 78ms in ProcessBatch(school_batches\aaaaaa.batch) [including 3ms in LoadMessage; 2ms in InitializeSparseNdw; 21ms in InferThetaAndUpdateNwtSparse; 20ms in CalculateScore(PerplexityScore); 5ms in CalculateScore(SparsityThetaScore); 20ms in CalculateScore(^^^ItemsProcessedScore^^^); ]
I0328 09:46:24.368583 10204 cuckoo_watch.h:44] 78ms in ProcessBatch(school_batches\aaaaab.batch) [including 4ms in LoadMessage; 2ms in InitializeSparseNdw; 21ms in InferThetaAndUpdateNwtSparse; 21ms in CalculateScore(PerplexityScore); 5ms in CalculateScore(SparsityThetaScore); 20ms in CalculateScore(^^^ItemsProcessedScore^^^); ]
I0328 09:46:24.370584  8148 processor.cc:830] Processor: complete processing batch 2868a5be-e8f1-47db-a8d0-c9a19db3db70 into model nwt
I0328 09:46:24.372586  8148 cuckoo_watch.h:44] 79ms in ProcessBatch(school_batches\aaaaac.batch) [including 4ms in LoadMessage; 2ms in InitializeSparseNdw; 21ms in InferThetaAndUpdateNwtSparse; 21ms in CalculateScore(PerplexityScore); 5ms in CalculateScore(SparsityThetaScore); 20ms in CalculateScore(^^^ItemsProcessedScore^^^); ]
I0328 09:46:24.373589  1124 processor.cc:742] Processor: start processing batch 4424f66d-496b-46d8-98a8-ea4d6fe056c4 into model nwt
I0328 09:46:24.381592  9960 processor.cc:830] Processor: complete processing batch 73c6ae99-9f61-402a-8c01-eee9f827e222 into model nwt
I0328 09:46:24.382593  9960 cuckoo_watch.h:44] 88ms in ProcessBatch(school_batches\aaaaad.batch) [including 4ms in LoadMessage; 2ms in InitializeSparseNdw; 26ms in InferThetaAndUpdateNwtSparse; 23ms in CalculateScore(PerplexityScore); 5ms in CalculateScore(SparsityThetaScore); 22ms in CalculateScore(^^^ItemsProcessedScore^^^); ]
I0328 09:46:24.416615 10204 processor.cc:659] No data in processing queue, waiting...
I0328 09:46:24.421617  8148 processor.cc:659] No data in processing queue, waiting...
I0328 09:46:24.433627  9960 processor.cc:659] No data in processing queue, waiting...
I0328 09:46:24.434629  1124 processor.cc:830] Processor: complete processing batch 4424f66d-496b-46d8-98a8-ea4d6fe056c4 into model nwt
I0328 09:46:24.434629  1124 cuckoo_watch.h:44] 66ms in ProcessBatch(school_batches\aaaaae.batch) [including 4ms in LoadMessage; 2ms in InitializeSparseNdw; 19ms in InferThetaAndUpdateNwtSparse; 15ms in CalculateScore(PerplexityScore); 3ms in CalculateScore(SparsityThetaScore); 19ms in CalculateScore(^^^ItemsProcessedScore^^^); ]
I0328 09:46:24.436628  3240 master_component.cc:1200] RegularizeModelArgs: rwt_target_name=rwt, pwt_source_name=pwt, nwt_source_name=nwt
I0328 09:46:24.436628  3240 master_component.cc:785] MasterComponent: start regularizing model pwt
I0328 09:46:24.478049  1124 processor.cc:659] No data in processing queue, waiting...
I0328 09:46:24.526057  3240 master_component.cc:808] MasterComponent: complete regularizing model pwt
I0328 09:46:24.526057  3240 master_component.cc:1211] NormalizeModelArgs: pwt_target_name=pwt, nwt_source_name=nwt, rwt_source_name=rwt
I0328 09:46:24.526057  3240 master_component.cc:812] MasterComponent: start normalizing model nwt
I0328 09:46:24.568107  3240 master_component.cc:834] MasterComponent: complete normalizing model nwt
I0328 09:46:24.606077  3240 master_component.cc:1235] DisposeModel rwt
I0328 09:46:24.610071  3240 master_component.cc:858] FitOffline: ItemsProcessed, num_items=476, num_batches=5, token_weight=160411, token_weight_in_effect=160411
I0328 09:46:24.610071  6804 c_interface.cc:523] Pass GetScoreValueArgs, score_name=^^^ItemsProcessedScore^^^ to MasterComponent::Request
I0328 09:46:24.610071  6804 c_interface.cc:205] ArtmCopyRequestedMessage is copying 54 bytes...
I0328 09:46:24.610071  3240 c_interface.cc:359] Pass FitOfflineMasterModelArgs, batch_filename_size=5, batch_weight_size=5, num_collection_passes=1 to void (__cdecl artm::core::MasterComponent::*)(class artm::FitOfflineMasterModelArgs const & __ptr64) __ptr64
I0328 09:46:24.610071  3240 master_component.cc:1162] ProcessBatchesArgs: nwt_target_name=nwt, batch_filename_size=5, batch_size=0, batch_weight_size=5, pwt_source_name=pwt, num_document_passes=1, regularizer=(name:SparsePhi, tau:-50000), class=(text:1), reuse_theta=yes, opt_for_avx=yes, predict_class_id=
I0328 09:46:24.646101 10204 processor.cc:666] Processing queue has data, processing started
I0328 09:46:24.646101  8148 processor.cc:666] Processing queue has data, processing started
I0328 09:46:24.646101  1124 processor.cc:666] Processing queue has data, processing started
I0328 09:46:24.646101  9960 processor.cc:666] Processing queue has data, processing started
I0328 09:46:24.650079  1124 processor.cc:742] Processor: start processing batch 73c6ae99-9f61-402a-8c01-eee9f827e222 into model nwt
I0328 09:46:24.650079  8148 processor.cc:742] Processor: start processing batch 08950470-647c-4955-bf17-32864e35ceeb into model nwt
I0328 09:46:24.650079 10204 processor.cc:742] Processor: start processing batch 78b19bca-f842-4091-aab7-a6eee98f34ca into model nwt
I0328 09:46:24.650079  9960 processor.cc:742] Processor: start processing batch 2868a5be-e8f1-47db-a8d0-c9a19db3db70 into model nwt
I0328 09:46:24.720093  8148 processor.cc:830] Processor: complete processing batch 08950470-647c-4955-bf17-32864e35ceeb into model nwt
I0328 09:46:24.720093 10204 processor.cc:830] Processor: complete processing batch 78b19bca-f842-4091-aab7-a6eee98f34ca into model nwt
I0328 09:46:24.722095  1124 processor.cc:830] Processor: complete processing batch 73c6ae99-9f61-402a-8c01-eee9f827e222 into model nwt
I0328 09:46:24.722095  9960 processor.cc:830] Processor: complete processing batch 2868a5be-e8f1-47db-a8d0-c9a19db3db70 into model nwt
I0328 09:46:24.722095  8148 cuckoo_watch.h:44] 77ms in ProcessBatch(school_batches\aaaaaa.batch) [including 4ms in LoadMessage; 2ms in InitializeSparseNdw; 20ms in InferThetaAndUpdateNwtSparse; 20ms in CalculateScore(PerplexityScore); 5ms in CalculateScore(SparsityThetaScore); 20ms in CalculateScore(^^^ItemsProcessedScore^^^); ]
I0328 09:46:24.722095 10204 cuckoo_watch.h:44] 77ms in ProcessBatch(school_batches\aaaaab.batch) [including 4ms in LoadMessage; 2ms in InitializeSparseNdw; 20ms in InferThetaAndUpdateNwtSparse; 20ms in CalculateScore(PerplexityScore); 5ms in CalculateScore(SparsityThetaScore); 20ms in CalculateScore(^^^ItemsProcessedScore^^^); ]
I0328 09:46:24.724094  1124 cuckoo_watch.h:44] 78ms in ProcessBatch(school_batches\aaaaad.batch) [including 4ms in LoadMessage; 2ms in InitializeSparseNdw; 20ms in InferThetaAndUpdateNwtSparse; 20ms in CalculateScore(PerplexityScore); 5ms in CalculateScore(SparsityThetaScore); 20ms in CalculateScore(^^^ItemsProcessedScore^^^); ]
I0328 09:46:24.724094  9960 cuckoo_watch.h:44] 78ms in ProcessBatch(school_batches\aaaaac.batch) [including 4ms in LoadMessage; 2ms in InitializeSparseNdw; 20ms in InferThetaAndUpdateNwtSparse; 20ms in CalculateScore(PerplexityScore); 6ms in CalculateScore(SparsityThetaScore); 20ms in CalculateScore(^^^ItemsProcessedScore^^^); ]
I0328 09:46:24.726094 10204 processor.cc:742] Processor: start processing batch 4424f66d-496b-46d8-98a8-ea4d6fe056c4 into model nwt
I0328 09:46:24.772101 10204 processor.cc:830] Processor: complete processing batch 4424f66d-496b-46d8-98a8-ea4d6fe056c4 into model nwt
I0328 09:46:24.772101 10204 cuckoo_watch.h:44] 49ms in ProcessBatch(school_batches\aaaaae.batch) [including 2ms in LoadMessage; 1ms in InitializeSparseNdw; 15ms in InferThetaAndUpdateNwtSparse; 12ms in CalculateScore(PerplexityScore); 3ms in CalculateScore(SparsityThetaScore); 11ms in CalculateScore(^^^ItemsProcessedScore^^^); ]
I0328 09:46:24.774103  3240 master_component.cc:1200] RegularizeModelArgs: rwt_target_name=rwt, pwt_source_name=pwt, nwt_source_name=nwt
I0328 09:46:24.774103  3240 master_component.cc:785] MasterComponent: start regularizing model pwt
I0328 09:46:24.798106  8148 processor.cc:659] No data in processing queue, waiting...
I0328 09:46:24.802108  9960 processor.cc:659] No data in processing queue, waiting...
I0328 09:46:24.802108  1124 processor.cc:659] No data in processing queue, waiting...
I0328 09:46:24.840160  3240 master_component.cc:808] MasterComponent: complete regularizing model pwt
I0328 09:46:24.840160  3240 master_component.cc:1211] NormalizeModelArgs: pwt_target_name=pwt, nwt_source_name=nwt, rwt_source_name=rwt
I0328 09:46:24.840160  3240 master_component.cc:812] MasterComponent: start normalizing model nwt
I0328 09:46:24.844157 10204 processor.cc:659] No data in processing queue, waiting...
I0328 09:46:24.885576  3240 master_component.cc:834] MasterComponent: complete normalizing model nwt
I0328 09:46:24.920728  3240 master_component.cc:1235] DisposeModel rwt
I0328 09:46:24.924728  3240 master_component.cc:858] FitOffline: ItemsProcessed, num_items=476, num_batches=5, token_weight=160411, token_weight_in_effect=160411
I0328 09:46:24.926684  6804 c_interface.cc:523] Pass GetScoreValueArgs, score_name=^^^ItemsProcessedScore^^^ to MasterComponent::Request
I0328 09:46:24.926684  6804 c_interface.cc:205] ArtmCopyRequestedMessage is copying 54 bytes...
I0328 09:46:24.926684  3240 c_interface.cc:359] Pass FitOfflineMasterModelArgs, batch_filename_size=5, batch_weight_size=5, num_collection_passes=1 to void (__cdecl artm::core::MasterComponent::*)(class artm::FitOfflineMasterModelArgs const & __ptr64) __ptr64
I0328 09:46:24.926684  3240 master_component.cc:1162] ProcessBatchesArgs: nwt_target_name=nwt, batch_filename_size=5, batch_size=0, batch_weight_size=5, pwt_source_name=pwt, num_document_passes=1, regularizer=(name:SparsePhi, tau:-50000), class=(text:1), reuse_theta=yes, opt_for_avx=yes, predict_class_id=
I0328 09:46:24.956735  1124 processor.cc:666] Processing queue has data, processing started
I0328 09:46:24.956735 10204 processor.cc:666] Processing queue has data, processing started
I0328 09:46:24.958885  9960 processor.cc:666] Processing queue has data, processing started
I0328 09:46:24.958885  8148 processor.cc:666] Processing queue has data, processing started
I0328 09:46:24.961889 10204 processor.cc:742] Processor: start processing batch 78b19bca-f842-4091-aab7-a6eee98f34ca into model nwt
I0328 09:46:24.961889  1124 processor.cc:742] Processor: start processing batch 08950470-647c-4955-bf17-32864e35ceeb into model nwt
I0328 09:46:24.963337  9960 processor.cc:742] Processor: start processing batch 2868a5be-e8f1-47db-a8d0-c9a19db3db70 into model nwt
I0328 09:46:24.963337  8148 processor.cc:742] Processor: start processing batch 73c6ae99-9f61-402a-8c01-eee9f827e222 into model nwt
I0328 09:46:25.031348  1124 processor.cc:830] Processor: complete processing batch 08950470-647c-4955-bf17-32864e35ceeb into model nwt
I0328 09:46:25.033349  1124 cuckoo_watch.h:44] 77ms in ProcessBatch(school_batches\aaaaaa.batch) [including 4ms in LoadMessage; 2ms in InitializeSparseNdw; 21ms in InferThetaAndUpdateNwtSparse; 20ms in CalculateScore(PerplexityScore); 5ms in CalculateScore(SparsityThetaScore); 20ms in CalculateScore(^^^ItemsProcessedScore^^^); ]
I0328 09:46:25.033349  9960 processor.cc:830] Processor: complete processing batch 2868a5be-e8f1-47db-a8d0-c9a19db3db70 into model nwt
I0328 09:46:25.035349  9960 cuckoo_watch.h:44] 76ms in ProcessBatch(school_batches\aaaaac.batch) [including 4ms in LoadMessage; 2ms in InitializeSparseNdw; 20ms in InferThetaAndUpdateNwtSparse; 20ms in CalculateScore(PerplexityScore); 5ms in CalculateScore(SparsityThetaScore); 20ms in CalculateScore(^^^ItemsProcessedScore^^^); ]
I0328 09:46:25.037350 10204 processor.cc:830] Processor: complete processing batch 78b19bca-f842-4091-aab7-a6eee98f34ca into model nwt
I0328 09:46:25.037350 10204 cuckoo_watch.h:44] 82ms in ProcessBatch(school_batches\aaaaab.batch) [including 4ms in LoadMessage; 2ms in InitializeSparseNdw; 21ms in InferThetaAndUpdateNwtSparse; 21ms in CalculateScore(PerplexityScore); 5ms in CalculateScore(SparsityThetaScore); 24ms in CalculateScore(^^^ItemsProcessedScore^^^); ]
I0328 09:46:25.040158  8148 processor.cc:830] Processor: complete processing batch 73c6ae99-9f61-402a-8c01-eee9f827e222 into model nwt
I0328 09:46:25.041159  1124 processor.cc:742] Processor: start processing batch 4424f66d-496b-46d8-98a8-ea4d6fe056c4 into model nwt
I0328 09:46:25.041159  8148 cuckoo_watch.h:44] 82ms in ProcessBatch(school_batches\aaaaad.batch) [including 4ms in LoadMessage; 2ms in InitializeSparseNdw; 21ms in InferThetaAndUpdateNwtSparse; 24ms in CalculateScore(PerplexityScore); 5ms in CalculateScore(SparsityThetaScore); 21ms in CalculateScore(^^^ItemsProcessedScore^^^); ]
I0328 09:46:25.067174 10204 processor.cc:659] No data in processing queue, waiting...
I0328 09:46:25.067174  9960 processor.cc:659] No data in processing queue, waiting...
I0328 09:46:25.077180  8148 processor.cc:659] No data in processing queue, waiting...
I0328 09:46:25.101177  1124 processor.cc:830] Processor: complete processing batch 4424f66d-496b-46d8-98a8-ea4d6fe056c4 into model nwt
I0328 09:46:25.101177  1124 cuckoo_watch.h:44] 68ms in ProcessBatch(school_batches\aaaaae.batch) [including 6ms in LoadMessage; 1ms in InitializeSparseNdw; 20ms in InferThetaAndUpdateNwtSparse; 19ms in CalculateScore(PerplexityScore); 3ms in CalculateScore(SparsityThetaScore); 14ms in CalculateScore(^^^ItemsProcessedScore^^^); ]
I0328 09:46:25.103178  3240 master_component.cc:1200] RegularizeModelArgs: rwt_target_name=rwt, pwt_source_name=pwt, nwt_source_name=nwt
I0328 09:46:25.103178  3240 master_component.cc:785] MasterComponent: start regularizing model pwt
I0328 09:46:25.149967  1124 processor.cc:659] No data in processing queue, waiting...
I0328 09:46:25.176985  3240 master_component.cc:808] MasterComponent: complete regularizing model pwt
I0328 09:46:25.176985  3240 master_component.cc:1211] NormalizeModelArgs: pwt_target_name=pwt, nwt_source_name=nwt, rwt_source_name=rwt
I0328 09:46:25.176985  3240 master_component.cc:812] MasterComponent: start normalizing model nwt
I0328 09:46:25.219179  3240 master_component.cc:834] MasterComponent: complete normalizing model nwt
I0328 09:46:25.261142  3240 master_component.cc:1235] DisposeModel rwt
I0328 09:46:25.267143  3240 master_component.cc:858] FitOffline: ItemsProcessed, num_items=476, num_batches=5, token_weight=160411, token_weight_in_effect=160411
I0328 09:46:25.267143  6804 c_interface.cc:523] Pass GetScoreValueArgs, score_name=^^^ItemsProcessedScore^^^ to MasterComponent::Request
I0328 09:46:25.267143  6804 c_interface.cc:205] ArtmCopyRequestedMessage is copying 54 bytes...
I0328 09:46:25.269141  3240 c_interface.cc:359] Pass FitOfflineMasterModelArgs, batch_filename_size=5, batch_weight_size=5, num_collection_passes=1 to void (__cdecl artm::core::MasterComponent::*)(class artm::FitOfflineMasterModelArgs const & __ptr64) __ptr64
I0328 09:46:25.269141  3240 master_component.cc:1162] ProcessBatchesArgs: nwt_target_name=nwt, batch_filename_size=5, batch_size=0, batch_weight_size=5, pwt_source_name=pwt, num_document_passes=1, regularizer=(name:SparsePhi, tau:-50000), class=(text:1), reuse_theta=yes, opt_for_avx=yes, predict_class_id=
I0328 09:46:25.303189  8148 processor.cc:666] Processing queue has data, processing started
I0328 09:46:25.305192  9960 processor.cc:666] Processing queue has data, processing started
I0328 09:46:25.305192 10204 processor.cc:666] Processing queue has data, processing started
I0328 09:46:25.305192  1124 processor.cc:666] Processing queue has data, processing started
I0328 09:46:25.307149  8148 processor.cc:742] Processor: start processing batch 08950470-647c-4955-bf17-32864e35ceeb into model nwt
I0328 09:46:25.309150  9960 processor.cc:742] Processor: start processing batch 78b19bca-f842-4091-aab7-a6eee98f34ca into model nwt
I0328 09:46:25.309150 10204 processor.cc:742] Processor: start processing batch 2868a5be-e8f1-47db-a8d0-c9a19db3db70 into model nwt
I0328 09:46:25.309150  1124 processor.cc:742] Processor: start processing batch 73c6ae99-9f61-402a-8c01-eee9f827e222 into model nwt
I0328 09:46:25.379161  9960 processor.cc:830] Processor: complete processing batch 78b19bca-f842-4091-aab7-a6eee98f34ca into model nwt
I0328 09:46:25.379161  8148 processor.cc:830] Processor: complete processing batch 08950470-647c-4955-bf17-32864e35ceeb into model nwt
I0328 09:46:25.379161 10204 processor.cc:830] Processor: complete processing batch 2868a5be-e8f1-47db-a8d0-c9a19db3db70 into model nwt
